Archive member included because of file (symbol)

/opt/Sourcery_G++_Lite/bin/../lib/gcc/arm-none-eabi/4.5.2/../../../../arm-none-eabi/lib/thumb2/libstdc++.a(del_op.o)
                              ./src/CPort.o (_ZdlPv)
/opt/Sourcery_G++_Lite/bin/../lib/gcc/arm-none-eabi/4.5.2/../../../../arm-none-eabi/lib/thumb2/libstdc++.a(new_op.o)
                              ./src/main.o (_Znwj)
/opt/Sourcery_G++_Lite/bin/../lib/gcc/arm-none-eabi/4.5.2/../../../../arm-none-eabi/lib/thumb2/libstdc++.a(eh_personality.o)
                              /opt/Sourcery_G++_Lite/bin/../lib/gcc/arm-none-eabi/4.5.2/../../../../arm-none-eabi/lib/thumb2/libstdc++.a(new_op.o) (__gxx_personality_v0)
/opt/Sourcery_G++_Lite/bin/../lib/gcc/arm-none-eabi/4.5.2/../../../../arm-none-eabi/lib/thumb2/libstdc++.a(eh_throw.o)
                              /opt/Sourcery_G++_Lite/bin/../lib/gcc/arm-none-eabi/4.5.2/../../../../arm-none-eabi/lib/thumb2/libstdc++.a(new_op.o) (__cxa_throw)
/opt/Sourcery_G++_Lite/bin/../lib/gcc/arm-none-eabi/4.5.2/../../../../arm-none-eabi/lib/thumb2/libstdc++.a(eh_unex_handler.o)
                              /opt/Sourcery_G++_Lite/bin/../lib/gcc/arm-none-eabi/4.5.2/../../../../arm-none-eabi/lib/thumb2/libstdc++.a(eh_throw.o) (_ZN10__cxxabiv120__unexpected_handlerE)
/opt/Sourcery_G++_Lite/bin/../lib/gcc/arm-none-eabi/4.5.2/../../../../arm-none-eabi/lib/thumb2/libstdc++.a(eh_globals.o)
                              /opt/Sourcery_G++_Lite/bin/../lib/gcc/arm-none-eabi/4.5.2/../../../../arm-none-eabi/lib/thumb2/libstdc++.a(eh_throw.o) (__cxa_get_globals)
/opt/Sourcery_G++_Lite/bin/../lib/gcc/arm-none-eabi/4.5.2/../../../../arm-none-eabi/lib/thumb2/libstdc++.a(eh_catch.o)
                              /opt/Sourcery_G++_Lite/bin/../lib/gcc/arm-none-eabi/4.5.2/../../../../arm-none-eabi/lib/thumb2/libstdc++.a(eh_personality.o) (__cxa_begin_catch)
/opt/Sourcery_G++_Lite/bin/../lib/gcc/arm-none-eabi/4.5.2/../../../../arm-none-eabi/lib/thumb2/libstdc++.a(eh_arm.o)
                              /opt/Sourcery_G++_Lite/bin/../lib/gcc/arm-none-eabi/4.5.2/../../../../arm-none-eabi/lib/thumb2/libstdc++.a(new_op.o) (__cxa_end_cleanup)
/opt/Sourcery_G++_Lite/bin/../lib/gcc/arm-none-eabi/4.5.2/../../../../arm-none-eabi/lib/thumb2/libstdc++.a(eh_terminate.o)
                              /opt/Sourcery_G++_Lite/bin/../lib/gcc/arm-none-eabi/4.5.2/../../../../arm-none-eabi/lib/thumb2/libstdc++.a(eh_throw.o) (_ZN10__cxxabiv111__terminateEPFvvE)
/opt/Sourcery_G++_Lite/bin/../lib/gcc/arm-none-eabi/4.5.2/../../../../arm-none-eabi/lib/thumb2/libstdc++.a(eh_alloc.o)
                              /opt/Sourcery_G++_Lite/bin/../lib/gcc/arm-none-eabi/4.5.2/../../../../arm-none-eabi/lib/thumb2/libstdc++.a(new_op.o) (__cxa_allocate_exception)
/opt/Sourcery_G++_Lite/bin/../lib/gcc/arm-none-eabi/4.5.2/../../../../arm-none-eabi/lib/thumb2/libstdc++.a(eh_call.o)
                              /opt/Sourcery_G++_Lite/bin/../lib/gcc/arm-none-eabi/4.5.2/../../../../arm-none-eabi/lib/thumb2/libstdc++.a(eh_personality.o) (__cxa_call_terminate)
/opt/Sourcery_G++_Lite/bin/../lib/gcc/arm-none-eabi/4.5.2/../../../../arm-none-eabi/lib/thumb2/libstdc++.a(new_handler.o)
                              /opt/Sourcery_G++_Lite/bin/../lib/gcc/arm-none-eabi/4.5.2/../../../../arm-none-eabi/lib/thumb2/libstdc++.a(new_op.o) (_ZNSt9bad_allocD1Ev)
/opt/Sourcery_G++_Lite/bin/../lib/gcc/arm-none-eabi/4.5.2/../../../../arm-none-eabi/lib/thumb2/libstdc++.a(eh_term_handler.o)
                              /opt/Sourcery_G++_Lite/bin/../lib/gcc/arm-none-eabi/4.5.2/../../../../arm-none-eabi/lib/thumb2/libstdc++.a(eh_throw.o) (_ZN10__cxxabiv119__terminate_handlerE)
/opt/Sourcery_G++_Lite/bin/../lib/gcc/arm-none-eabi/4.5.2/../../../../arm-none-eabi/lib/thumb2/libstdc++.a(vterminate.o)
                              /opt/Sourcery_G++_Lite/bin/../lib/gcc/arm-none-eabi/4.5.2/../../../../arm-none-eabi/lib/thumb2/libstdc++.a(eh_term_handler.o) (_ZN9__gnu_cxx27__verbose_terminate_handlerEv)
/opt/Sourcery_G++_Lite/bin/../lib/gcc/arm-none-eabi/4.5.2/../../../../arm-none-eabi/lib/thumb2/libstdc++.a(eh_exception.o)
                              /opt/Sourcery_G++_Lite/bin/../lib/gcc/arm-none-eabi/4.5.2/../../../../arm-none-eabi/lib/thumb2/libstdc++.a(new_handler.o) (_ZNSt9exceptionD2Ev)
/opt/Sourcery_G++_Lite/bin/../lib/gcc/arm-none-eabi/4.5.2/../../../../arm-none-eabi/lib/thumb2/libstdc++.a(eh_type.o)
                              /opt/Sourcery_G++_Lite/bin/../lib/gcc/arm-none-eabi/4.5.2/../../../../arm-none-eabi/lib/thumb2/libstdc++.a(vterminate.o) (__cxa_current_exception_type)
/opt/Sourcery_G++_Lite/bin/../lib/gcc/arm-none-eabi/4.5.2/../../../../arm-none-eabi/lib/thumb2/libstdc++.a(si_class_type_info.o)
                              /opt/Sourcery_G++_Lite/bin/../lib/gcc/arm-none-eabi/4.5.2/../../../../arm-none-eabi/lib/thumb2/libstdc++.a(new_handler.o) (_ZTVN10__cxxabiv120__si_class_type_infoE)
[...]
Memory Configuration

Name             Origin             Length             Attributes
rom              0x08000000         0x00020000         xr
ram              0x20000000         0x00005000         xrw
*default*        0x00000000         0xffffffff

Linker script and memory map

LOAD /opt/Sourcery_G++_Lite/bin/../lib/gcc/arm-none-eabi/4.5.2/thumb2/crti.o
LOAD /opt/Sourcery_G++_Lite/bin/../lib/gcc/arm-none-eabi/4.5.2/thumb2/crtbegin.o
LOAD ./src/CBoard.o
LOAD ./src/CPort.o
LOAD ./src/main.o
LOAD ./src/startup.o
LOAD ./src/stm32f10x_it.o
LOAD ./src/syscalls.o
LOAD ./Libraries/STM32F10x_StdPeriph_Driver/src/misc.o
LOAD ./Libraries/STM32F10x_StdPeriph_Driver/src/stm32f10x_adc.o
LOAD ./Libraries/STM32F10x_StdPeriph_Driver/src/stm32f10x_bkp.o
LOAD ./Libraries/STM32F10x_StdPeriph_Driver/src/stm32f10x_can.o
LOAD ./Libraries/STM32F10x_StdPeriph_Driver/src/stm32f10x_cec.o
LOAD ./Libraries/STM32F10x_StdPeriph_Driver/src/stm32f10x_crc.o
LOAD ./Libraries/STM32F10x_StdPeriph_Driver/src/stm32f10x_dac.o
LOAD ./Libraries/STM32F10x_StdPeriph_Driver/src/stm32f10x_dbgmcu.o
LOAD ./Libraries/STM32F10x_StdPeriph_Driver/src/stm32f10x_dma.o
LOAD ./Libraries/STM32F10x_StdPeriph_Driver/src/stm32f10x_exti.o
LOAD ./Libraries/STM32F10x_StdPeriph_Driver/src/stm32f10x_flash.o
LOAD ./Libraries/STM32F10x_StdPeriph_Driver/src/stm32f10x_fsmc.o
LOAD ./Libraries/STM32F10x_StdPeriph_Driver/src/stm32f10x_gpio.o
LOAD ./Libraries/STM32F10x_StdPeriph_Driver/src/stm32f10x_i2c.o
LOAD ./Libraries/STM32F10x_StdPeriph_Driver/src/stm32f10x_iwdg.o
LOAD ./Libraries/STM32F10x_StdPeriph_Driver/src/stm32f10x_pwr.o
LOAD ./Libraries/STM32F10x_StdPeriph_Driver/src/stm32f10x_rcc.o
LOAD ./Libraries/STM32F10x_StdPeriph_Driver/src/stm32f10x_rtc.o
LOAD ./Libraries/STM32F10x_StdPeriph_Driver/src/stm32f10x_sdio.o
LOAD ./Libraries/STM32F10x_StdPeriph_Driver/src/stm32f10x_spi.o
LOAD ./Libraries/STM32F10x_StdPeriph_Driver/src/stm32f10x_tim.o
LOAD ./Libraries/STM32F10x_StdPeriph_Driver/src/stm32f10x_usart.o
LOAD ./Libraries/STM32F10x_StdPeriph_Driver/src/stm32f10x_wwdg.o
LOAD ./Libraries/CMSIS/CM3/DeviceSupport/ST/STM32F10x/system_stm32f10x.o
LOAD ./Libraries/CMSIS/CM3/CoreSupport/core_cm3.o
LOAD /opt/Sourcery_G++_Lite/bin/../lib/gcc/arm-none-eabi/4.5.2/../../../../arm-none-eabi/lib/thumb2/libstdc++.a
LOAD /opt/Sourcery_G++_Lite/bin/../lib/gcc/arm-none-eabi/4.5.2/../../../../arm-none-eabi/lib/thumb2/libm.a
START GROUP
LOAD /opt/Sourcery_G++_Lite/bin/../lib/gcc/arm-none-eabi/4.5.2/thumb2/libgcc.a
LOAD /opt/Sourcery_G++_Lite/bin/../lib/gcc/arm-none-eabi/4.5.2/../../../../arm-none-eabi/lib/thumb2/libc.a
END GROUP
LOAD /opt/Sourcery_G++_Lite/bin/../lib/gcc/arm-none-eabi/4.5.2/thumb2/crtend.o
LOAD /opt/Sourcery_G++_Lite/bin/../lib/gcc/arm-none-eabi/4.5.2/thumb2/crtn.o
                0x00000000                __main_stack_size = 0x0
                0x00000400                __process_stack_size = 0x400
                [0x00000000]                PROVIDE (__main_stack_size, __main_stack_size)
                [0x00000400]                PROVIDE (__process_stack_size, __process_stack_size)
                0x08000000                __rom_start = 0x8000000
                0x00020000                __rom_size = 0x20000
                0x08020000                __rom_end = (__rom_start + __rom_size)
                0x20000000                __ram_start = 0x20000000
                0x00005000                __ram_size = 0x5000
                0x20005000                __ram_end = (__ram_start + __ram_size)
                [0x08000000]                PROVIDE (__rom_start, __rom_start)
                [0x00020000]                PROVIDE (__rom_size, __rom_size)
                [0x08020000]                PROVIDE (__rom_end, __rom_end)
                [0x20000000]                PROVIDE (__ram_start, __ram_start)
                [0x00005000]                PROVIDE (__ram_size, __ram_size)
                [0x20005000]                PROVIDE (__ram_end, __ram_end)

.text           0x08000000    0x13e4c
                0x08000000                . = ALIGN (0x4)
                0x08000000                __text_start = .
                [0x08000000]                PROVIDE (__text_start, __text_start)
                0x08000000                . = ALIGN (0x4)
 *(.vectors)
                0x08000000                . = ALIGN (0x4)
 *(.text .text.* .gnu.linkonce.t.*)
 .text          0x08000000       0x30 /opt/Sourcery_G++_Lite/bin/../lib/gcc/arm-none-eabi/4.5.2/thumb2/crtbegin.o
 .text._ZN20CPeripheralInterfaceIiED2Ev
                0x08000030        0xc ./src/main.o
                0x08000030                _ZN20CPeripheralInterfaceIiED2Ev
                0x08000030                _ZN20CPeripheralInterfaceIiED1Ev
 .text._ZN4CDmaIiED2Ev
                0x0800003c       0x14 ./src/main.o
                0x0800003c                _ZN4CDmaIiED2Ev
                0x0800003c                _ZN4CDmaIiED1Ev
 .text._ZN20CPeripheralInterfaceIfED2Ev
                0x08000050        0xc ./src/main.o
                0x08000050                _ZN20CPeripheralInterfaceIfED1Ev
                0x08000050                _ZN20CPeripheralInterfaceIfED2Ev
 .text._ZN4CDmaIfED2Ev
                0x0800005c       0x14 ./src/main.o
                0x0800005c                _ZN4CDmaIfED2Ev
                0x0800005c                _ZN4CDmaIfED1Ev
 .text._ZN4CDmaIfE4initEP13SPeriphConfig
                0x08000070        0x2 ./src/main.o
                0x08000070                _ZN4CDmaIfE4initEP13SPeriphConfig
 .text._ZN4CDmaIfE16configInterruptsEP16NVIC_InitTypeDef
                0x08000072        0x2 ./src/main.o
                0x08000072                _ZN4CDmaIfE16configInterruptsEP16NVIC_InitTypeDef
 .text._ZN4CDmaIfE4readEv
                0x08000074        0x2 ./src/main.o
                0x08000074                _ZN4CDmaIfE4readEv
 .text._ZN4CDmaIfE5writeEv
                0x08000076        0x2 ./src/main.o
                0x08000076                _ZN4CDmaIfE5writeEv
 .text._ZN20CPeripheralInterfaceIfE4initEP13SPeriphConfig
                0x08000078        0x2 ./src/main.o
                0x08000078                _ZN20CPeripheralInterfaceIfE4initEP13SPeriphConfig
 .text._ZN20CPeripheralInterfaceIfE16configInterruptsEP16NVIC_InitTypeDef
                0x0800007a        0x2 ./src/main.o
                0x0800007a                _ZN20CPeripheralInterfaceIfE16configInterruptsEP16NVIC_InitTypeDef
 .text._ZN20CPeripheralInterfaceIfE4readEv
                0x0800007c        0x2 ./src/main.o
                0x0800007c                _ZN20CPeripheralInterfaceIfE4readEv
 .text._ZN20CPeripheralInterfaceIfE5writeEv
                0x0800007e        0x2 ./src/main.o
                0x0800007e                _ZN20CPeripheralInterfaceIfE5writeEv
 .text._ZN4CDmaIiE4initEP13SPeriphConfig
                0x08000080        0x2 ./src/main.o
                0x08000080                _ZN4CDmaIiE4initEP13SPeriphConfig
 .text._ZN4CDmaIiE16configInterruptsEP16NVIC_InitTypeDef
                0x08000082        0x2 ./src/main.o
                0x08000082                _ZN4CDmaIiE16configInterruptsEP16NVIC_InitTypeDef
 .text._ZN4CDmaIiE4readEv
                0x08000084        0x2 ./src/main.o
                0x08000084                _ZN4CDmaIiE4readEv
 .text._ZN4CDmaIiE5writeEv
                0x08000086        0x2 ./src/main.o
                0x08000086                _ZN4CDmaIiE5writeEv
 .text._ZN20CPeripheralInterfaceIiE4initEP13SPeriphConfig
                0x08000088        0x2 ./src/main.o
                0x08000088                _ZN20CPeripheralInterfaceIiE4initEP13SPeriphConfig
 .text._ZN20CPeripheralInterfaceIiE16configInterruptsEP16NVIC_InitTypeDef
                0x0800008a        0x2 ./src/main.o
                0x0800008a                _ZN20CPeripheralInterfaceIiE16configInterruptsEP16NVIC_InitTypeDef
 .text._ZN20CPeripheralInterfaceIiE4readEv
                0x0800008c        0x2 ./src/main.o
                0x0800008c                _ZN20CPeripheralInterfaceIiE4readEv
 .text._ZN20CPeripheralInterfaceIiE5writeEv
                0x0800008e        0x2 ./src/main.o
                0x0800008e                _ZN20CPeripheralInterfaceIiE5writeEv
 .text._ZN20CPeripheralInterfaceIiED0Ev
                0x08000090       0x12 ./src/main.o
                0x08000090                _ZN20CPeripheralInterfaceIiED0Ev
 .text._ZN4CDmaIfED0Ev
                0x080000a2       0x12 ./src/main.o
                0x080000a2                _ZN4CDmaIfED0Ev
 .text._ZN20CPeripheralInterfaceIfED0Ev
                0x080000b4       0x12 ./src/main.o
                0x080000b4                _ZN20CPeripheralInterfaceIfED0Ev
 .text._ZN4CDmaIiED0Ev
                0x080000c6       0x12 ./src/main.o
                0x080000c6                _ZN4CDmaIiED0Ev
 .text._ZN10shared_ptrI4CDmaIfEEC2EPS1_
                0x080000d8       0x20 ./src/main.o
                0x080000d8                _ZN10shared_ptrI4CDmaIfEEC1EPS1_
                0x080000d8                _ZN10shared_ptrI4CDmaIfEEC2EPS1_
 .text._ZN20CPeripheralInterfaceIiEC2Ev
                0x080000f8        0xc ./src/main.o
                0x080000f8                _ZN20CPeripheralInterfaceIiEC2Ev
                0x080000f8                _ZN20CPeripheralInterfaceIiEC1Ev
 .text._ZN4CDmaIiEC2Ev
                0x08000104       0x14 ./src/main.o
                0x08000104                _ZN4CDmaIiEC1Ev
                0x08000104                _ZN4CDmaIiEC2Ev
 .text._ZN20CPeripheralInterfaceIfEC2Ev
                0x08000118        0xc ./src/main.o
                0x08000118                _ZN20CPeripheralInterfaceIfEC2Ev
                0x08000118                _ZN20CPeripheralInterfaceIfEC1Ev
 .text._ZN4CDmaIfEC2Ev
                0x08000124       0x14 ./src/main.o
                0x08000124                _ZN4CDmaIfEC1Ev
                0x08000124                _ZN4CDmaIfEC2Ev
 .text._ZN10shared_ptrI4CDmaIfEE6unwrapEv
                0x08000138       0x18 ./src/main.o
                0x08000138                _ZN10shared_ptrI4CDmaIfEE6unwrapEv
 .text._ZN10shared_ptrI4CDmaIfEED2Ev
                0x08000150       0x14 ./src/main.o
                0x08000150                _ZN10shared_ptrI4CDmaIfEED2Ev
                0x08000150                _ZN10shared_ptrI4CDmaIfEED1Ev
 .text.main     0x08000164       0x30 ./src/main.o
                0x08000164                main
 .text._ZN10shared_ptrI4CDmaIfEED0Ev
                0x08000194       0x12 ./src/main.o
                0x08000194                _ZN10shared_ptrI4CDmaIfEED0Ev
 *fill*         0x080001a6        0x2 00
 .text          0x080001a8       0x78 ./src/startup.o
                0x080001a8                Reset_Handler
                0x080001f2                __default_low_level_init
                0x080001f2                low_level_init_1
                0x080001f2                low_level_init_0
 .text._close_r
                0x08000220        0x6 ./src/syscalls.o
                0x08000220                _close_r
 .text._exit    0x08000226        0x2 ./src/syscalls.o
                0x08000226                _exit
 .text._fstat_r
                0x08000228        0xa ./src/syscalls.o
                0x08000228                _fstat_r
 .text._getpid_r
                0x08000232        0x4 ./src/syscalls.o
                0x08000232                _getpid_r
 .text._isatty_r
                0x08000236        0x4 ./src/syscalls.o
                0x08000236                _isatty_r
 *fill*         0x0800023a        0x2 00
 .text._kill_r  0x0800023c       0x10 ./src/syscalls.o
                0x0800023c                _kill_r
 .text._lseek_r
                0x0800024c        0x4 ./src/syscalls.o
                0x0800024c                _lseek_r
 .text._read_r  0x08000250        0x4 ./src/syscalls.o
                0x08000250                _read_r
 .text._sbrk_r  0x08000254       0x28 ./src/syscalls.o
                0x08000254                _sbrk_r
 .text._write_r
                0x0800027c        0x4 ./src/syscalls.o
                0x0800027c                _write_r
 .text._ZdlPv   0x08000280        0x8 /opt/Sourcery_G++_Lite/bin/../lib/gcc/arm-none-eabi/4.5.2/../../../../arm-none-eabi/lib/thumb2/libstdc++.a(del_op.o)
                0x08000280                _ZdlPv
 .text._Znwj    0x08000288       0x60 /opt/Sourcery_G++_Lite/bin/../lib/gcc/arm-none-eabi/4.5.2/../../../../arm-none-eabi/lib/thumb2/libstdc++.a(new_op.o)
                0x08000288                _Znwj
 .text._ZL12read_sleb128PKhPl
                0x080002e8       0x3c /opt/Sourcery_G++_Lite/bin/../lib/gcc/arm-none-eabi/4.5.2/../../../../arm-none-eabi/lib/thumb2/libstdc++.a(eh_personality.o)
 .text._ZL28read_encoded_value_with_basehjPKhPj
                0x08000324       0xac /opt/Sourcery_G++_Lite/bin/../lib/gcc/arm-none-eabi/4.5.2/../../../../arm-none-eabi/lib/thumb2/libstdc++.a(eh_personality.o)
 .text._ZL21base_of_encoded_valuehP15_Unwind_Context
                0x080003d0       0x4c /opt/Sourcery_G++_Lite/bin/../lib/gcc/arm-none-eabi/4.5.2/../../../../arm-none-eabi/lib/thumb2/libstdc++.a(eh_personality.o)
 .text._ZL17parse_lsda_headerP15_Unwind_ContextPKhP16lsda_header_info
                0x0800041c       0x8c /opt/Sourcery_G++_Lite/bin/../lib/gcc/arm-none-eabi/4.5.2/../../../../arm-none-eabi/lib/thumb2/libstdc++.a(eh_personality.o)
 .text.__gxx_personality_v0
                0x080004a8      0x3ec /opt/Sourcery_G++_Lite/bin/../lib/gcc/arm-none-eabi/4.5.2/../../../../arm-none-eabi/lib/thumb2/libstdc++.a(eh_personality.o)
                0x080004a8                __gxx_personality_v0
 .text._ZL23__gxx_exception_cleanup19_Unwind_Reason_CodeP21_Unwind_Control_Block
                0x08000894       0x4c /opt/Sourcery_G++_Lite/bin/../lib/gcc/arm-none-eabi/4.5.2/../../../../arm-none-eabi/lib/thumb2/libstdc++.a(eh_throw.o)
 .text.__cxa_throw
                0x080008e0       0x80 /opt/Sourcery_G++_Lite/bin/../lib/gcc/arm-none-eabi/4.5.2/../../../../arm-none-eabi/lib/thumb2/libstdc++.a(eh_throw.o)
                0x080008e0                __cxa_throw
 .text.__cxa_rethrow
                0x08000960       0x78 /opt/Sourcery_G++_Lite/bin/../lib/gcc/arm-none-eabi/4.5.2/../../../../arm-none-eabi/lib/thumb2/libstdc++.a(eh_throw.o)
                0x08000960                __cxa_rethrow
 .text.__cxa_get_globals_fast
                0x080009d8        0xc /opt/Sourcery_G++_Lite/bin/../lib/gcc/arm-none-eabi/4.5.2/../../../../arm-none-eabi/lib/thumb2/libstdc++.a(eh_globals.o)
                0x080009d8                __cxa_get_globals_fast
 .text.__cxa_get_globals
                0x080009e4        0xc /opt/Sourcery_G++_Lite/bin/../lib/gcc/arm-none-eabi/4.5.2/../../../../arm-none-eabi/lib/thumb2/libstdc++.a(eh_globals.o)
                0x080009e4                __cxa_get_globals
 .text.__cxa_begin_catch
                0x080009f0       0x9c /opt/Sourcery_G++_Lite/bin/../lib/gcc/arm-none-eabi/4.5.2/../../../../arm-none-eabi/lib/thumb2/libstdc++.a(eh_catch.o)
                0x080009f0                __cxa_begin_catch
 .text.__cxa_end_catch
                0x08000a8c       0x98 /opt/Sourcery_G++_Lite/bin/../lib/gcc/arm-none-eabi/4.5.2/../../../../arm-none-eabi/lib/thumb2/libstdc++.a(eh_catch.o)
                0x08000a8c                __cxa_end_catch
 .text          0x08000b24        0xc /opt/Sourcery_G++_Lite/bin/../lib/gcc/arm-none-eabi/4.5.2/../../../../arm-none-eabi/lib/thumb2/libstdc++.a(eh_arm.o)
                0x08000b24                __cxa_end_cleanup
 .text.__cxa_type_match
                0x08000b30       0xd0 /opt/Sourcery_G++_Lite/bin/../lib/gcc/arm-none-eabi/4.5.2/../../../../arm-none-eabi/lib/thumb2/libstdc++.a(eh_arm.o)
                0x08000b30                __cxa_type_match
 .text.__cxa_begin_cleanup
                0x08000c00       0x70 /opt/Sourcery_G++_Lite/bin/../lib/gcc/arm-none-eabi/4.5.2/../../../../arm-none-eabi/lib/thumb2/libstdc++.a(eh_arm.o)
                0x08000c00                __cxa_begin_cleanup
 .text.__gnu_end_cleanup
                0x08000c70       0x7c /opt/Sourcery_G++_Lite/bin/../lib/gcc/arm-none-eabi/4.5.2/../../../../arm-none-eabi/lib/thumb2/libstdc++.a(eh_arm.o)
                0x08000c70                __gnu_end_cleanup
 .text._ZN10__cxxabiv111__terminateEPFvvE
                0x08000cec       0x28 /opt/Sourcery_G++_Lite/bin/../lib/gcc/arm-none-eabi/4.5.2/../../../../arm-none-eabi/lib/thumb2/libstdc++.a(eh_terminate.o)
                0x08000cec                _ZN10__cxxabiv111__terminateEPFvvE
 .text._ZSt9terminatev
                0x08000d14       0x10 /opt/Sourcery_G++_Lite/bin/../lib/gcc/arm-none-eabi/4.5.2/../../../../arm-none-eabi/lib/thumb2/libstdc++.a(eh_terminate.o)
                0x08000d14                _ZSt9terminatev
 .text._ZN10__cxxabiv112__unexpectedEPFvvE
                0x08000d24        0x8 /opt/Sourcery_G++_Lite/bin/../lib/gcc/arm-none-eabi/4.5.2/../../../../arm-none-eabi/lib/thumb2/libstdc++.a(eh_terminate.o)
                0x08000d24                _ZN10__cxxabiv112__unexpectedEPFvvE
 .text._ZSt10unexpectedv
                0x08000d2c       0x14 /opt/Sourcery_G++_Lite/bin/../lib/gcc/arm-none-eabi/4.5.2/../../../../arm-none-eabi/lib/thumb2/libstdc++.a(eh_terminate.o)
                0x08000d2c                _ZSt10unexpectedv
 .text.__cxa_allocate_exception
                0x08000d40       0x7c /opt/Sourcery_G++_Lite/bin/../lib/gcc/arm-none-eabi/4.5.2/../../../../arm-none-eabi/lib/thumb2/libstdc++.a(eh_alloc.o)
                0x08000d40                __cxa_allocate_exception
 .text.__cxa_free_exception
                0x08000dbc       0x3c /opt/Sourcery_G++_Lite/bin/../lib/gcc/arm-none-eabi/4.5.2/../../../../arm-none-eabi/lib/thumb2/libstdc++.a(eh_alloc.o)
                0x08000dbc                __cxa_free_exception
 .text._GLOBAL__I___cxa_allocate_exception
                0x08000df8        0x4 /opt/Sourcery_G++_Lite/bin/../lib/gcc/arm-none-eabi/4.5.2/../../../../arm-none-eabi/lib/thumb2/libstdc++.a(eh_alloc.o)
 .text.__cxa_call_terminate
                0x08000dfc       0x50 /opt/Sourcery_G++_Lite/bin/../lib/gcc/arm-none-eabi/4.5.2/../../../../arm-none-eabi/lib/thumb2/libstdc++.a(eh_call.o)
                0x08000dfc                __cxa_call_terminate
 .text.__cxa_call_unexpected
                0x08000e4c      0x130 /opt/Sourcery_G++_Lite/bin/../lib/gcc/arm-none-eabi/4.5.2/../../../../arm-none-eabi/lib/thumb2/libstdc++.a(eh_call.o)
                0x08000e4c                __cxa_call_unexpected
 .text._ZNKSt9bad_alloc4whatEv
                0x08000f7c        0xc /opt/Sourcery_G++_Lite/bin/../lib/gcc/arm-none-eabi/4.5.2/../../../../arm-none-eabi/lib/thumb2/libstdc++.a(new_handler.o)
                0x08000f7c                _ZNKSt9bad_alloc4whatEv
 .text._ZNSt9bad_allocD2Ev
                0x08000f88       0x14 /opt/Sourcery_G++_Lite/bin/../lib/gcc/arm-none-eabi/4.5.2/../../../../arm-none-eabi/lib/thumb2/libstdc++.a(new_handler.o)
                0x08000f88                _ZNSt9bad_allocD2Ev
                0x08000f88                _ZNSt9bad_allocD1Ev
 .text._ZNSt9bad_allocD0Ev
                0x08000f9c       0x1c /opt/Sourcery_G++_Lite/bin/../lib/gcc/arm-none-eabi/4.5.2/../../../../arm-none-eabi/lib/thumb2/libstdc++.a(new_handler.o)
                0x08000f9c                _ZNSt9bad_allocD0Ev
 .text._ZN9__gnu_cxx27__verbose_terminate_handlerEv
                0x08000fb8      0x148 /opt/Sourcery_G++_Lite/bin/../lib/gcc/arm-none-eabi/4.5.2/../../../../arm-none-eabi/lib/thumb2/libstdc++.a(vterminate.o)
                0x08000fb8                _ZN9__gnu_cxx27__verbose_terminate_handlerEv
 .text._ZNSt9exceptionD2Ev
                0x08001100        0xc /opt/Sourcery_G++_Lite/bin/../lib/gcc/arm-none-eabi/4.5.2/../../../../arm-none-eabi/lib/thumb2/libstdc++.a(eh_exception.o)
                0x08001100                _ZNSt9exceptionD2Ev
                0x08001100                _ZNSt9exceptionD1Ev
 .text._ZNSt13bad_exceptionD2Ev
                0x0800110c        0xc /opt/Sourcery_G++_Lite/bin/../lib/gcc/arm-none-eabi/4.5.2/../../../../arm-none-eabi/lib/thumb2/libstdc++.a(eh_exception.o)
                0x0800110c                _ZNSt13bad_exceptionD2Ev
                0x0800110c                _ZNSt13bad_exceptionD1Ev
 .text._ZNKSt9exception4whatEv
                0x08001118        0xc /opt/Sourcery_G++_Lite/bin/../lib/gcc/arm-none-eabi/4.5.2/../../../../arm-none-eabi/lib/thumb2/libstdc++.a(eh_exception.o)
                0x08001118                _ZNKSt9exception4whatEv
 .text._ZNKSt13bad_exception4whatEv
                0x08001124        0xc /opt/Sourcery_G++_Lite/bin/../lib/gcc/arm-none-eabi/4.5.2/../../../../arm-none-eabi/lib/thumb2/libstdc++.a(eh_exception.o)
                0x08001124                _ZNKSt13bad_exception4whatEv
 .text._ZNSt13bad_exceptionD0Ev
                0x08001130       0x14 /opt/Sourcery_G++_Lite/bin/../lib/gcc/arm-none-eabi/4.5.2/../../../../arm-none-eabi/lib/thumb2/libstdc++.a(eh_exception.o)
                0x08001130                _ZNSt13bad_exceptionD0Ev
 .text._ZNSt9exceptionD0Ev
                0x08001144       0x14 /opt/Sourcery_G++_Lite/bin/../lib/gcc/arm-none-eabi/4.5.2/../../../../arm-none-eabi/lib/thumb2/libstdc++.a(eh_exception.o)
                0x08001144                _ZNSt9exceptionD0Ev
 .text.__cxa_current_exception_type
                0x08001158       0x1c /opt/Sourcery_G++_Lite/bin/../lib/gcc/arm-none-eabi/4.5.2/../../../../arm-none-eabi/lib/thumb2/libstdc++.a(eh_type.o)
                0x08001158                __cxa_current_exception_type
 .text._ZNK10__cxxabiv120__si_class_type_info11__do_upcastEPKNS_17__class_type_infoEPKvRNS1_15__upcast_resultE
                0x08001174       0x28 /opt/Sourcery_G++_Lite/bin/../lib/gcc/arm-none-eabi/4.5.2/../../../../arm-none-eabi/lib/thumb2/libstdc++.a(si_class_type_info.o)
                0x08001174                _ZNK10__cxxabiv120__si_class_type_info11__do_upcastEPKNS_17__class_type_infoEPKvRNS1_15__upcast_resultE
 .text._ZNK10__cxxabiv120__si_class_type_info12__do_dyncastEiNS_17__class_type_info10__sub_kindEPKS1_PKvS4_S6_RNS1_16__dyncast_resultE
                0x0800119c       0x90 /opt/Sourcery_G++_Lite/bin/../lib/gcc/arm-none-eabi/4.5.2/../../../../arm-none-eabi/lib/thumb2/libstdc++.a(si_class_type_info.o)
                0x0800119c                _ZNK10__cxxabiv120__si_class_type_info12__do_dyncastEiNS_17__class_type_info10__sub_kindEPKS1_PKvS4_S6_RNS1_16__dyncast_resultE
 .text._ZNK10__cxxabiv120__si_class_type_info20__do_find_public_srcEiPKvPKNS_17__class_type_infoES2_
                0x0800122c       0x38 /opt/Sourcery_G++_Lite/bin/../lib/gcc/arm-none-eabi/4.5.2/../../../../arm-none-eabi/lib/thumb2/libstdc++.a(si_class_type_info.o)
                0x0800122c                _ZNK10__cxxabiv120__si_class_type_info20__do_find_public_srcEiPKvPKNS_17__class_type_infoES2_
 .text._ZN10__cxxabiv120__si_class_type_infoD2Ev
                0x08001264       0x14 /opt/Sourcery_G++_Lite/bin/../lib/gcc/arm-none-eabi/4.5.2/../../../../arm-none-eabi/lib/thumb2/libstdc++.a(si_class_type_info.o)
                0x08001264                _ZN10__cxxabiv120__si_class_type_infoD2Ev
                0x08001264                _ZN10__cxxabiv120__si_class_type_infoD1Ev
 .text._ZN10__cxxabiv120__si_class_type_infoD0Ev
                0x08001278       0x1c /opt/Sourcery_G++_Lite/bin/../lib/gcc/arm-none-eabi/4.5.2/../../../../arm-none-eabi/lib/thumb2/libstdc++.a(si_class_type_info.o)
                0x08001278                _ZN10__cxxabiv120__si_class_type_infoD0Ev
 .text._ZNK10__cxxabiv117__class_type_info11__do_upcastEPKS0_PPv
                0x08001294       0x38 /opt/Sourcery_G++_Lite/bin/../lib/gcc/arm-none-eabi/4.5.2/../../../../arm-none-eabi/lib/thumb2/libstdc++.a(class_type_info.o)
                0x08001294                _ZNK10__cxxabiv117__class_type_info11__do_upcastEPKS0_PPv
 .text._ZNK10__cxxabiv117__class_type_info20__do_find_public_srcEiPKvPKS0_S2_
                0x080012cc        0xc /opt/Sourcery_G++_Lite/bin/../lib/gcc/arm-none-eabi/4.5.2/../../../../arm-none-eabi/lib/thumb2/libstdc++.a(class_type_info.o)
                0x080012cc                _ZNK10__cxxabiv117__class_type_info20__do_find_public_srcEiPKvPKS0_S2_
 .text._ZNK10__cxxabiv117__class_type_info11__do_upcastEPKS0_PKvRNS0_15__upcast_resultE
                0x080012d8       0x1c /opt/Sourcery_G++_Lite/bin/../lib/gcc/arm-none-eabi/4.5.2/../../../../arm-none-eabi/lib/thumb2/libstdc++.a(class_type_info.o)
                0x080012d8                _ZNK10__cxxabiv117__class_type_info11__do_upcastEPKS0_PKvRNS0_15__upcast_resultE
 .text._ZNK10__cxxabiv117__class_type_info12__do_dyncastEiNS0_10__sub_kindEPKS0_PKvS3_S5_RNS0_16__dyncast_resultE
                0x080012f4       0x3c /opt/Sourcery_G++_Lite/bin/../lib/gcc/arm-none-eabi/4.5.2/../../../../arm-none-eabi/lib/thumb2/libstdc++.a(class_type_info.o)
                0x080012f4                _ZNK10__cxxabiv117__class_type_info12__do_dyncastEiNS0_10__sub_kindEPKS0_PKvS3_S5_RNS0_16__dyncast_resultE
 .text._ZNK10__cxxabiv117__class_type_info10__do_catchEPKSt9type_infoPPvj
                0x08001330       0x28 /opt/Sourcery_G++_Lite/bin/../lib/gcc/arm-none-eabi/4.5.2/../../../../arm-none-eabi/lib/thumb2/libstdc++.a(class_type_info.o)
                0x08001330                _ZNK10__cxxabiv117__class_type_info10__do_catchEPKSt9type_infoPPvj
 .text._ZN10__cxxabiv117__class_type_infoD2Ev
                0x08001358       0x14 /opt/Sourcery_G++_Lite/bin/../lib/gcc/arm-none-eabi/4.5.2/../../../../arm-none-eabi/lib/thumb2/libstdc++.a(class_type_info.o)
                0x08001358                _ZN10__cxxabiv117__class_type_infoD1Ev
                0x08001358                _ZN10__cxxabiv117__class_type_infoD2Ev
 .text._ZN10__cxxabiv117__class_type_infoD0Ev
                0x0800136c       0x1c /opt/Sourcery_G++_Lite/bin/../lib/gcc/arm-none-eabi/4.5.2/../../../../arm-none-eabi/lib/thumb2/libstdc++.a(class_type_info.o)
                0x0800136c                _ZN10__cxxabiv117__class_type_infoD0Ev
 .text          0x08001388     0x912c /opt/Sourcery_G++_Lite/bin/../lib/gcc/arm-none-eabi/4.5.2/../../../../arm-none-eabi/lib/thumb2/libstdc++.a(cp-demangle.o)
                0x0800a3ac                __cxa_demangle
                0x0800a488                __gcclibcxx_demangle_callback
 .text._ZNSt9type_infoD2Ev
                0x0800a4b4        0xc /opt/Sourcery_G++_Lite/bin/../lib/gcc/arm-none-eabi/4.5.2/../../../../arm-none-eabi/lib/thumb2/libstdc++.a(tinfo.o)
                0x0800a4b4                _ZNSt9type_infoD1Ev
                0x0800a4b4                _ZNSt9type_infoD2Ev
 .text._ZNKSt9type_info14__is_pointer_pEv
                0x0800a4c0        0x4 /opt/Sourcery_G++_Lite/bin/../lib/gcc/arm-none-eabi/4.5.2/../../../../arm-none-eabi/lib/thumb2/libstdc++.a(tinfo.o)
                0x0800a4c0                _ZNKSt9type_info14__is_pointer_pEv
 .text._ZNKSt9type_info15__is_function_pEv
                0x0800a4c4        0x4 /opt/Sourcery_G++_Lite/bin/../lib/gcc/arm-none-eabi/4.5.2/../../../../arm-none-eabi/lib/thumb2/libstdc++.a(tinfo.o)
                0x0800a4c4                _ZNKSt9type_info15__is_function_pEv
 .text._ZNKSt9type_info11__do_upcastEPKN10__cxxabiv117__class_type_infoEPPv
                0x0800a4c8        0x4 /opt/Sourcery_G++_Lite/bin/../lib/gcc/arm-none-eabi/4.5.2/../../../../arm-none-eabi/lib/thumb2/libstdc++.a(tinfo.o)
                0x0800a4c8                _ZNKSt9type_info11__do_upcastEPKN10__cxxabiv117__class_type_infoEPPv
 .text._ZNSt9type_infoD0Ev
                0x0800a4cc       0x14 /opt/Sourcery_G++_Lite/bin/../lib/gcc/arm-none-eabi/4.5.2/../../../../arm-none-eabi/lib/thumb2/libstdc++.a(tinfo.o)
                0x0800a4cc                _ZNSt9type_infoD0Ev
 .text._ZNKSt9type_infoeqERKS_
                0x0800a4e0       0x3c /opt/Sourcery_G++_Lite/bin/../lib/gcc/arm-none-eabi/4.5.2/../../../../arm-none-eabi/lib/thumb2/libstdc++.a(tinfo.o)
                0x0800a4e0                _ZNKSt9type_infoeqERKS_
 .text._ZNKSt9type_info10__do_catchEPKS_PPvj
                0x0800a51c        0x4 /opt/Sourcery_G++_Lite/bin/../lib/gcc/arm-none-eabi/4.5.2/../../../../arm-none-eabi/lib/thumb2/libstdc++.a(tinfo.o)
                0x0800a51c                _ZNKSt9type_info10__do_catchEPKS_PPvj
 .text          0x0800a520      0xc38 /opt/Sourcery_G++_Lite/bin/../lib/gcc/arm-none-eabi/4.5.2/thumb2/libgcc.a(unwind-arm.o)
                0x0800a7fc                _Unwind_VRS_Get
                0x0800a848                _Unwind_VRS_Set
                0x0800abe4                __aeabi_unwind_cpp_pr2
                0x0800abe8                __aeabi_unwind_cpp_pr1
                0x0800abec                __aeabi_unwind_cpp_pr0
                0x0800abf0                _Unwind_VRS_Pop
                0x0800afd8                _Unwind_GetCFA
                0x0800afdc                __gnu_Unwind_RaiseException
                0x0800b04c                __gnu_Unwind_ForcedUnwind
                0x0800b060                __gnu_Unwind_Resume
                0x0800b09c                __gnu_Unwind_Resume_or_Rethrow
                0x0800b0b4                _Unwind_Complete
                0x0800b0b8                _Unwind_DeleteException
                0x0800b0c8                __gnu_Unwind_Backtrace
 .text          0x0800b158      0x1ac /opt/Sourcery_G++_Lite/bin/../lib/gcc/arm-none-eabi/4.5.2/thumb2/libgcc.a(libunwind.o)
                0x0800b158                __restore_core_regs
                0x0800b158                restore_core_regs
                0x0800b170                __gnu_Unwind_Restore_VFP
                0x0800b178                __gnu_Unwind_Save_VFP
                0x0800b180                __gnu_Unwind_Restore_VFP_D
                0x0800b188                __gnu_Unwind_Save_VFP_D
                0x0800b190                __gnu_Unwind_Restore_VFP_D_16_to_31
                0x0800b198                __gnu_Unwind_Save_VFP_D_16_to_31
                0x0800b1a0                __gnu_Unwind_Restore_WMMXD
                0x0800b1e4                __gnu_Unwind_Save_WMMXD
                0x0800b228                __gnu_Unwind_Restore_WMMXC
                0x0800b23c                __gnu_Unwind_Save_WMMXC
                0x0800b250                ___Unwind_RaiseException
                0x0800b250                _Unwind_RaiseException
                0x0800b274                ___Unwind_Resume
                0x0800b274                _Unwind_Resume
                0x0800b298                _Unwind_Resume_or_Rethrow
                0x0800b298                ___Unwind_Resume_or_Rethrow
                0x0800b2bc                ___Unwind_ForcedUnwind
                0x0800b2bc                _Unwind_ForcedUnwind
                0x0800b2e0                _Unwind_Backtrace
                0x0800b2e0                ___Unwind_Backtrace
 .text          0x0800b304      0x3c0 /opt/Sourcery_G++_Lite/bin/../lib/gcc/arm-none-eabi/4.5.2/thumb2/libgcc.a(pr-support.o)
                0x0800b358                __gnu_unwind_execute
                0x0800b668                __gnu_unwind_frame
                0x0800b694                _Unwind_GetRegionStart
                0x0800b6a0                _Unwind_GetLanguageSpecificData
                0x0800b6b4                _Unwind_GetDataRelBase
                0x0800b6bc                _Unwind_GetTextRelBase
 .text          0x0800b6c4       0x10 /opt/Sourcery_G++_Lite/bin/../lib/gcc/arm-none-eabi/4.5.2/../../../../arm-none-eabi/lib/thumb2/libc.a(lib_a-abort.o)
                0x0800b6c4                abort
 .text          0x0800b6d4       0x30 /opt/Sourcery_G++_Lite/bin/../lib/gcc/arm-none-eabi/4.5.2/../../../../arm-none-eabi/lib/thumb2/libc.a(lib_a-fini.o)
                0x0800b6d4                __libc_fini_array
 .text          0x0800b704       0xac /opt/Sourcery_G++_Lite/bin/../lib/gcc/arm-none-eabi/4.5.2/../../../../arm-none-eabi/lib/thumb2/libc.a(lib_a-fputc.o)
                0x0800b704                _fputc_r
                0x0800b758                fputc
 .text          0x0800b7b0       0x90 /opt/Sourcery_G++_Lite/bin/../lib/gcc/arm-none-eabi/4.5.2/../../../../arm-none-eabi/lib/thumb2/libc.a(lib_a-fputs.o)
                0x0800b7b0                _fputs_r
                0x0800b830                fputs
 .text          0x0800b840      0x338 /opt/Sourcery_G++_Lite/bin/../lib/gcc/arm-none-eabi/4.5.2/../../../../arm-none-eabi/lib/thumb2/libc.a(lib_a-fvwrite.o)
                0x0800b840                __sfvwrite_r
 .text          0x0800bb78       0xc0 /opt/Sourcery_G++_Lite/bin/../lib/gcc/arm-none-eabi/4.5.2/../../../../arm-none-eabi/lib/thumb2/libc.a(lib_a-fwrite.o)
                0x0800bb78                _fwrite_r
                0x0800bc14                fwrite
 .text          0x0800bc38       0x50 /opt/Sourcery_G++_Lite/bin/../lib/gcc/arm-none-eabi/4.5.2/../../../../arm-none-eabi/lib/thumb2/libc.a(lib_a-init.o)
                0x0800bc38                __libc_init_array
 .text          0x0800bc88       0x20 /opt/Sourcery_G++_Lite/bin/../lib/gcc/arm-none-eabi/4.5.2/../../../../arm-none-eabi/lib/thumb2/libc.a(lib_a-malloc.o)
                0x0800bc88                malloc
                0x0800bc98                free
 .text          0x0800bca8      0x57c /opt/Sourcery_G++_Lite/bin/../lib/gcc/arm-none-eabi/4.5.2/../../../../arm-none-eabi/lib/thumb2/libc.a(lib_a-mallocr.o)
                0x0800bca8                _malloc_r
 .text          0x0800c224       0x8c /opt/Sourcery_G++_Lite/bin/../lib/gcc/arm-none-eabi/4.5.2/../../../../arm-none-eabi/lib/thumb2/libc.a(lib_a-memchr.o)
                0x0800c224                memchr
 .text          0x0800c2b0       0x64 /opt/Sourcery_G++_Lite/bin/../lib/gcc/arm-none-eabi/4.5.2/../../../../arm-none-eabi/lib/thumb2/libc.a(lib_a-memcmp.o)
                0x0800c2b0                memcmp
 .text          0x0800c314      0x150 /opt/Sourcery_G++_Lite/bin/../lib/gcc/arm-none-eabi/4.5.2/../../../../arm-none-eabi/lib/thumb2/libc.a(lib_a-memcpy.o)
                0x0800c314                memcpy
 .text          0x0800c464       0xb4 /opt/Sourcery_G++_Lite/bin/../lib/gcc/arm-none-eabi/4.5.2/../../../../arm-none-eabi/lib/thumb2/libc.a(lib_a-memmove.o)
                0x0800c464                memmove
 .text          0x0800c518       0xb4 /opt/Sourcery_G++_Lite/bin/../lib/gcc/arm-none-eabi/4.5.2/../../../../arm-none-eabi/lib/thumb2/libc.a(lib_a-memset.o)
                0x0800c518                memset
 .text          0x0800c5cc        0x8 /opt/Sourcery_G++_Lite/bin/../lib/gcc/arm-none-eabi/4.5.2/../../../../arm-none-eabi/lib/thumb2/libc.a(lib_a-mlock.o)
                0x0800c5cc                __malloc_lock
                0x0800c5d0                __malloc_unlock
 .text          0x0800c5d4      0x138 /opt/Sourcery_G++_Lite/bin/../lib/gcc/arm-none-eabi/4.5.2/../../../../arm-none-eabi/lib/thumb2/libc.a(lib_a-putc.o)
                0x0800c5d4                _putc_r
                0x0800c664                putc
 .text          0x0800c70c       0x14 /opt/Sourcery_G++_Lite/bin/../lib/gcc/arm-none-eabi/4.5.2/../../../../arm-none-eabi/lib/thumb2/libc.a(lib_a-realloc.o)
                0x0800c70c                realloc
 .text          0x0800c720      0x41c /opt/Sourcery_G++_Lite/bin/../lib/gcc/arm-none-eabi/4.5.2/../../../../arm-none-eabi/lib/thumb2/libc.a(lib_a-reallocr.o)
                0x0800c720                _realloc_r
 .text          0x0800cb3c      0x154 /opt/Sourcery_G++_Lite/bin/../lib/gcc/arm-none-eabi/4.5.2/../../../../arm-none-eabi/lib/thumb2/libc.a(lib_a-signal.o)
                0x0800cb3c                _init_signal_r
                0x0800cb6c                _signal_r
                0x0800cba8                _raise_r
                0x0800cc00                __sigtramp_r
                0x0800cc54                raise
                0x0800cc64                signal
                0x0800cc74                _init_signal
                0x0800cc80                __sigtramp
 .text          0x0800cc90       0x94 /opt/Sourcery_G++_Lite/bin/../lib/gcc/arm-none-eabi/4.5.2/../../../../arm-none-eabi/lib/thumb2/libc.a(lib_a-sprintf.o)
                0x0800cc90                _sprintf_r
                0x0800ccd4                sprintf
 .text          0x0800cd24      0x1dc /opt/Sourcery_G++_Lite/bin/../lib/gcc/arm-none-eabi/4.5.2/../../../../arm-none-eabi/lib/thumb2/libc.a(lib_a-strcmp.o)
                0x0800cd24                strcmp
 .text          0x0800cf00       0xbc /opt/Sourcery_G++_Lite/bin/../lib/gcc/arm-none-eabi/4.5.2/../../../../arm-none-eabi/lib/thumb2/libc.a(lib_a-strcpy.o)
                0x0800cf00                strcpy
 .text          0x0800cfbc       0x60 /opt/Sourcery_G++_Lite/bin/../lib/gcc/arm-none-eabi/4.5.2/../../../../arm-none-eabi/lib/thumb2/libc.a(lib_a-strlen.o)
                0x0800cfbc                strlen
 .text          0x0800d01c       0xac /opt/Sourcery_G++_Lite/bin/../lib/gcc/arm-none-eabi/4.5.2/../../../../arm-none-eabi/lib/thumb2/libc.a(lib_a-strncmp.o)
                0x0800d01c                strncmp
 .text          0x0800d0c8     0x1640 /opt/Sourcery_G++_Lite/bin/../lib/gcc/arm-none-eabi/4.5.2/../../../../arm-none-eabi/lib/thumb2/libc.a(lib_a-svfprintf.o)
                0x0800d0c8                _svfprintf_r
 .text          0x0800e708       0xfc /opt/Sourcery_G++_Lite/bin/../lib/gcc/arm-none-eabi/4.5.2/../../../../arm-none-eabi/lib/thumb2/libc.a(lib_a-wbuf.o)
                0x0800e708                __swbuf_r
                0x0800e7f4                __swbuf
 .text          0x0800e804      0x104 /opt/Sourcery_G++_Lite/bin/../lib/gcc/arm-none-eabi/4.5.2/../../../../arm-none-eabi/lib/thumb2/libc.a(lib_a-wsetup.o)
                0x0800e804                __swsetup_r
 .text          0x0800e908      0xfe8 /opt/Sourcery_G++_Lite/bin/../lib/gcc/arm-none-eabi/4.5.2/../../../../arm-none-eabi/lib/thumb2/libc.a(lib_a-dtoa.o)
                0x0800ea34                _dtoa_r
 .text          0x0800f8f0      0x1ec /opt/Sourcery_G++_Lite/bin/../lib/gcc/arm-none-eabi/4.5.2/../../../../arm-none-eabi/lib/thumb2/libc.a(lib_a-fflush.o)
                0x0800f8f0                _fflush_r
                0x0800fab4                fflush
 .text          0x0800fadc      0x220 /opt/Sourcery_G++_Lite/bin/../lib/gcc/arm-none-eabi/4.5.2/../../../../arm-none-eabi/lib/thumb2/libc.a(lib_a-findfp.o)
                0x0800fae4                _cleanup_r
                0x0800faf0                __sfmoreglue
                0x0800fb20                _cleanup
                0x0800fb2c                __sinit
                0x0800fc34                __sfp
                0x0800fcbc                __sfp_lock_acquire
                0x0800fcc0                __sfp_lock_release
                0x0800fcc4                __sinit_lock_acquire
                0x0800fcc8                __sinit_lock_release
                0x0800fccc                __fp_lock_all
                0x0800fce4                __fp_unlock_all
 .text          0x0800fcfc      0x240 /opt/Sourcery_G++_Lite/bin/../lib/gcc/arm-none-eabi/4.5.2/../../../../arm-none-eabi/lib/thumb2/libc.a(lib_a-freer.o)
                0x0800fcfc                _malloc_trim_r
                0x0800fda4                _free_r
 .text          0x0800ff3c       0xac /opt/Sourcery_G++_Lite/bin/../lib/gcc/arm-none-eabi/4.5.2/../../../../arm-none-eabi/lib/thumb2/libc.a(lib_a-fwalk.o)
                0x0800ff3c                _fwalk
                0x0800ff90                _fwalk_reent
 .text          0x0800ffe8       0xa0 /opt/Sourcery_G++_Lite/bin/../lib/gcc/arm-none-eabi/4.5.2/../../../../arm-none-eabi/lib/thumb2/libc.a(lib_a-locale.o)
                0x0800ffe8                _setlocale_r
                0x08010044                __locale_charset
                0x08010050                __locale_mb_cur_max
                0x0801005c                __locale_msgcharset
                0x08010064                __locale_cjk_lang
                0x08010068                _localeconv_r
                0x08010070                setlocale
                0x08010080                localeconv
 .text          0x08010088       0xec /opt/Sourcery_G++_Lite/bin/../lib/gcc/arm-none-eabi/4.5.2/../../../../arm-none-eabi/lib/thumb2/libc.a(lib_a-makebuf.o)
                0x08010088                __smakebuf_r
 .text          0x08010174      0x91c /opt/Sourcery_G++_Lite/bin/../lib/gcc/arm-none-eabi/4.5.2/../../../../arm-none-eabi/lib/thumb2/libc.a(lib_a-mprec.o)
                0x08010174                _Balloc
                0x080101dc                _Bfree
                0x08010214                __multadd
                0x08010298                __s2b
                0x08010330                __hi0bits
                0x08010370                __lo0bits
                0x080103d4                __i2b
                0x080103e8                __multiply
                0x08010510                __pow5mult
                0x080105b4                __lshift
                0x08010660                __mcmp
                0x0801069c                __mdiff
                0x08010794                __ulp
                0x080107dc                __b2d
                0x08010888                __d2b
                0x08010950                __ratio
                0x080109b8                _mprec_log10
                0x080109ec                __copybits
                0x08010a34                __any_on
 .text          0x08010a90       0x90 /opt/Sourcery_G++_Lite/bin/../lib/gcc/arm-none-eabi/4.5.2/../../../../arm-none-eabi/lib/thumb2/libc.a(lib_a-s_fpclassify.o)
                0x08010a90                __fpclassifyd
 .text          0x08010b20       0x94 /opt/Sourcery_G++_Lite/bin/../lib/gcc/arm-none-eabi/4.5.2/../../../../arm-none-eabi/lib/thumb2/libc.a(lib_a-stdio.o)
                0x08010b20                __sread
                0x08010b44                __seofread
                0x08010b48                __swrite
                0x08010b84                __sseek
                0x08010bac                __sclose
 .text          0x08010bb4      0xbe8 /opt/Sourcery_G++_Lite/bin/../lib/gcc/arm-none-eabi/4.5.2/../../../../arm-none-eabi/lib/thumb2/libc.a(lib_a-svfiprintf.o)
                0x08010bb4                __ssprint_r
                0x08010cbc                _svfiprintf_r
 .text          0x0801179c       0x5c /opt/Sourcery_G++_Lite/bin/../lib/gcc/arm-none-eabi/4.5.2/../../../../arm-none-eabi/lib/thumb2/libc.a(lib_a-callocr.o)
                0x0801179c                _calloc_r
 .text          0x080117f8       0xc4 /opt/Sourcery_G++_Lite/bin/../lib/gcc/arm-none-eabi/4.5.2/../../../../arm-none-eabi/lib/thumb2/libc.a(lib_a-fclose.o)
                0x080117f8                _fclose_r
                0x080118ac                fclose
 *fill*         0x080118bc        0x4 00
 .text          0x080118c0      0x278 /opt/Sourcery_G++_Lite/bin/../lib/gcc/arm-none-eabi/4.5.2/thumb2/libgcc.a(_udivsi3.o)
                0x080118c0                __udivsi3
                0x080118c0                __aeabi_uidiv
                0x08011b1c                __aeabi_uidivmod
 .text          0x08011b38        0x4 /opt/Sourcery_G++_Lite/bin/../lib/gcc/arm-none-eabi/4.5.2/thumb2/libgcc.a(_dvmd_tls.o)
                0x08011b38                __aeabi_ldiv0
                0x08011b38                __aeabi_idiv0
 .text          0x08011b3c      0x370 /opt/Sourcery_G++_Lite/bin/../lib/gcc/arm-none-eabi/4.5.2/thumb2/libgcc.a(_arm_addsubdf3.o)
                0x08011b3c                __aeabi_drsub
                0x08011b44                __aeabi_dsub
                0x08011b44                __subdf3
                0x08011b48                __adddf3
                0x08011b48                __aeabi_dadd
                0x08011dc0                __aeabi_ui2d
                0x08011dc0                __floatunsidf
                0x08011de0                __floatsidf
                0x08011de0                __aeabi_i2d
                0x08011e04                __extendsfdf2
                0x08011e04                __aeabi_f2d
                0x08011e40                __aeabi_ul2d
                0x08011e40                __floatundidf
                0x08011e50                __floatdidf
                0x08011e50                __aeabi_l2d
 .text          0x08011eac      0x424 /opt/Sourcery_G++_Lite/bin/../lib/gcc/arm-none-eabi/4.5.2/thumb2/libgcc.a(_arm_muldivdf3.o)
                0x08011eac                __aeabi_dmul
                0x08011eac                __muldf3
                0x08012100                __aeabi_ddiv
                0x08012100                __divdf3
 .text          0x080122d0      0x110 /opt/Sourcery_G++_Lite/bin/../lib/gcc/arm-none-eabi/4.5.2/thumb2/libgcc.a(_arm_cmpdf2.o)
                0x080122d0                __gtdf2
                0x080122d0                __gedf2
                0x080122d8                __ltdf2
                0x080122d8                __ledf2
                0x080122e0                __cmpdf2
                0x080122e0                __eqdf2
                0x080122e0                __nedf2
                0x0801235c                __aeabi_cdrcmple
                0x0801236c                __aeabi_cdcmple
                0x0801236c                __aeabi_cdcmpeq
                0x0801237c                __aeabi_dcmpeq
                0x08012390                __aeabi_dcmplt
                0x080123a4                __aeabi_dcmple
                0x080123b8                __aeabi_dcmpge
                0x080123cc                __aeabi_dcmpgt
 .text          0x080123e0       0x50 /opt/Sourcery_G++_Lite/bin/../lib/gcc/arm-none-eabi/4.5.2/thumb2/libgcc.a(_arm_fixdfsi.o)
                0x080123e0                __fixdfsi
                0x080123e0                __aeabi_d2iz
 .text          0x08012430       0x2c /opt/Sourcery_G++_Lite/bin/../lib/gcc/arm-none-eabi/4.5.2/thumb2/libgcc.a(_aeabi_uldivmod.o)
                0x08012430                __aeabi_uldivmod
 .text          0x0801245c       0x60 /opt/Sourcery_G++_Lite/bin/../lib/gcc/arm-none-eabi/4.5.2/thumb2/libgcc.a(bpabi.o)
                0x0801245c                __gnu_ldivmod_helper
                0x0801248c                __gnu_uldivmod_helper
 .text          0x080124bc      0x360 /opt/Sourcery_G++_Lite/bin/../lib/gcc/arm-none-eabi/4.5.2/thumb2/libgcc.a(_divdi3.o)
                0x080124bc                __divdi3
 .text          0x0801281c      0x308 /opt/Sourcery_G++_Lite/bin/../lib/gcc/arm-none-eabi/4.5.2/thumb2/libgcc.a(_udivdi3.o)
                0x0801281c                __udivdi3
                0x08012b24                . = ALIGN (0x4)
 *(.glue_7t .glue_7)
 .glue_7        0x00000000        0x0 linker stubs
 .glue_7t       0x00000000        0x0 linker stubs
                0x08012b24                . = ALIGN (0x4)
 *(.rodata .rodata.* .gnu.linkonce.r.*)
 *fill*         0x08012b24        0x4 00
 .rodata._ZTV4CDmaIiE
                0x08012b28       0x20 ./src/main.o
                0x08012b28                _ZTV4CDmaIiE
 .rodata._ZTV20CPeripheralInterfaceIiE
                0x08012b48       0x20 ./src/main.o
                0x08012b48                _ZTV20CPeripheralInterfaceIiE
 .rodata._ZTV4CDmaIfE
                0x08012b68       0x20 ./src/main.o
                0x08012b68                _ZTV4CDmaIfE
 .rodata._ZTV20CPeripheralInterfaceIfE
                0x08012b88       0x20 ./src/main.o
                0x08012b88                _ZTV20CPeripheralInterfaceIfE
 .rodata._ZTV10shared_ptrI4CDmaIfEE
                0x08012ba8       0x10 ./src/main.o
                0x08012ba8                _ZTV10shared_ptrI4CDmaIfEE
 .rodata._ZTVSt9bad_alloc
                0x08012bb8       0x18 /opt/Sourcery_G++_Lite/bin/../lib/gcc/arm-none-eabi/4.5.2/../../../../arm-none-eabi/lib/thumb2/libstdc++.a(new_handler.o)
                0x08012bb8                _ZTVSt9bad_alloc
 .rodata._ZTSSt9bad_alloc
                0x08012bd0       0x10 /opt/Sourcery_G++_Lite/bin/../lib/gcc/arm-none-eabi/4.5.2/../../../../arm-none-eabi/lib/thumb2/libstdc++.a(new_handler.o)
                0x08012bd0                _ZTSSt9bad_alloc
 .rodata._ZTISt9bad_alloc
                0x08012be0        0xc /opt/Sourcery_G++_Lite/bin/../lib/gcc/arm-none-eabi/4.5.2/../../../../arm-none-eabi/lib/thumb2/libstdc++.a(new_handler.o)
                0x08012be0                _ZTISt9bad_alloc
 .rodata.str1.4
                0x08012bec        0xf /opt/Sourcery_G++_Lite/bin/../lib/gcc/arm-none-eabi/4.5.2/../../../../arm-none-eabi/lib/thumb2/libstdc++.a(new_handler.o)
                                 0x10 (size before relaxing)
 *fill*         0x08012bfb        0x1 00
 .rodata.str1.4
                0x08012bfc       0x94 /opt/Sourcery_G++_Lite/bin/../lib/gcc/arm-none-eabi/4.5.2/../../../../arm-none-eabi/lib/thumb2/libstdc++.a(vterminate.o)
 .rodata._ZTISt9exception
                0x08012c90        0x8 /opt/Sourcery_G++_Lite/bin/../lib/gcc/arm-none-eabi/4.5.2/../../../../arm-none-eabi/lib/thumb2/libstdc++.a(eh_exception.o)
                0x08012c90                _ZTISt9exception
 .rodata._ZTVSt9exception
                0x08012c98       0x18 /opt/Sourcery_G++_Lite/bin/../lib/gcc/arm-none-eabi/4.5.2/../../../../arm-none-eabi/lib/thumb2/libstdc++.a(eh_exception.o)
                0x08012c98                _ZTVSt9exception
 .rodata._ZTIN10__cxxabiv115__forced_unwindE
                0x08012cb0        0x8 /opt/Sourcery_G++_Lite/bin/../lib/gcc/arm-none-eabi/4.5.2/../../../../arm-none-eabi/lib/thumb2/libstdc++.a(eh_exception.o)
                0x08012cb0                _ZTIN10__cxxabiv115__forced_unwindE
 .rodata._ZTSSt13bad_exception
                0x08012cb8       0x14 /opt/Sourcery_G++_Lite/bin/../lib/gcc/arm-none-eabi/4.5.2/../../../../arm-none-eabi/lib/thumb2/libstdc++.a(eh_exception.o)
                0x08012cb8                _ZTSSt13bad_exception
 .rodata._ZTSN10__cxxabiv119__foreign_exceptionE
                0x08012ccc       0x24 /opt/Sourcery_G++_Lite/bin/../lib/gcc/arm-none-eabi/4.5.2/../../../../arm-none-eabi/lib/thumb2/libstdc++.a(eh_exception.o)
                0x08012ccc                _ZTSN10__cxxabiv119__foreign_exceptionE
 .rodata.str1.4
                0x08012cf0       0x23 /opt/Sourcery_G++_Lite/bin/../lib/gcc/arm-none-eabi/4.5.2/../../../../arm-none-eabi/lib/thumb2/libstdc++.a(eh_exception.o)
                                 0x24 (size before relaxing)
 *fill*         0x08012d13        0x1 00
 .rodata._ZTIN10__cxxabiv119__foreign_exceptionE
                0x08012d14        0x8 /opt/Sourcery_G++_Lite/bin/../lib/gcc/arm-none-eabi/4.5.2/../../../../arm-none-eabi/lib/thumb2/libstdc++.a(eh_exception.o)
                0x08012d14                _ZTIN10__cxxabiv119__foreign_exceptionE
 *fill*         0x08012d1c        0x4 00
 .rodata._ZTVSt13bad_exception
                0x08012d20       0x18 /opt/Sourcery_G++_Lite/bin/../lib/gcc/arm-none-eabi/4.5.2/../../../../arm-none-eabi/lib/thumb2/libstdc++.a(eh_exception.o)
                0x08012d20                _ZTVSt13bad_exception
 .rodata._ZTSSt9exception
                0x08012d38       0x10 /opt/Sourcery_G++_Lite/bin/../lib/gcc/arm-none-eabi/4.5.2/../../../../arm-none-eabi/lib/thumb2/libstdc++.a(eh_exception.o)
                0x08012d38                _ZTSSt9exception
 .rodata._ZTSN10__cxxabiv115__forced_unwindE
                0x08012d48       0x20 /opt/Sourcery_G++_Lite/bin/../lib/gcc/arm-none-eabi/4.5.2/../../../../arm-none-eabi/lib/thumb2/libstdc++.a(eh_exception.o)
                0x08012d48                _ZTSN10__cxxabiv115__forced_unwindE
 .rodata._ZTISt13bad_exception
                0x08012d68        0xc /opt/Sourcery_G++_Lite/bin/../lib/gcc/arm-none-eabi/4.5.2/../../../../arm-none-eabi/lib/thumb2/libstdc++.a(eh_exception.o)
                0x08012d68                _ZTISt13bad_exception
 *fill*         0x08012d74        0x4 00
 .rodata._ZTVN10__cxxabiv120__si_class_type_infoE
                0x08012d78       0x30 /opt/Sourcery_G++_Lite/bin/../lib/gcc/arm-none-eabi/4.5.2/../../../../arm-none-eabi/lib/thumb2/libstdc++.a(si_class_type_info.o)
                0x08012d78                _ZTVN10__cxxabiv120__si_class_type_infoE
 .rodata._ZTIN10__cxxabiv120__si_class_type_infoE
                0x08012da8        0xc /opt/Sourcery_G++_Lite/bin/../lib/gcc/arm-none-eabi/4.5.2/../../../../arm-none-eabi/lib/thumb2/libstdc++.a(si_class_type_info.o)
                0x08012da8                _ZTIN10__cxxabiv120__si_class_type_infoE
 .rodata._ZTSN10__cxxabiv120__si_class_type_infoE
                0x08012db4       0x28 /opt/Sourcery_G++_Lite/bin/../lib/gcc/arm-none-eabi/4.5.2/../../../../arm-none-eabi/lib/thumb2/libstdc++.a(si_class_type_info.o)
                0x08012db4                _ZTSN10__cxxabiv120__si_class_type_infoE
 *fill*         0x08012ddc        0x4 00
 .rodata._ZTVN10__cxxabiv117__class_type_infoE
                0x08012de0       0x30 /opt/Sourcery_G++_Lite/bin/../lib/gcc/arm-none-eabi/4.5.2/../../../../arm-none-eabi/lib/thumb2/libstdc++.a(class_type_info.o)
                0x08012de0                _ZTVN10__cxxabiv117__class_type_infoE
 .rodata._ZTIN10__cxxabiv117__class_type_infoE
                0x08012e10        0xc /opt/Sourcery_G++_Lite/bin/../lib/gcc/arm-none-eabi/4.5.2/../../../../arm-none-eabi/lib/thumb2/libstdc++.a(class_type_info.o)
                0x08012e10                _ZTIN10__cxxabiv117__class_type_infoE
 .rodata._ZTSN10__cxxabiv117__class_type_infoE
                0x08012e1c       0x24 /opt/Sourcery_G++_Lite/bin/../lib/gcc/arm-none-eabi/4.5.2/../../../../arm-none-eabi/lib/thumb2/libstdc++.a(class_type_info.o)
                0x08012e1c                _ZTSN10__cxxabiv117__class_type_infoE
 .rodata        0x08012e40      0x694 /opt/Sourcery_G++_Lite/bin/../lib/gcc/arm-none-eabi/4.5.2/../../../../arm-none-eabi/lib/thumb2/libstdc++.a(cp-demangle.o)
 .rodata.str1.4
                0x080134d4      0x5a7 /opt/Sourcery_G++_Lite/bin/../lib/gcc/arm-none-eabi/4.5.2/../../../../arm-none-eabi/lib/thumb2/libstdc++.a(cp-demangle.o)
                                0x5b8 (size before relaxing)
 *fill*         0x08013a7b        0x1 00
 .rodata._ZTISt9type_info
                0x08013a7c        0x8 /opt/Sourcery_G++_Lite/bin/../lib/gcc/arm-none-eabi/4.5.2/../../../../arm-none-eabi/lib/thumb2/libstdc++.a(tinfo.o)
                0x08013a7c                _ZTISt9type_info
 .rodata._ZTSSt9type_info
                0x08013a84       0x10 /opt/Sourcery_G++_Lite/bin/../lib/gcc/arm-none-eabi/4.5.2/../../../../arm-none-eabi/lib/thumb2/libstdc++.a(tinfo.o)
                0x08013a84                _ZTSSt9type_info
 *fill*         0x08013a94        0x4 00
 .rodata._ZTVSt9type_info
                0x08013a98       0x20 /opt/Sourcery_G++_Lite/bin/../lib/gcc/arm-none-eabi/4.5.2/../../../../arm-none-eabi/lib/thumb2/libstdc++.a(tinfo.o)
                0x08013a98                _ZTVSt9type_info
 .rodata        0x08013ab8        0x4 /opt/Sourcery_G++_Lite/bin/../lib/gcc/arm-none-eabi/4.5.2/../../../../arm-none-eabi/lib/thumb2/libc.a(lib_a-impure.o)
                0x08013ab8                _global_impure_ptr
 .rodata.str1.4
                0x08013abc        0x2 /opt/Sourcery_G++_Lite/bin/../lib/gcc/arm-none-eabi/4.5.2/../../../../arm-none-eabi/lib/thumb2/libc.a(lib_a-impure.o)
                                  0x4 (size before relaxing)
 *fill*         0x08013abe        0x2 00
 .rodata        0x08013ac0       0x20 /opt/Sourcery_G++_Lite/bin/../lib/gcc/arm-none-eabi/4.5.2/../../../../arm-none-eabi/lib/thumb2/libc.a(lib_a-svfprintf.o)
 .rodata.str1.4
                0x08013ae0       0x42 /opt/Sourcery_G++_Lite/bin/../lib/gcc/arm-none-eabi/4.5.2/../../../../arm-none-eabi/lib/thumb2/libc.a(lib_a-svfprintf.o)
                                 0x44 (size before relaxing)
 *fill*         0x08013b22        0x2 00
 .rodata.str1.4
                0x08013b24       0x10 /opt/Sourcery_G++_Lite/bin/../lib/gcc/arm-none-eabi/4.5.2/../../../../arm-none-eabi/lib/thumb2/libc.a(lib_a-dtoa.o)
                                 0x14 (size before relaxing)
 .rodata        0x08013b34       0x60 /opt/Sourcery_G++_Lite/bin/../lib/gcc/arm-none-eabi/4.5.2/../../../../arm-none-eabi/lib/thumb2/libc.a(lib_a-findfp.o)
                0x08013b34                __sf_fake_stdin
                0x08013b54                __sf_fake_stdout
                0x08013b74                __sf_fake_stderr
 .rodata.str1.4
                0x08013b94        0x8 /opt/Sourcery_G++_Lite/bin/../lib/gcc/arm-none-eabi/4.5.2/../../../../arm-none-eabi/lib/thumb2/libc.a(lib_a-locale.o)
                                 0x14 (size before relaxing)
 *fill*         0x08013b9c        0x4 00
 .rodata        0x08013ba0      0x128 /opt/Sourcery_G++_Lite/bin/../lib/gcc/arm-none-eabi/4.5.2/../../../../arm-none-eabi/lib/thumb2/libc.a(lib_a-mprec.o)
                0x08013bb0                __mprec_tens
                0x08013c78                __mprec_bigtens
                0x08013ca0                __mprec_tinytens
 .rodata        0x08013cc8       0x20 /opt/Sourcery_G++_Lite/bin/../lib/gcc/arm-none-eabi/4.5.2/../../../../arm-none-eabi/lib/thumb2/libc.a(lib_a-svfiprintf.o)
 .rodata.str1.4
                0x00000000       0x30 /opt/Sourcery_G++_Lite/bin/../lib/gcc/arm-none-eabi/4.5.2/../../../../arm-none-eabi/lib/thumb2/libc.a(lib_a-svfiprintf.o)
                0x08013ce8                . = ALIGN (0x4)
 *(.ARM.extab* .gnu.linkonce.armextab.*)
 .ARM.extab.text._Znwj
                0x08013ce8       0x20 /opt/Sourcery_G++_Lite/bin/../lib/gcc/arm-none-eabi/4.5.2/../../../../arm-none-eabi/lib/thumb2/libstdc++.a(new_op.o)
 .ARM.extab.text.__gxx_personality_v0
                0x08013d08       0x24 /opt/Sourcery_G++_Lite/bin/../lib/gcc/arm-none-eabi/4.5.2/../../../../arm-none-eabi/lib/thumb2/libstdc++.a(eh_personality.o)
 .ARM.extab.text.__cxa_begin_catch
                0x08013d2c       0x20 /opt/Sourcery_G++_Lite/bin/../lib/gcc/arm-none-eabi/4.5.2/../../../../arm-none-eabi/lib/thumb2/libstdc++.a(eh_catch.o)
 .ARM.extab.text._ZN10__cxxabiv111__terminateEPFvvE
                0x08013d4c       0x2c /opt/Sourcery_G++_Lite/bin/../lib/gcc/arm-none-eabi/4.5.2/../../../../arm-none-eabi/lib/thumb2/libstdc++.a(eh_terminate.o)
 .ARM.extab.text._ZN10__cxxabiv112__unexpectedEPFvvE
                0x08013d78        0xc /opt/Sourcery_G++_Lite/bin/../lib/gcc/arm-none-eabi/4.5.2/../../../../arm-none-eabi/lib/thumb2/libstdc++.a(eh_terminate.o)
 .ARM.extab.text._ZSt10unexpectedv
                0x08013d84        0xc /opt/Sourcery_G++_Lite/bin/../lib/gcc/arm-none-eabi/4.5.2/../../../../arm-none-eabi/lib/thumb2/libstdc++.a(eh_terminate.o)
 .ARM.extab.text.__cxa_call_unexpected
                0x08013d90       0x28 /opt/Sourcery_G++_Lite/bin/../lib/gcc/arm-none-eabi/4.5.2/../../../../arm-none-eabi/lib/thumb2/libstdc++.a(eh_call.o)
 .ARM.extab.text._ZN9__gnu_cxx27__verbose_terminate_handlerEv
                0x08013db8       0x40 /opt/Sourcery_G++_Lite/bin/../lib/gcc/arm-none-eabi/4.5.2/../../../../arm-none-eabi/lib/thumb2/libstdc++.a(vterminate.o)
 .ARM.extab     0x08013df8       0x18 /opt/Sourcery_G++_Lite/bin/../lib/gcc/arm-none-eabi/4.5.2/thumb2/libgcc.a(unwind-arm.o)
 .ARM.extab     0x08013e10       0x18 /opt/Sourcery_G++_Lite/bin/../lib/gcc/arm-none-eabi/4.5.2/thumb2/libgcc.a(pr-support.o)
                0x08013e28                . = ALIGN (0x4)
 *(.gcc_except_table)
                0x08013e28                . = ALIGN (0x4)
 *(.eh_frame_hdr)
                0x08013e28                . = ALIGN (0x4)
 *(.eh_frame)
                0x08013e28                . = ALIGN (0x4)
 *(.init)
 .init          0x08013e28        0x4 /opt/Sourcery_G++_Lite/bin/../lib/gcc/arm-none-eabi/4.5.2/thumb2/crti.o
                0x08013e28                _init
 .init          0x08013e2c        0x8 /opt/Sourcery_G++_Lite/bin/../lib/gcc/arm-none-eabi/4.5.2/thumb2/crtn.o
                0x08013e34                . = ALIGN (0x4)
                0x08013e34                __preinit_array_start = .
 *(.preinit_array)
                0x08013e34                . = ALIGN (0x4)
                0x08013e34                __preinit_array_end = .
                0x08013e34                __init_array_start = .
 *(SORT(.init_array.*))
                0x08013e34                . = ALIGN (0x4)
 *(.init_array)
 .init_array    0x08013e34        0x4 /opt/Sourcery_G++_Lite/bin/../lib/gcc/arm-none-eabi/4.5.2/thumb2/crtbegin.o
 .init_array    0x08013e38        0x4 /opt/Sourcery_G++_Lite/bin/../lib/gcc/arm-none-eabi/4.5.2/../../../../arm-none-eabi/lib/thumb2/libstdc++.a(eh_alloc.o)
                0x08013e3c                . = ALIGN (0x4)
                0x08013e3c                __init_array_end = .
 *(.fini)
 .fini          0x08013e3c        0x4 /opt/Sourcery_G++_Lite/bin/../lib/gcc/arm-none-eabi/4.5.2/thumb2/crti.o
                0x08013e3c                _fini
 .fini          0x08013e40        0x8 /opt/Sourcery_G++_Lite/bin/../lib/gcc/arm-none-eabi/4.5.2/thumb2/crtn.o
                0x08013e48                . = ALIGN (0x4)
                0x08013e48                __fini_array_start = .
 *(.fini_array)
 .fini_array    0x08013e48        0x4 /opt/Sourcery_G++_Lite/bin/../lib/gcc/arm-none-eabi/4.5.2/thumb2/crtbegin.o
                0x08013e4c                . = ALIGN (0x4)
 *(SORT(.fini_array.*))
                0x08013e4c                . = ALIGN (0x4)
                0x08013e4c                __fini_array_end = .
                0x08013e4c                . = ALIGN (0x4)
                0x08013e4c                __text_end = .
                [0x08013e4c]                PROVIDE (__text_end, __text_end)

.vfp11_veneer   0x08013e4c        0x0
 .vfp11_veneer  0x00000000        0x0 linker stubs

.v4_bx          0x08013e4c        0x0
 .v4_bx         0x00000000        0x0 linker stubs
                0x08013e4c                . = ALIGN (0x4)
                0x08013e4c                __exidx_start = .
                [0x08013e4c]                PROVIDE (__exidx_start, __exidx_start)

.ARM.exidx      0x08013e4c      0x1d0
 *(.ARM.exidx* .gnu.linkonce.armexidx.*)
 .ARM.exidx.text._ZdlPv
                0x08013e4c        0x8 /opt/Sourcery_G++_Lite/bin/../lib/gcc/arm-none-eabi/4.5.2/../../../../arm-none-eabi/lib/thumb2/libstdc++.a(del_op.o)
 .ARM.exidx.text._Znwj
                0x08013e54        0x8 /opt/Sourcery_G++_Lite/bin/../lib/gcc/arm-none-eabi/4.5.2/../../../../arm-none-eabi/lib/thumb2/libstdc++.a(new_op.o)
 .ARM.exidx.text._ZL12read_sleb128PKhPl
                0x08013e5c        0x8 /opt/Sourcery_G++_Lite/bin/../lib/gcc/arm-none-eabi/4.5.2/../../../../arm-none-eabi/lib/thumb2/libstdc++.a(eh_personality.o)
 .ARM.exidx.text._ZL28read_encoded_value_with_basehjPKhPj
                0x08013e64        0x8 /opt/Sourcery_G++_Lite/bin/../lib/gcc/arm-none-eabi/4.5.2/../../../../arm-none-eabi/lib/thumb2/libstdc++.a(eh_personality.o)
 .ARM.exidx.text._ZL21base_of_encoded_valuehP15_Unwind_Context
                0x08013e6c        0x8 /opt/Sourcery_G++_Lite/bin/../lib/gcc/arm-none-eabi/4.5.2/../../../../arm-none-eabi/lib/thumb2/libstdc++.a(eh_personality.o)
 .ARM.exidx.text._ZL17parse_lsda_headerP15_Unwind_ContextPKhP16lsda_header_info
                0x08013e74        0x8 /opt/Sourcery_G++_Lite/bin/../lib/gcc/arm-none-eabi/4.5.2/../../../../arm-none-eabi/lib/thumb2/libstdc++.a(eh_personality.o)
 .ARM.exidx.text.__gxx_personality_v0
                0x08013e7c        0x8 /opt/Sourcery_G++_Lite/bin/../lib/gcc/arm-none-eabi/4.5.2/../../../../arm-none-eabi/lib/thumb2/libstdc++.a(eh_personality.o)
 .ARM.exidx.text._ZL23__gxx_exception_cleanup19_Unwind_Reason_CodeP21_Unwind_Control_Block
                0x08013e84        0x8 /opt/Sourcery_G++_Lite/bin/../lib/gcc/arm-none-eabi/4.5.2/../../../../arm-none-eabi/lib/thumb2/libstdc++.a(eh_throw.o)
 .ARM.exidx.text.__cxa_throw
                0x08013e8c        0x8 /opt/Sourcery_G++_Lite/bin/../lib/gcc/arm-none-eabi/4.5.2/../../../../arm-none-eabi/lib/thumb2/libstdc++.a(eh_throw.o)
 .ARM.exidx.text.__cxa_rethrow
                0x08013e94        0x8 /opt/Sourcery_G++_Lite/bin/../lib/gcc/arm-none-eabi/4.5.2/../../../../arm-none-eabi/lib/thumb2/libstdc++.a(eh_throw.o)
 .ARM.exidx.text.__cxa_get_globals_fast
                0x08013e9c        0x8 /opt/Sourcery_G++_Lite/bin/../lib/gcc/arm-none-eabi/4.5.2/../../../../arm-none-eabi/lib/thumb2/libstdc++.a(eh_globals.o)
 .ARM.exidx.text.__cxa_get_globals
                0x08013ea4        0x0 /opt/Sourcery_G++_Lite/bin/../lib/gcc/arm-none-eabi/4.5.2/../../../../arm-none-eabi/lib/thumb2/libstdc++.a(eh_globals.o)
                                  0x8 (size before relaxing)
 .ARM.exidx.text.__cxa_begin_catch
                0x08013ea4        0x8 /opt/Sourcery_G++_Lite/bin/../lib/gcc/arm-none-eabi/4.5.2/../../../../arm-none-eabi/lib/thumb2/libstdc++.a(eh_catch.o)
 .ARM.exidx.text.__cxa_end_catch
                0x08013eac        0x8 /opt/Sourcery_G++_Lite/bin/../lib/gcc/arm-none-eabi/4.5.2/../../../../arm-none-eabi/lib/thumb2/libstdc++.a(eh_catch.o)
 .ARM.exidx.text.__cxa_type_match
                0x08013eb4        0x8 /opt/Sourcery_G++_Lite/bin/../lib/gcc/arm-none-eabi/4.5.2/../../../../arm-none-eabi/lib/thumb2/libstdc++.a(eh_arm.o)
 .ARM.exidx.text.__cxa_begin_cleanup
                0x08013ebc        0x8 /opt/Sourcery_G++_Lite/bin/../lib/gcc/arm-none-eabi/4.5.2/../../../../arm-none-eabi/lib/thumb2/libstdc++.a(eh_arm.o)
 .ARM.exidx.text.__gnu_end_cleanup
                0x08013ec4        0x0 /opt/Sourcery_G++_Lite/bin/../lib/gcc/arm-none-eabi/4.5.2/../../../../arm-none-eabi/lib/thumb2/libstdc++.a(eh_arm.o)
                                  0x8 (size before relaxing)
 .ARM.exidx.text._ZN10__cxxabiv111__terminateEPFvvE
                0x08013ec4        0x8 /opt/Sourcery_G++_Lite/bin/../lib/gcc/arm-none-eabi/4.5.2/../../../../arm-none-eabi/lib/thumb2/libstdc++.a(eh_terminate.o)
 .ARM.exidx.text._ZSt9terminatev
                0x08013ecc        0x8 /opt/Sourcery_G++_Lite/bin/../lib/gcc/arm-none-eabi/4.5.2/../../../../arm-none-eabi/lib/thumb2/libstdc++.a(eh_terminate.o)
 .ARM.exidx.text._ZN10__cxxabiv112__unexpectedEPFvvE
                0x08013ed4        0x8 /opt/Sourcery_G++_Lite/bin/../lib/gcc/arm-none-eabi/4.5.2/../../../../arm-none-eabi/lib/thumb2/libstdc++.a(eh_terminate.o)
 .ARM.exidx.text._ZSt10unexpectedv
                0x08013edc        0x8 /opt/Sourcery_G++_Lite/bin/../lib/gcc/arm-none-eabi/4.5.2/../../../../arm-none-eabi/lib/thumb2/libstdc++.a(eh_terminate.o)
 .ARM.exidx.text.__cxa_allocate_exception
                0x08013ee4        0x8 /opt/Sourcery_G++_Lite/bin/../lib/gcc/arm-none-eabi/4.5.2/../../../../arm-none-eabi/lib/thumb2/libstdc++.a(eh_alloc.o)
 .ARM.exidx.text.__cxa_free_exception
                0x08013eec        0x0 /opt/Sourcery_G++_Lite/bin/../lib/gcc/arm-none-eabi/4.5.2/../../../../arm-none-eabi/lib/thumb2/libstdc++.a(eh_alloc.o)
                                  0x8 (size before relaxing)
 .ARM.exidx.text._GLOBAL__I___cxa_allocate_exception
                0x08013eec        0x0 /opt/Sourcery_G++_Lite/bin/../lib/gcc/arm-none-eabi/4.5.2/../../../../arm-none-eabi/lib/thumb2/libstdc++.a(eh_alloc.o)
                                  0x8 (size before relaxing)
 .ARM.exidx.text.__cxa_call_terminate
                0x08013eec        0x0 /opt/Sourcery_G++_Lite/bin/../lib/gcc/arm-none-eabi/4.5.2/../../../../arm-none-eabi/lib/thumb2/libstdc++.a(eh_call.o)
                                  0x8 (size before relaxing)
 .ARM.exidx.text.__cxa_call_unexpected
                0x08013eec        0x8 /opt/Sourcery_G++_Lite/bin/../lib/gcc/arm-none-eabi/4.5.2/../../../../arm-none-eabi/lib/thumb2/libstdc++.a(eh_call.o)
 .ARM.exidx.text._ZNKSt9bad_alloc4whatEv
                0x08013ef4        0x8 /opt/Sourcery_G++_Lite/bin/../lib/gcc/arm-none-eabi/4.5.2/../../../../arm-none-eabi/lib/thumb2/libstdc++.a(new_handler.o)
 .ARM.exidx.text._ZNSt9bad_allocD2Ev
                0x08013efc        0x0 /opt/Sourcery_G++_Lite/bin/../lib/gcc/arm-none-eabi/4.5.2/../../../../arm-none-eabi/lib/thumb2/libstdc++.a(new_handler.o)
                                  0x8 (size before relaxing)
 .ARM.exidx.text._ZNSt9bad_allocD0Ev
                0x08013efc        0x0 /opt/Sourcery_G++_Lite/bin/../lib/gcc/arm-none-eabi/4.5.2/../../../../arm-none-eabi/lib/thumb2/libstdc++.a(new_handler.o)
                                  0x8 (size before relaxing)
 .ARM.exidx.text._ZN9__gnu_cxx27__verbose_terminate_handlerEv
                0x08013efc        0x8 /opt/Sourcery_G++_Lite/bin/../lib/gcc/arm-none-eabi/4.5.2/../../../../arm-none-eabi/lib/thumb2/libstdc++.a(vterminate.o)
 .ARM.exidx.text._ZNSt9exceptionD2Ev
                0x08013f04        0x8 /opt/Sourcery_G++_Lite/bin/../lib/gcc/arm-none-eabi/4.5.2/../../../../arm-none-eabi/lib/thumb2/libstdc++.a(eh_exception.o)
 .ARM.exidx.text._ZNSt13bad_exceptionD2Ev
                0x08013f0c        0x0 /opt/Sourcery_G++_Lite/bin/../lib/gcc/arm-none-eabi/4.5.2/../../../../arm-none-eabi/lib/thumb2/libstdc++.a(eh_exception.o)
                                  0x8 (size before relaxing)
 .ARM.exidx.text._ZNKSt9exception4whatEv
                0x08013f0c        0x0 /opt/Sourcery_G++_Lite/bin/../lib/gcc/arm-none-eabi/4.5.2/../../../../arm-none-eabi/lib/thumb2/libstdc++.a(eh_exception.o)
                                  0x8 (size before relaxing)
 .ARM.exidx.text._ZNKSt13bad_exception4whatEv
                0x08013f0c        0x0 /opt/Sourcery_G++_Lite/bin/../lib/gcc/arm-none-eabi/4.5.2/../../../../arm-none-eabi/lib/thumb2/libstdc++.a(eh_exception.o)
                                  0x8 (size before relaxing)
 .ARM.exidx.text._ZNSt13bad_exceptionD0Ev
                0x08013f0c        0x0 /opt/Sourcery_G++_Lite/bin/../lib/gcc/arm-none-eabi/4.5.2/../../../../arm-none-eabi/lib/thumb2/libstdc++.a(eh_exception.o)
                                  0x8 (size before relaxing)
 .ARM.exidx.text._ZNSt9exceptionD0Ev
                0x08013f0c        0x0 /opt/Sourcery_G++_Lite/bin/../lib/gcc/arm-none-eabi/4.5.2/../../../../arm-none-eabi/lib/thumb2/libstdc++.a(eh_exception.o)
                                  0x8 (size before relaxing)
 .ARM.exidx.text.__cxa_current_exception_type
                0x08013f0c        0x0 /opt/Sourcery_G++_Lite/bin/../lib/gcc/arm-none-eabi/4.5.2/../../../../arm-none-eabi/lib/thumb2/libstdc++.a(eh_type.o)
                                  0x8 (size before relaxing)
 .ARM.exidx.text._ZNK10__cxxabiv120__si_class_type_info11__do_upcastEPKNS_17__class_type_infoEPKvRNS1_15__upcast_resultE
                0x08013f0c        0x8 /opt/Sourcery_G++_Lite/bin/../lib/gcc/arm-none-eabi/4.5.2/../../../../arm-none-eabi/lib/thumb2/libstdc++.a(si_class_type_info.o)
 .ARM.exidx.text._ZNK10__cxxabiv120__si_class_type_info12__do_dyncastEiNS_17__class_type_info10__sub_kindEPKS1_PKvS4_S6_RNS1_16__dyncast_resultE
                0x08013f14        0x8 /opt/Sourcery_G++_Lite/bin/../lib/gcc/arm-none-eabi/4.5.2/../../../../arm-none-eabi/lib/thumb2/libstdc++.a(si_class_type_info.o)
 .ARM.exidx.text._ZNK10__cxxabiv120__si_class_type_info20__do_find_public_srcEiPKvPKNS_17__class_type_infoES2_
                0x08013f1c        0x8 /opt/Sourcery_G++_Lite/bin/../lib/gcc/arm-none-eabi/4.5.2/../../../../arm-none-eabi/lib/thumb2/libstdc++.a(si_class_type_info.o)
 .ARM.exidx.text._ZN10__cxxabiv120__si_class_type_infoD2Ev
                0x08013f24        0x8 /opt/Sourcery_G++_Lite/bin/../lib/gcc/arm-none-eabi/4.5.2/../../../../arm-none-eabi/lib/thumb2/libstdc++.a(si_class_type_info.o)
 .ARM.exidx.text._ZN10__cxxabiv120__si_class_type_infoD0Ev
                0x08013f2c        0x0 /opt/Sourcery_G++_Lite/bin/../lib/gcc/arm-none-eabi/4.5.2/../../../../arm-none-eabi/lib/thumb2/libstdc++.a(si_class_type_info.o)
                                  0x8 (size before relaxing)
 .ARM.exidx.text._ZNK10__cxxabiv117__class_type_info11__do_upcastEPKS0_PPv
                0x08013f2c        0x8 /opt/Sourcery_G++_Lite/bin/../lib/gcc/arm-none-eabi/4.5.2/../../../../arm-none-eabi/lib/thumb2/libstdc++.a(class_type_info.o)
 .ARM.exidx.text._ZNK10__cxxabiv117__class_type_info20__do_find_public_srcEiPKvPKS0_S2_
                0x08013f34        0x8 /opt/Sourcery_G++_Lite/bin/../lib/gcc/arm-none-eabi/4.5.2/../../../../arm-none-eabi/lib/thumb2/libstdc++.a(class_type_info.o)
 .ARM.exidx.text._ZNK10__cxxabiv117__class_type_info11__do_upcastEPKS0_PKvRNS0_15__upcast_resultE
                0x08013f3c        0x8 /opt/Sourcery_G++_Lite/bin/../lib/gcc/arm-none-eabi/4.5.2/../../../../arm-none-eabi/lib/thumb2/libstdc++.a(class_type_info.o)
 .ARM.exidx.text._ZNK10__cxxabiv117__class_type_info12__do_dyncastEiNS0_10__sub_kindEPKS0_PKvS3_S5_RNS0_16__dyncast_resultE
                0x08013f44        0x8 /opt/Sourcery_G++_Lite/bin/../lib/gcc/arm-none-eabi/4.5.2/../../../../arm-none-eabi/lib/thumb2/libstdc++.a(class_type_info.o)
 .ARM.exidx.text._ZNK10__cxxabiv117__class_type_info10__do_catchEPKSt9type_infoPPvj
                0x08013f4c        0x8 /opt/Sourcery_G++_Lite/bin/../lib/gcc/arm-none-eabi/4.5.2/../../../../arm-none-eabi/lib/thumb2/libstdc++.a(class_type_info.o)
 .ARM.exidx.text._ZN10__cxxabiv117__class_type_infoD2Ev
                0x08013f54        0x8 /opt/Sourcery_G++_Lite/bin/../lib/gcc/arm-none-eabi/4.5.2/../../../../arm-none-eabi/lib/thumb2/libstdc++.a(class_type_info.o)
 .ARM.exidx.text._ZN10__cxxabiv117__class_type_infoD0Ev
                0x08013f5c        0x8 /opt/Sourcery_G++_Lite/bin/../lib/gcc/arm-none-eabi/4.5.2/../../../../arm-none-eabi/lib/thumb2/libstdc++.a(class_type_info.o)
 .ARM.exidx.text._ZNSt9type_infoD2Ev
                0x08013f64        0x0 /opt/Sourcery_G++_Lite/bin/../lib/gcc/arm-none-eabi/4.5.2/../../../../arm-none-eabi/lib/thumb2/libstdc++.a(tinfo.o)
                                  0x8 (size before relaxing)
 .ARM.exidx.text._ZNKSt9type_info14__is_pointer_pEv
                0x08013f64        0x0 /opt/Sourcery_G++_Lite/bin/../lib/gcc/arm-none-eabi/4.5.2/../../../../arm-none-eabi/lib/thumb2/libstdc++.a(tinfo.o)
                                  0x8 (size before relaxing)
 .ARM.exidx.text._ZNKSt9type_info15__is_function_pEv
                0x08013f64        0x0 /opt/Sourcery_G++_Lite/bin/../lib/gcc/arm-none-eabi/4.5.2/../../../../arm-none-eabi/lib/thumb2/libstdc++.a(tinfo.o)
                                  0x8 (size before relaxing)
 .ARM.exidx.text._ZNKSt9type_info11__do_upcastEPKN10__cxxabiv117__class_type_infoEPPv
                0x08013f64        0x0 /opt/Sourcery_G++_Lite/bin/../lib/gcc/arm-none-eabi/4.5.2/../../../../arm-none-eabi/lib/thumb2/libstdc++.a(tinfo.o)
                                  0x8 (size before relaxing)
 .ARM.exidx.text._ZNSt9type_infoD0Ev
                0x08013f64        0x0 /opt/Sourcery_G++_Lite/bin/../lib/gcc/arm-none-eabi/4.5.2/../../../../arm-none-eabi/lib/thumb2/libstdc++.a(tinfo.o)
                                  0x8 (size before relaxing)
 .ARM.exidx.text._ZNKSt9type_infoeqERKS_
                0x08013f64        0x0 /opt/Sourcery_G++_Lite/bin/../lib/gcc/arm-none-eabi/4.5.2/../../../../arm-none-eabi/lib/thumb2/libstdc++.a(tinfo.o)
                                  0x8 (size before relaxing)
 .ARM.exidx.text._ZNKSt9type_info10__do_catchEPKS_PPvj
                0x08013f64        0x0 /opt/Sourcery_G++_Lite/bin/../lib/gcc/arm-none-eabi/4.5.2/../../../../arm-none-eabi/lib/thumb2/libstdc++.a(tinfo.o)
                                  0x8 (size before relaxing)
 .ARM.exidx     0x08013f64       0x80 /opt/Sourcery_G++_Lite/bin/../lib/gcc/arm-none-eabi/4.5.2/thumb2/libgcc.a(unwind-arm.o)
                                 0xc0 (size before relaxing)
 .ARM.exidx     0x08013fe4       0x38 /opt/Sourcery_G++_Lite/bin/../lib/gcc/arm-none-eabi/4.5.2/thumb2/libgcc.a(pr-support.o)
                                 0x48 (size before relaxing)
 .ARM.exidx     0x0801401c        0x0 /opt/Sourcery_G++_Lite/bin/../lib/gcc/arm-none-eabi/4.5.2/thumb2/libgcc.a(_divdi3.o)
                                  0x8 (size before relaxing)
 .ARM.exidx     0x0801401c        0x0 /opt/Sourcery_G++_Lite/bin/../lib/gcc/arm-none-eabi/4.5.2/thumb2/libgcc.a(_udivdi3.o)
                                  0x8 (size before relaxing)
                0x0801401c                . = ALIGN (0x4)
                0x0801401c                __exidx_end = .
                [0x0801401c]                PROVIDE (__exidx_end, __exidx_end)

.data           0x20000000      0x58c load address 0x0801401c
                0x20000000                . = ALIGN (0x4)
                0x0801401c                __data_init_start = LOADADDR (.data)
                [0x0801401c]                PROVIDE (__data_init_start, __data_init_start)
                0x20000000                __data_start = .
                [0x20000000]                PROVIDE (__data_start, __data_start)
                0x20000000                . = ALIGN (0x4)
 *(.data .data.* .gnu.linkonce.d.*)
 .data.current_heap_end.4326
                0x20000000        0x4 ./src/syscalls.o
 .data._ZN10__cxxabiv120__unexpected_handlerE
                0x20000004        0x4 /opt/Sourcery_G++_Lite/bin/../lib/gcc/arm-none-eabi/4.5.2/../../../../arm-none-eabi/lib/thumb2/libstdc++.a(eh_unex_handler.o)
                0x20000004                _ZN10__cxxabiv120__unexpected_handlerE
 .data._ZN10__cxxabiv119__terminate_handlerE
                0x20000008        0x4 /opt/Sourcery_G++_Lite/bin/../lib/gcc/arm-none-eabi/4.5.2/../../../../arm-none-eabi/lib/thumb2/libstdc++.a(eh_term_handler.o)
                0x20000008                _ZN10__cxxabiv119__terminate_handlerE
 .data          0x2000000c       0xf4 /opt/Sourcery_G++_Lite/bin/../lib/gcc/arm-none-eabi/4.5.2/../../../../arm-none-eabi/lib/thumb2/libc.a(lib_a-impure.o)
                0x2000000c                _impure_ptr
 .data          0x20000100      0x410 /opt/Sourcery_G++_Lite/bin/../lib/gcc/arm-none-eabi/4.5.2/../../../../arm-none-eabi/lib/thumb2/libc.a(lib_a-mallocr.o)
                0x20000100                __malloc_av_
                0x20000508                __malloc_sbrk_base
                0x2000050c                __malloc_trim_threshold
 .data          0x20000510       0x7c /opt/Sourcery_G++_Lite/bin/../lib/gcc/arm-none-eabi/4.5.2/../../../../arm-none-eabi/lib/thumb2/libc.a(lib_a-locale.o)
                0x20000530                __mb_cur_max
                0x2000058c                . = ALIGN (0x4)
                0x2000058c                __data_end = .
                [0x2000058c]                PROVIDE (__data_end, __data_end)

.jcr            0x2000058c        0x0 load address 0x080145a8
 .jcr           0x2000058c        0x0 /opt/Sourcery_G++_Lite/bin/../lib/gcc/arm-none-eabi/4.5.2/thumb2/crtbegin.o

.bss            0x20000590      0x858 load address 0x2000058c
                0x20000590                . = ALIGN (0x4)
                0x20000590                __bss_start = .
                [0x20000590]                PROVIDE (__bss_start, __bss_start)
                0x20000590                . = ALIGN (0x4)
 *(.bss .bss.* .gnu.linkonce.b.*)
 .bss           0x20000590        0x1 /opt/Sourcery_G++_Lite/bin/../lib/gcc/arm-none-eabi/4.5.2/thumb2/crtbegin.o
 *fill*         0x20000591        0x3 00
 .bss._ZL10eh_globals
                0x20000594        0xc /opt/Sourcery_G++_Lite/bin/../lib/gcc/arm-none-eabi/4.5.2/../../../../arm-none-eabi/lib/thumb2/libstdc++.a(eh_globals.o)
 .bss._ZL14emergency_used
                0x200005a0        0x4 /opt/Sourcery_G++_Lite/bin/../lib/gcc/arm-none-eabi/4.5.2/../../../../arm-none-eabi/lib/thumb2/libstdc++.a(eh_alloc.o)
 *fill*         0x200005a4        0x4 00
 .bss._ZL16emergency_buffer
                0x200005a8      0x800 /opt/Sourcery_G++_Lite/bin/../lib/gcc/arm-none-eabi/4.5.2/../../../../arm-none-eabi/lib/thumb2/libstdc++.a(eh_alloc.o)
 .bss.__new_handler
                0x20000da8        0x4 /opt/Sourcery_G++_Lite/bin/../lib/gcc/arm-none-eabi/4.5.2/../../../../arm-none-eabi/lib/thumb2/libstdc++.a(new_handler.o)
                0x20000da8                __new_handler
 .bss._ZZN9__gnu_cxx27__verbose_terminate_handlerEvE11terminating
                0x20000dac        0x1 /opt/Sourcery_G++_Lite/bin/../lib/gcc/arm-none-eabi/4.5.2/../../../../arm-none-eabi/lib/thumb2/libstdc++.a(vterminate.o)
 *fill*         0x20000dad        0x3 00
 .bss           0x20000db0       0x34 /opt/Sourcery_G++_Lite/bin/../lib/gcc/arm-none-eabi/4.5.2/../../../../arm-none-eabi/lib/thumb2/libc.a(lib_a-mallocr.o)
                0x20000db0                __malloc_top_pad
                0x20000db4                __malloc_current_mallinfo
                0x20000ddc                __malloc_max_sbrked_mem
                0x20000de0                __malloc_max_total_mem
                0x20000de4                . = ALIGN (0x4)
 *(COMMON)
 COMMON         0x20000de4        0x4 /opt/Sourcery_G++_Lite/bin/../lib/gcc/arm-none-eabi/4.5.2/../../../../arm-none-eabi/lib/thumb2/libc.a(lib_a-reent.o)
                0x20000de4                errno
                0x20000de8                . = ALIGN (0x4)
                0x20000de8                __bss_end = .
                [0x20000de8]                PROVIDE (__bss_end, __bss_end)

.stack          0x20000de8      0x400
                0x20000de8                . = ALIGN (0x8)
                0x20000de8                __stack_start = .
                [0x20000de8]                PROVIDE (__stack_start, __stack_start)
                0x20000de8                . = ALIGN (0x8)
                0x20000de8                __main_stack_start = .
                [0x20000de8]                PROVIDE (__main_stack_start, __main_stack_start)
                0x20000de8                . = (. + __main_stack_size)
                0x20000de8                . = ALIGN (0x8)
                0x20000de8                __main_stack_end = .
                [0x20000de8]                PROVIDE (__main_stack_end, __main_stack_end)
                0x20000de8                . = ALIGN (0x8)
                0x20000de8                __process_stack_start = .
                [0x20000de8]                PROVIDE (__process_stack_start, __process_stack_start)
                0x200011e8                . = (. + __process_stack_size)
 *fill*         0x20000de8      0x400 00
                0x200011e8                . = ALIGN (0x8)
                0x200011e8                __process_stack_end = .
                [0x200011e8]                PROVIDE (__process_stack_end, __process_stack_end)
                0x200011e8                . = ALIGN (0x8)
                0x200011e8                __stack_end = .
                [0x200011e8]                PROVIDE (__stack_end, __stack_end)
                0x200011e8                . = ALIGN (0x4)
                0x200011e8                __heap_start = .
                [0x200011e8]                PROVIDE (__heap_start, __heap_start)
                0x200011e8                . = ALIGN (0x4)
                0x20005000                __heap_end = __ram_end
                [0x20005000]                PROVIDE (__heap_end, __heap_end)

.stab
 *(.stab)

.stabstr
 *(.stabstr)

.debug
 *(.debug)

.line
 *(.line)

.debug_srcinfo
 *(.debug_srcinfo)

.debug_sfnames
 *(.debug_sfnames)

.comment        0x00000000       0x2a
 .comment       0x00000000       0x2a ./src/CBoard.o
                                 0x2b (size before relaxing)
 .comment       0x00000000       0x2b ./src/CPort.o
 .comment       0x00000000       0x2b ./src/main.o
 .comment       0x00000000       0x2b ./src/stm32f10x_it.o
 .comment       0x00000000       0x2b ./src/syscalls.o
 .comment       0x00000000       0x2b ./Libraries/STM32F10x_StdPeriph_Driver/src/misc.o
 .comment       0x00000000       0x2b ./Libraries/STM32F10x_StdPeriph_Driver/src/stm32f10x_adc.o
 .comment       0x00000000       0x2b ./Libraries/STM32F10x_StdPeriph_Driver/src/stm32f10x_bkp.o
 .comment       0x00000000       0x2b ./Libraries/STM32F10x_StdPeriph_Driver/src/stm32f10x_can.o
 .comment       0x00000000       0x2b ./Libraries/STM32F10x_StdPeriph_Driver/src/stm32f10x_cec.o
 .comment       0x00000000       0x2b ./Libraries/STM32F10x_StdPeriph_Driver/src/stm32f10x_crc.o
 .comment       0x00000000       0x2b ./Libraries/STM32F10x_StdPeriph_Driver/src/stm32f10x_dac.o
 .comment       0x00000000       0x2b ./Libraries/STM32F10x_StdPeriph_Driver/src/stm32f10x_dbgmcu.o
 .comment       0x00000000       0x2b ./Libraries/STM32F10x_StdPeriph_Driver/src/stm32f10x_dma.o
 .comment       0x00000000       0x2b ./Libraries/STM32F10x_StdPeriph_Driver/src/stm32f10x_exti.o
 .comment       0x00000000       0x2b ./Libraries/STM32F10x_StdPeriph_Driver/src/stm32f10x_flash.o
 .comment       0x00000000       0x2b ./Libraries/STM32F10x_StdPeriph_Driver/src/stm32f10x_fsmc.o
 .comment       0x00000000       0x2b ./Libraries/STM32F10x_StdPeriph_Driver/src/stm32f10x_gpio.o
 .comment       0x00000000       0x2b ./Libraries/STM32F10x_StdPeriph_Driver/src/stm32f10x_i2c.o
 .comment       0x00000000       0x2b ./Libraries/STM32F10x_StdPeriph_Driver/src/stm32f10x_iwdg.o
 .comment       0x00000000       0x2b ./Libraries/STM32F10x_StdPeriph_Driver/src/stm32f10x_pwr.o
 .comment       0x00000000       0x2b ./Libraries/STM32F10x_StdPeriph_Driver/src/stm32f10x_rcc.o
 .comment       0x00000000       0x2b ./Libraries/STM32F10x_StdPeriph_Driver/src/stm32f10x_rtc.o
 .comment       0x00000000       0x2b ./Libraries/STM32F10x_StdPeriph_Driver/src/stm32f10x_sdio.o
 .comment       0x00000000       0x2b ./Libraries/STM32F10x_StdPeriph_Driver/src/stm32f10x_spi.o
 .comment       0x00000000       0x2b ./Libraries/STM32F10x_StdPeriph_Driver/src/stm32f10x_tim.o
 .comment       0x00000000       0x2b ./Libraries/STM32F10x_StdPeriph_Driver/src/stm32f10x_usart.o
 .comment       0x00000000       0x2b ./Libraries/STM32F10x_StdPeriph_Driver/src/stm32f10x_wwdg.o
 .comment       0x00000000       0x2b ./Libraries/CMSIS/CM3/DeviceSupport/ST/STM32F10x/system_stm32f10x.o
 .comment       0x00000000       0x2b ./Libraries/CMSIS/CM3/CoreSupport/core_cm3.o

.debug_aranges  0x00000000     0x1480
 *(.debug_aranges)
 .debug_aranges
                0x00000000       0x28 ./src/CBoard.o
 .debug_aranges
                0x00000028       0x30 ./src/CPort.o
 .debug_aranges
                0x00000058      0x120 ./src/main.o
 .debug_aranges
                0x00000178       0x20 ./src/startup.o
 .debug_aranges
                0x00000198       0x70 ./src/stm32f10x_it.o
 .debug_aranges
                0x00000208       0xa8 ./src/syscalls.o
 .debug_aranges
                0x000002b0       0x40 ./Libraries/STM32F10x_StdPeriph_Driver/src/misc.o
 .debug_aranges
                0x000002f0      0x138 ./Libraries/STM32F10x_StdPeriph_Driver/src/stm32f10x_adc.o
 .debug_aranges
                0x00000428       0x78 ./Libraries/STM32F10x_StdPeriph_Driver/src/stm32f10x_bkp.o
 .debug_aranges
                0x000004a0       0xe0 ./Libraries/STM32F10x_StdPeriph_Driver/src/stm32f10x_can.o
 .debug_aranges
                0x00000580       0x88 ./Libraries/STM32F10x_StdPeriph_Driver/src/stm32f10x_cec.o
 .debug_aranges
                0x00000608       0x48 ./Libraries/STM32F10x_StdPeriph_Driver/src/stm32f10x_crc.o
 .debug_aranges
                0x00000650       0x78 ./Libraries/STM32F10x_StdPeriph_Driver/src/stm32f10x_dac.o
 .debug_aranges
                0x000006c8       0x30 ./Libraries/STM32F10x_StdPeriph_Driver/src/stm32f10x_dbgmcu.o
 .debug_aranges
                0x000006f8       0x70 ./Libraries/STM32F10x_StdPeriph_Driver/src/stm32f10x_dma.o
 .debug_aranges
                0x00000768       0x58 ./Libraries/STM32F10x_StdPeriph_Driver/src/stm32f10x_exti.o
 .debug_aranges
                0x000007c0       0xf8 ./Libraries/STM32F10x_StdPeriph_Driver/src/stm32f10x_flash.o
 .debug_aranges
                0x000008b8       0xb0 ./Libraries/STM32F10x_StdPeriph_Driver/src/stm32f10x_fsmc.o
 .debug_aranges
                0x00000968       0xa8 ./Libraries/STM32F10x_StdPeriph_Driver/src/stm32f10x_gpio.o
 .debug_aranges
                0x00000a10      0x120 ./Libraries/STM32F10x_StdPeriph_Driver/src/stm32f10x_i2c.o
 .debug_aranges
                0x00000b30       0x48 ./Libraries/STM32F10x_StdPeriph_Driver/src/stm32f10x_iwdg.o
 .debug_aranges
                0x00000b78       0x68 ./Libraries/STM32F10x_StdPeriph_Driver/src/stm32f10x_pwr.o
 .debug_aranges
                0x00000be0      0x118 ./Libraries/STM32F10x_StdPeriph_Driver/src/stm32f10x_rcc.o
 .debug_aranges
                0x00000cf8       0x88 ./Libraries/STM32F10x_StdPeriph_Driver/src/stm32f10x_rtc.o
 .debug_aranges
                0x00000d80      0x108 ./Libraries/STM32F10x_StdPeriph_Driver/src/stm32f10x_sdio.o
 .debug_aranges
                0x00000e88       0xd0 ./Libraries/STM32F10x_StdPeriph_Driver/src/stm32f10x_spi.o
 .debug_aranges
                0x00000f58      0x2e0 ./Libraries/STM32F10x_StdPeriph_Driver/src/stm32f10x_tim.o
 .debug_aranges
                0x00001238      0x100 ./Libraries/STM32F10x_StdPeriph_Driver/src/stm32f10x_usart.o
 .debug_aranges
                0x00001338       0x58 ./Libraries/STM32F10x_StdPeriph_Driver/src/stm32f10x_wwdg.o
 .debug_aranges
                0x00001390       0x28 ./Libraries/CMSIS/CM3/DeviceSupport/ST/STM32F10x/system_stm32f10x.o
 .debug_aranges
                0x000013b8       0xc8 ./Libraries/CMSIS/CM3/CoreSupport/core_cm3.o

.debug_pubnames
                0x00000000     0x3350
 *(.debug_pubnames)
 .debug_pubnames
                0x00000000       0x39 ./src/CBoard.o
 .debug_pubnames
                0x00000039       0x47 ./src/CPort.o
 .debug_pubnames
                0x00000080      0x485 ./src/main.o
 .debug_pubnames
                0x00000505      0x125 ./src/stm32f10x_it.o
 .debug_pubnames
                0x0000062a      0x115 ./src/syscalls.o
 .debug_pubnames
                0x0000073f       0x89 ./Libraries/STM32F10x_StdPeriph_Driver/src/misc.o
 .debug_pubnames
                0x000007c8      0x401 ./Libraries/STM32F10x_StdPeriph_Driver/src/stm32f10x_adc.o
 .debug_pubnames
                0x00000bc9      0x128 ./Libraries/STM32F10x_StdPeriph_Driver/src/stm32f10x_bkp.o
 .debug_pubnames
                0x00000cf1      0x208 ./Libraries/STM32F10x_StdPeriph_Driver/src/stm32f10x_can.o
 .debug_pubnames
                0x00000ef9      0x12b ./Libraries/STM32F10x_StdPeriph_Driver/src/stm32f10x_cec.o
 .debug_pubnames
                0x00001024       0x82 ./Libraries/STM32F10x_StdPeriph_Driver/src/stm32f10x_crc.o
 .debug_pubnames
                0x000010a6      0x116 ./Libraries/STM32F10x_StdPeriph_Driver/src/stm32f10x_dac.o
 .debug_pubnames
                0x000011bc       0x4c ./Libraries/STM32F10x_StdPeriph_Driver/src/stm32f10x_dbgmcu.o
 .debug_pubnames
                0x00001208       0xea ./Libraries/STM32F10x_StdPeriph_Driver/src/stm32f10x_dma.o
 .debug_pubnames
                0x000012f2       0xbb ./Libraries/STM32F10x_StdPeriph_Driver/src/stm32f10x_exti.o
 .debug_pubnames
                0x000013ad      0x2f2 ./Libraries/STM32F10x_StdPeriph_Driver/src/stm32f10x_flash.o
 .debug_pubnames
                0x0000169f      0x1a3 ./Libraries/STM32F10x_StdPeriph_Driver/src/stm32f10x_fsmc.o
 .debug_pubnames
                0x00001842      0x19d ./Libraries/STM32F10x_StdPeriph_Driver/src/stm32f10x_gpio.o
 .debug_pubnames
                0x000019df      0x2cb ./Libraries/STM32F10x_StdPeriph_Driver/src/stm32f10x_i2c.o
 .debug_pubnames
                0x00001caa       0x91 ./Libraries/STM32F10x_StdPeriph_Driver/src/stm32f10x_iwdg.o
 .debug_pubnames
                0x00001d3b       0xcb ./Libraries/STM32F10x_StdPeriph_Driver/src/stm32f10x_pwr.o
 .debug_pubnames
                0x00001e06      0x2c4 ./Libraries/STM32F10x_StdPeriph_Driver/src/stm32f10x_rcc.o
 .debug_pubnames
                0x000020ca      0x136 ./Libraries/STM32F10x_StdPeriph_Driver/src/stm32f10x_rtc.o
 .debug_pubnames
                0x00002200      0x2ac ./Libraries/STM32F10x_StdPeriph_Driver/src/stm32f10x_sdio.o
 .debug_pubnames
                0x000024ac      0x1f6 ./Libraries/STM32F10x_StdPeriph_Driver/src/stm32f10x_spi.o
 .debug_pubnames
                0x000026a2      0x7b0 ./Libraries/STM32F10x_StdPeriph_Driver/src/stm32f10x_tim.o
 .debug_pubnames
                0x00002e52      0x294 ./Libraries/STM32F10x_StdPeriph_Driver/src/stm32f10x_usart.o
 .debug_pubnames
                0x000030e6       0xb0 ./Libraries/STM32F10x_StdPeriph_Driver/src/stm32f10x_wwdg.o
 .debug_pubnames
                0x00003196       0x61 ./Libraries/CMSIS/CM3/DeviceSupport/ST/STM32F10x/system_stm32f10x.o
 .debug_pubnames
                0x000031f7      0x159 ./Libraries/CMSIS/CM3/CoreSupport/core_cm3.o

.debug_info     0x00000000     0xddc9
 *(.debug_info .gnu.linkonce.wi.*)
 .debug_info    0x00000000      0x14e ./src/CBoard.o
 .debug_info    0x0000014e      0x165 ./src/CPort.o
 .debug_info    0x000002b3      0xf4b ./src/main.o
 .debug_info    0x000011fe       0x6e ./src/startup.o
 .debug_info    0x0000126c      0x1c7 ./src/stm32f10x_it.o
 .debug_info    0x00001433     0x105d ./src/syscalls.o
 .debug_info    0x00002490      0x54c ./Libraries/STM32F10x_StdPeriph_Driver/src/misc.o
 .debug_info    0x000029dc      0xbf1 ./Libraries/STM32F10x_StdPeriph_Driver/src/stm32f10x_adc.o
 .debug_info    0x000035cd      0x876 ./Libraries/STM32F10x_StdPeriph_Driver/src/stm32f10x_bkp.o
 .debug_info    0x00003e43      0xc53 ./Libraries/STM32F10x_StdPeriph_Driver/src/stm32f10x_can.o
 .debug_info    0x00004a96      0x43d ./Libraries/STM32F10x_StdPeriph_Driver/src/stm32f10x_cec.o
 .debug_info    0x00004ed3      0x204 ./Libraries/STM32F10x_StdPeriph_Driver/src/stm32f10x_crc.o
 .debug_info    0x000050d7      0x4df ./Libraries/STM32F10x_StdPeriph_Driver/src/stm32f10x_dac.o
 .debug_info    0x000055b6      0x15f ./Libraries/STM32F10x_StdPeriph_Driver/src/stm32f10x_dbgmcu.o
 .debug_info    0x00005715      0x49d ./Libraries/STM32F10x_StdPeriph_Driver/src/stm32f10x_dma.o
 .debug_info    0x00005bb2      0x363 ./Libraries/STM32F10x_StdPeriph_Driver/src/stm32f10x_exti.o
 .debug_info    0x00005f15      0x828 ./Libraries/STM32F10x_StdPeriph_Driver/src/stm32f10x_flash.o
 .debug_info    0x0000673d      0x99b ./Libraries/STM32F10x_StdPeriph_Driver/src/stm32f10x_fsmc.o
 .debug_info    0x000070d8      0x721 ./Libraries/STM32F10x_StdPeriph_Driver/src/stm32f10x_gpio.o
 .debug_info    0x000077f9      0xb76 ./Libraries/STM32F10x_StdPeriph_Driver/src/stm32f10x_i2c.o
 .debug_info    0x0000836f      0x201 ./Libraries/STM32F10x_StdPeriph_Driver/src/stm32f10x_iwdg.o
 .debug_info    0x00008570      0x460 ./Libraries/STM32F10x_StdPeriph_Driver/src/stm32f10x_pwr.o
 .debug_info    0x000089d0      0x8ea ./Libraries/STM32F10x_StdPeriph_Driver/src/stm32f10x_rcc.o
 .debug_info    0x000092ba      0x46e ./Libraries/STM32F10x_StdPeriph_Driver/src/stm32f10x_rtc.o
 .debug_info    0x00009728      0x878 ./Libraries/STM32F10x_StdPeriph_Driver/src/stm32f10x_sdio.o
 .debug_info    0x00009fa0      0x960 ./Libraries/STM32F10x_StdPeriph_Driver/src/stm32f10x_spi.o
 .debug_info    0x0000a900     0x1e1a ./Libraries/STM32F10x_StdPeriph_Driver/src/stm32f10x_tim.o
 .debug_info    0x0000c71a      0xa52 ./Libraries/STM32F10x_StdPeriph_Driver/src/stm32f10x_usart.o