Archive member included because of file (symbol)

/home/reymondo/CodeSourcery/Sourcery_G++_Lite/bin/../lib/gcc/arm-none-eabi/4.5.2/../../../../arm-none-eabi/lib/thumb2/libstdc++.a(del_op.o)
                              out/main.o (_ZdlPv)
/home/reymondo/CodeSourcery/Sourcery_G++_Lite/bin/../lib/gcc/arm-none-eabi/4.5.2/../../../../arm-none-eabi/lib/thumb2/libstdc++.a(new_op.o)
                              out/main.o (_Znwj)
/home/reymondo/CodeSourcery/Sourcery_G++_Lite/bin/../lib/gcc/arm-none-eabi/4.5.2/../../../../arm-none-eabi/lib/thumb2/libstdc++.a(eh_personality.o)
                              /home/reymondo/CodeSourcery/Sourcery_G++_Lite/bin/../lib/gcc/arm-none-eabi/4.5.2/../../../../arm-none-eabi/lib/thumb2/libstdc++.a(new_op.o) (__gxx_personality_v0)
/home/reymondo/CodeSourcery/Sourcery_G++_Lite/bin/../lib/gcc/arm-none-eabi/4.5.2/../../../../arm-none-eabi/lib/thumb2/libstdc++.a(eh_throw.o)
                              /home/reymondo/CodeSourcery/Sourcery_G++_Lite/bin/../lib/gcc/arm-none-eabi/4.5.2/../../../../arm-none-eabi/lib/thumb2/libstdc++.a(new_op.o) (__cxa_throw)
/home/reymondo/CodeSourcery/Sourcery_G++_Lite/bin/../lib/gcc/arm-none-eabi/4.5.2/../../../../arm-none-eabi/lib/thumb2/libstdc++.a(pure.o)
                              out/main.o (__cxa_pure_virtual)
/home/reymondo/CodeSourcery/Sourcery_G++_Lite/bin/../lib/gcc/arm-none-eabi/4.5.2/../../../../arm-none-eabi/lib/thumb2/libstdc++.a(eh_unex_handler.o)
                              /home/reymondo/CodeSourcery/Sourcery_G++_Lite/bin/../lib/gcc/arm-none-eabi/4.5.2/../../../../arm-none-eabi/lib/thumb2/libstdc++.a(eh_throw.o) (_ZN10__cxxabiv120__unexpected_handlerE)
/home/reymondo/CodeSourcery/Sourcery_G++_Lite/bin/../lib/gcc/arm-none-eabi/4.5.2/../../../../arm-none-eabi/lib/thumb2/libstdc++.a(eh_globals.o)
                              /home/reymondo/CodeSourcery/Sourcery_G++_Lite/bin/../lib/gcc/arm-none-eabi/4.5.2/../../../../arm-none-eabi/lib/thumb2/libstdc++.a(eh_throw.o) (__cxa_get_globals)
/home/reymondo/CodeSourcery/Sourcery_G++_Lite/bin/../lib/gcc/arm-none-eabi/4.5.2/../../../../arm-none-eabi/lib/thumb2/libstdc++.a(eh_catch.o)
                              /home/reymondo/CodeSourcery/Sourcery_G++_Lite/bin/../lib/gcc/arm-none-eabi/4.5.2/../../../../arm-none-eabi/lib/thumb2/libstdc++.a(eh_personality.o) (__cxa_begin_catch)
/home/reymondo/CodeSourcery/Sourcery_G++_Lite/bin/../lib/gcc/arm-none-eabi/4.5.2/../../../../arm-none-eabi/lib/thumb2/libstdc++.a(eh_arm.o)
                              /home/reymondo/CodeSourcery/Sourcery_G++_Lite/bin/../lib/gcc/arm-none-eabi/4.5.2/../../../../arm-none-eabi/lib/thumb2/libstdc++.a(new_op.o) (__cxa_end_cleanup)
/home/reymondo/CodeSourcery/Sourcery_G++_Lite/bin/../lib/gcc/arm-none-eabi/4.5.2/../../../../arm-none-eabi/lib/thumb2/libstdc++.a(eh_terminate.o)
                              /home/reymondo/CodeSourcery/Sourcery_G++_Lite/bin/../lib/gcc/arm-none-eabi/4.5.2/../../../../arm-none-eabi/lib/thumb2/libstdc++.a(eh_throw.o) (_ZN10__cxxabiv111__terminateEPFvvE)
/home/reymondo/CodeSourcery/Sourcery_G++_Lite/bin/../lib/gcc/arm-none-eabi/4.5.2/../../../../arm-none-eabi/lib/thumb2/libstdc++.a(eh_alloc.o)
                              /home/reymondo/CodeSourcery/Sourcery_G++_Lite/bin/../lib/gcc/arm-none-eabi/4.5.2/../../../../arm-none-eabi/lib/thumb2/libstdc++.a(new_op.o) (__cxa_allocate_exception)
/home/reymondo/CodeSourcery/Sourcery_G++_Lite/bin/../lib/gcc/arm-none-eabi/4.5.2/../../../../arm-none-eabi/lib/thumb2/libstdc++.a(eh_call.o)
                              /home/reymondo/CodeSourcery/Sourcery_G++_Lite/bin/../lib/gcc/arm-none-eabi/4.5.2/../../../../arm-none-eabi/lib/thumb2/libstdc++.a(eh_personality.o) (__cxa_call_terminate)
/home/reymondo/CodeSourcery/Sourcery_G++_Lite/bin/../lib/gcc/arm-none-eabi/4.5.2/../../../../arm-none-eabi/lib/thumb2/libstdc++.a(new_handler.o)
                              /home/reymondo/CodeSourcery/Sourcery_G++_Lite/bin/../lib/gcc/arm-none-eabi/4.5.2/../../../../arm-none-eabi/lib/thumb2/libstdc++.a(new_op.o) (_ZNSt9bad_allocD1Ev)
/home/reymondo/CodeSourcery/Sourcery_G++_Lite/bin/../lib/gcc/arm-none-eabi/4.5.2/../../../../arm-none-eabi/lib/thumb2/libstdc++.a(eh_term_handler.o)
                              /home/reymondo/CodeSourcery/Sourcery_G++_Lite/bin/../lib/gcc/arm-none-eabi/4.5.2/../../../../arm-none-eabi/lib/thumb2/libstdc++.a(eh_throw.o) (_ZN10__cxxabiv119__terminate_handlerE)
/home/reymondo/CodeSourcery/Sourcery_G++_Lite/bin/../lib/gcc/arm-none-eabi/4.5.2/../../../../arm-none-eabi/lib/thumb2/libstdc++.a(vterminate.o)
                              /home/reymondo/CodeSourcery/Sourcery_G++_Lite/bin/../lib/gcc/arm-none-eabi/4.5.2/../../../../arm-none-eabi/lib/thumb2/libstdc++.a(eh_term_handler.o) (_ZN9__gnu_cxx27__verbose_terminate_handlerEv)
/home/reymondo/CodeSourcery/Sourcery_G++_Lite/bin/../lib/gcc/arm-none-eabi/4.5.2/../../../../arm-none-eabi/lib/thumb2/libstdc++.a(eh_exception.o)
[...]
Memory Configuration

Name             Origin             Length             Attributes
FLASH            0x08000000         0x00040000         xr
RAM              0x20000000         0x00010000         xrw
*default*        0x00000000         0xffffffff

Linker script and memory map

LOAD /home/reymondo/CodeSourcery/Sourcery_G++_Lite/bin/../lib/gcc/arm-none-eabi/4.5.2/thumb2/crti.o
LOAD /home/reymondo/CodeSourcery/Sourcery_G++_Lite/bin/../lib/gcc/arm-none-eabi/4.5.2/thumb2/crtbegin.o
LOAD out/startup_stm32f10x_cl.o
LOAD out/stm32f10x_it.o
LOAD out/syscalls.o
LOAD out/vectors.o
LOAD out/core_cm3.o
LOAD out/system_stm32f10x.o
LOAD out/misc.o
LOAD out/stm32f10x_adc.o
LOAD out/stm32f10x_bkp.o
LOAD out/stm32f10x_can.o
LOAD out/stm32f10x_cec.o
LOAD out/stm32f10x_crc.o
LOAD out/stm32f10x_dac.o
LOAD out/stm32f10x_dbgmcu.o
LOAD out/stm32f10x_dma.o
LOAD out/stm32f10x_exti.o
LOAD out/stm32f10x_flash.o
LOAD out/stm32f10x_fsmc.o
LOAD out/stm32f10x_gpio.o
LOAD out/stm32f10x_i2c.o
LOAD out/stm32f10x_iwdg.o
LOAD out/stm32f10x_pwr.o
LOAD out/stm32f10x_rcc.o
LOAD out/stm32f10x_rtc.o
LOAD out/stm32f10x_sdio.o
LOAD out/stm32f10x_spi.o
LOAD out/stm32f10x_tim.o
LOAD out/stm32f10x_usart.o
LOAD out/stm32f10x_wwdg.o
LOAD out/main.o
LOAD out/CGpioManager.o
LOAD out/CRccManager.o
LOAD out/CUsartIrqHandler.o
LOAD out/CUsartStateRunning.o
LOAD out/CUsartStateUnusable.o
LOAD out/CUsartStateUsable.o
LOAD /home/reymondo/CodeSourcery/Sourcery_G++_Lite/bin/../lib/gcc/arm-none-eabi/4.5.2/../../../../arm-none-eabi/lib/thumb2/libstdc++.a
LOAD /home/reymondo/CodeSourcery/Sourcery_G++_Lite/bin/../lib/gcc/arm-none-eabi/4.5.2/../../../../arm-none-eabi/lib/thumb2/libm.a
START GROUP
LOAD /home/reymondo/CodeSourcery/Sourcery_G++_Lite/bin/../lib/gcc/arm-none-eabi/4.5.2/thumb2/libgcc.a
LOAD /home/reymondo/CodeSourcery/Sourcery_G++_Lite/bin/../lib/gcc/arm-none-eabi/4.5.2/../../../../arm-none-eabi/lib/thumb2/libc.a
END GROUP
LOAD /home/reymondo/CodeSourcery/Sourcery_G++_Lite/bin/../lib/gcc/arm-none-eabi/4.5.2/thumb2/crtend.o
LOAD /home/reymondo/CodeSourcery/Sourcery_G++_Lite/bin/../lib/gcc/arm-none-eabi/4.5.2/thumb2/crtn.o
                0x00000400                __Stack_Size = 0x400
                0x00000400                PROVIDE (_Stack_Size, __Stack_Size)
                0x2000fbff                __Stack_Init = (_estack - __Stack_Size)
                0x2000fbff                PROVIDE (_Stack_Init, __Stack_Init)
                0x00000100                _Minimum_Stack_Size = 0x100
                0x20000000                __ram_start = 0x20000000
                0x00010000                __ram_size = 0x10000
                0x20010000                __ram_end = (__ram_start + __ram_size)
                0x2000ffff                _estack = 0x2000ffff

.isr_vector     0x08000000      0x1e4
                0x08000000                . = ALIGN (0x4)
 *(.isr_vector)
 .isr_vector    0x08000000      0x1e4 out/startup_stm32f10x_cl.o
                0x08000000                g_pfnVectors
                0x080001e4                . = ALIGN (0x4)

.ARM.extab.text._Znwj
                0x080001e4       0x20
 .ARM.extab.text._Znwj
                0x080001e4       0x20 /home/reymondo/CodeSourcery/Sourcery_G++_Lite/bin/../lib/gcc/arm-none-eabi/4.5.2/../../../../arm-none-eabi/lib/thumb2/libstdc++.a(new_op.o)

.ARM.extab.text.__gxx_personality_v0
                0x08000204       0x24
 .ARM.extab.text.__gxx_personality_v0
                0x08000204       0x24 /home/reymondo/CodeSourcery/Sourcery_G++_Lite/bin/../lib/gcc/arm-none-eabi/4.5.2/../../../../arm-none-eabi/lib/thumb2/libstdc++.a(eh_personality.o)

.ARM.extab.text.__cxa_pure_virtual
                0x08000228        0xc
 .ARM.extab.text.__cxa_pure_virtual
                0x08000228        0xc /home/reymondo/CodeSourcery/Sourcery_G++_Lite/bin/../lib/gcc/arm-none-eabi/4.5.2/../../../../arm-none-eabi/lib/thumb2/libstdc++.a(pure.o)

.ARM.extab.text.__cxa_begin_catch
                0x08000234       0x20
 .ARM.extab.text.__cxa_begin_catch
                0x08000234       0x20 /home/reymondo/CodeSourcery/Sourcery_G++_Lite/bin/../lib/gcc/arm-none-eabi/4.5.2/../../../../arm-none-eabi/lib/thumb2/libstdc++.a(eh_catch.o)

.ARM.extab.text._ZN10__cxxabiv111__terminateEPFvvE
                0x08000254       0x2c
 .ARM.extab.text._ZN10__cxxabiv111__terminateEPFvvE
                0x08000254       0x2c /home/reymondo/CodeSourcery/Sourcery_G++_Lite/bin/../lib/gcc/arm-none-eabi/4.5.2/../../../../arm-none-eabi/lib/thumb2/libstdc++.a(eh_terminate.o)

.ARM.extab.text._ZN10__cxxabiv112__unexpectedEPFvvE
                0x08000280        0xc
 .ARM.extab.text._ZN10__cxxabiv112__unexpectedEPFvvE
                0x08000280        0xc /home/reymondo/CodeSourcery/Sourcery_G++_Lite/bin/../lib/gcc/arm-none-eabi/4.5.2/../../../../arm-none-eabi/lib/thumb2/libstdc++.a(eh_terminate.o)

.ARM.extab.text._ZSt10unexpectedv
                0x0800028c        0xc
 .ARM.extab.text._ZSt10unexpectedv
                0x0800028c        0xc /home/reymondo/CodeSourcery/Sourcery_G++_Lite/bin/../lib/gcc/arm-none-eabi/4.5.2/../../../../arm-none-eabi/lib/thumb2/libstdc++.a(eh_terminate.o)

.ARM.extab.text.__cxa_call_unexpected
                0x08000298       0x28
 .ARM.extab.text.__cxa_call_unexpected
                0x08000298       0x28 /home/reymondo/CodeSourcery/Sourcery_G++_Lite/bin/../lib/gcc/arm-none-eabi/4.5.2/../../../../arm-none-eabi/lib/thumb2/libstdc++.a(eh_call.o)

.ARM.extab.text._ZN9__gnu_cxx27__verbose_terminate_handlerEv
                0x080002c0       0x40
 .ARM.extab.text._ZN9__gnu_cxx27__verbose_terminate_handlerEv
                0x080002c0       0x40 /home/reymondo/CodeSourcery/Sourcery_G++_Lite/bin/../lib/gcc/arm-none-eabi/4.5.2/../../../../arm-none-eabi/lib/thumb2/libstdc++.a(vterminate.o)

.ARM.extab      0x08000300       0x30
 .ARM.extab     0x08000300       0x18 /home/reymondo/CodeSourcery/Sourcery_G++_Lite/bin/../lib/gcc/arm-none-eabi/4.5.2/thumb2/libgcc.a(unwind-arm.o)
 .ARM.extab     0x08000318       0x18 /home/reymondo/CodeSourcery/Sourcery_G++_Lite/bin/../lib/gcc/arm-none-eabi/4.5.2/thumb2/libgcc.a(pr-support.o)

.text           0x08000330    0x15ae0
                0x08000330                . = ALIGN (0x4)
 *(.text)
 .text          0x08000330        0xc /home/reymondo/CodeSourcery/Sourcery_G++_Lite/bin/../lib/gcc/arm-none-eabi/4.5.2/../../../../arm-none-eabi/lib/thumb2/libstdc++.a(eh_arm.o)
                0x08000330                __cxa_end_cleanup
 .text          0x0800033c     0x912c /home/reymondo/CodeSourcery/Sourcery_G++_Lite/bin/../lib/gcc/arm-none-eabi/4.5.2/../../../../arm-none-eabi/lib/thumb2/libstdc++.a(cp-demangle.o)
                0x08009360                __cxa_demangle
                0x0800943c                __gcclibcxx_demangle_callback
 .text          0x08009468      0xc38 /home/reymondo/CodeSourcery/Sourcery_G++_Lite/bin/../lib/gcc/arm-none-eabi/4.5.2/thumb2/libgcc.a(unwind-arm.o)
                0x08009744                _Unwind_VRS_Get
                0x08009790                _Unwind_VRS_Set
                0x08009b2c                __aeabi_unwind_cpp_pr2
                0x08009b30                __aeabi_unwind_cpp_pr1
                0x08009b34                __aeabi_unwind_cpp_pr0
                0x08009b38                _Unwind_VRS_Pop
                0x08009f20                _Unwind_GetCFA
                0x08009f24                __gnu_Unwind_RaiseException
                0x08009f94                __gnu_Unwind_ForcedUnwind
                0x08009fa8                __gnu_Unwind_Resume
                0x08009fe4                __gnu_Unwind_Resume_or_Rethrow
                0x08009ffc                _Unwind_Complete
                0x0800a000                _Unwind_DeleteException
                0x0800a010                __gnu_Unwind_Backtrace
 .text          0x0800a0a0      0x1ac /home/reymondo/CodeSourcery/Sourcery_G++_Lite/bin/../lib/gcc/arm-none-eabi/4.5.2/thumb2/libgcc.a(libunwind.o)
                0x0800a0a0                __restore_core_regs
                0x0800a0a0                restore_core_regs
                0x0800a0b8                __gnu_Unwind_Restore_VFP
                0x0800a0c0                __gnu_Unwind_Save_VFP
                0x0800a0c8                __gnu_Unwind_Restore_VFP_D
                0x0800a0d0                __gnu_Unwind_Save_VFP_D
                0x0800a0d8                __gnu_Unwind_Restore_VFP_D_16_to_31
                0x0800a0e0                __gnu_Unwind_Save_VFP_D_16_to_31
                0x0800a0e8                __gnu_Unwind_Restore_WMMXD
                0x0800a12c                __gnu_Unwind_Save_WMMXD
                0x0800a170                __gnu_Unwind_Restore_WMMXC
                0x0800a184                __gnu_Unwind_Save_WMMXC
                0x0800a198                ___Unwind_RaiseException
                0x0800a198                _Unwind_RaiseException
                0x0800a1bc                ___Unwind_Resume
                0x0800a1bc                _Unwind_Resume
                0x0800a1e0                _Unwind_Resume_or_Rethrow
                0x0800a1e0                ___Unwind_Resume_or_Rethrow
                0x0800a204                ___Unwind_ForcedUnwind
                0x0800a204                _Unwind_ForcedUnwind
                0x0800a228                _Unwind_Backtrace
                0x0800a228                ___Unwind_Backtrace
 .text          0x0800a24c      0x3c0 /home/reymondo/CodeSourcery/Sourcery_G++_Lite/bin/../lib/gcc/arm-none-eabi/4.5.2/thumb2/libgcc.a(pr-support.o)
                0x0800a2a0                __gnu_unwind_execute
                0x0800a5b0                __gnu_unwind_frame
                0x0800a5dc                _Unwind_GetRegionStart
                0x0800a5e8                _Unwind_GetLanguageSpecificData
                0x0800a5fc                _Unwind_GetDataRelBase
                0x0800a604                _Unwind_GetTextRelBase
 .text          0x0800a60c       0x10 /home/reymondo/CodeSourcery/Sourcery_G++_Lite/bin/../lib/gcc/arm-none-eabi/4.5.2/../../../../arm-none-eabi/lib/thumb2/libc.a(lib_a-abort.o)
                0x0800a60c                abort
 .text          0x0800a61c       0xac /home/reymondo/CodeSourcery/Sourcery_G++_Lite/bin/../lib/gcc/arm-none-eabi/4.5.2/../../../../arm-none-eabi/lib/thumb2/libc.a(lib_a-fputc.o)
                0x0800a61c                _fputc_r
                0x0800a670                fputc
 .text          0x0800a6c8       0x90 /home/reymondo/CodeSourcery/Sourcery_G++_Lite/bin/../lib/gcc/arm-none-eabi/4.5.2/../../../../arm-none-eabi/lib/thumb2/libc.a(lib_a-fputs.o)
                0x0800a6c8                _fputs_r
                0x0800a748                fputs
 .text          0x0800a758      0x338 /home/reymondo/CodeSourcery/Sourcery_G++_Lite/bin/../lib/gcc/arm-none-eabi/4.5.2/../../../../arm-none-eabi/lib/thumb2/libc.a(lib_a-fvwrite.o)
                0x0800a758                __sfvwrite_r
 .text          0x0800aa90       0xc0 /home/reymondo/CodeSourcery/Sourcery_G++_Lite/bin/../lib/gcc/arm-none-eabi/4.5.2/../../../../arm-none-eabi/lib/thumb2/libc.a(lib_a-fwrite.o)
                0x0800aa90                _fwrite_r
                0x0800ab2c                fwrite
 .text          0x0800ab50       0x20 /home/reymondo/CodeSourcery/Sourcery_G++_Lite/bin/../lib/gcc/arm-none-eabi/4.5.2/../../../../arm-none-eabi/lib/thumb2/libc.a(lib_a-malloc.o)
                0x0800ab50                malloc
                0x0800ab60                free
 .text          0x0800ab70      0x57c /home/reymondo/CodeSourcery/Sourcery_G++_Lite/bin/../lib/gcc/arm-none-eabi/4.5.2/../../../../arm-none-eabi/lib/thumb2/libc.a(lib_a-mallocr.o)
                0x0800ab70                _malloc_r
 .text          0x0800b0ec       0x8c /home/reymondo/CodeSourcery/Sourcery_G++_Lite/bin/../lib/gcc/arm-none-eabi/4.5.2/../../../../arm-none-eabi/lib/thumb2/libc.a(lib_a-memchr.o)
                0x0800b0ec                memchr
 .text          0x0800b178       0x64 /home/reymondo/CodeSourcery/Sourcery_G++_Lite/bin/../lib/gcc/arm-none-eabi/4.5.2/../../../../arm-none-eabi/lib/thumb2/libc.a(lib_a-memcmp.o)
                0x0800b178                memcmp
 .text          0x0800b1dc      0x150 /home/reymondo/CodeSourcery/Sourcery_G++_Lite/bin/../lib/gcc/arm-none-eabi/4.5.2/../../../../arm-none-eabi/lib/thumb2/libc.a(lib_a-memcpy.o)
                0x0800b1dc                memcpy
 .text          0x0800b32c       0xb4 /home/reymondo/CodeSourcery/Sourcery_G++_Lite/bin/../lib/gcc/arm-none-eabi/4.5.2/../../../../arm-none-eabi/lib/thumb2/libc.a(lib_a-memmove.o)
                0x0800b32c                memmove
 .text          0x0800b3e0       0xb4 /home/reymondo/CodeSourcery/Sourcery_G++_Lite/bin/../lib/gcc/arm-none-eabi/4.5.2/../../../../arm-none-eabi/lib/thumb2/libc.a(lib_a-memset.o)
                0x0800b3e0                memset
 .text          0x0800b494        0x8 /home/reymondo/CodeSourcery/Sourcery_G++_Lite/bin/../lib/gcc/arm-none-eabi/4.5.2/../../../../arm-none-eabi/lib/thumb2/libc.a(lib_a-mlock.o)
                0x0800b494                __malloc_lock
                0x0800b498                __malloc_unlock
 .text          0x0800b49c      0x138 /home/reymondo/CodeSourcery/Sourcery_G++_Lite/bin/../lib/gcc/arm-none-eabi/4.5.2/../../../../arm-none-eabi/lib/thumb2/libc.a(lib_a-putc.o)
                0x0800b49c                _putc_r
                0x0800b52c                putc
 .text          0x0800b5d4       0x14 /home/reymondo/CodeSourcery/Sourcery_G++_Lite/bin/../lib/gcc/arm-none-eabi/4.5.2/../../../../arm-none-eabi/lib/thumb2/libc.a(lib_a-realloc.o)
                0x0800b5d4                realloc
 .text          0x0800b5e8      0x41c /home/reymondo/CodeSourcery/Sourcery_G++_Lite/bin/../lib/gcc/arm-none-eabi/4.5.2/../../../../arm-none-eabi/lib/thumb2/libc.a(lib_a-reallocr.o)
                0x0800b5e8                _realloc_r
 .text          0x0800ba04      0x154 /home/reymondo/CodeSourcery/Sourcery_G++_Lite/bin/../lib/gcc/arm-none-eabi/4.5.2/../../../../arm-none-eabi/lib/thumb2/libc.a(lib_a-signal.o)
                0x0800ba04                _init_signal_r
                0x0800ba34                _signal_r
                0x0800ba70                _raise_r
                0x0800bac8                __sigtramp_r
                0x0800bb1c                raise
                0x0800bb2c                signal
                0x0800bb3c                _init_signal
                0x0800bb48                __sigtramp
 .text          0x0800bb58       0x94 /home/reymondo/CodeSourcery/Sourcery_G++_Lite/bin/../lib/gcc/arm-none-eabi/4.5.2/../../../../arm-none-eabi/lib/thumb2/libc.a(lib_a-sprintf.o)
                0x0800bb58                _sprintf_r
                0x0800bb9c                sprintf
 .text          0x0800bbec      0x1dc /home/reymondo/CodeSourcery/Sourcery_G++_Lite/bin/../lib/gcc/arm-none-eabi/4.5.2/../../../../arm-none-eabi/lib/thumb2/libc.a(lib_a-strcmp.o)
                0x0800bbec                strcmp
 .text          0x0800bdc8       0xbc /home/reymondo/CodeSourcery/Sourcery_G++_Lite/bin/../lib/gcc/arm-none-eabi/4.5.2/../../../../arm-none-eabi/lib/thumb2/libc.a(lib_a-strcpy.o)
                0x0800bdc8                strcpy
 .text          0x0800be84       0x60 /home/reymondo/CodeSourcery/Sourcery_G++_Lite/bin/../lib/gcc/arm-none-eabi/4.5.2/../../../../arm-none-eabi/lib/thumb2/libc.a(lib_a-strlen.o)
                0x0800be84                strlen
 .text          0x0800bee4       0xac /home/reymondo/CodeSourcery/Sourcery_G++_Lite/bin/../lib/gcc/arm-none-eabi/4.5.2/../../../../arm-none-eabi/lib/thumb2/libc.a(lib_a-strncmp.o)
                0x0800bee4                strncmp
 .text          0x0800bf90     0x1640 /home/reymondo/CodeSourcery/Sourcery_G++_Lite/bin/../lib/gcc/arm-none-eabi/4.5.2/../../../../arm-none-eabi/lib/thumb2/libc.a(lib_a-svfprintf.o)
                0x0800bf90                _svfprintf_r
 .text          0x0800d5d0       0x1c /home/reymondo/CodeSourcery/Sourcery_G++_Lite/bin/../lib/gcc/arm-none-eabi/4.5.2/../../../../arm-none-eabi/lib/thumb2/libc.a(lib_a-syswrite.o)
                0x0800d5d0                write
 .text          0x0800d5ec       0xfc /home/reymondo/CodeSourcery/Sourcery_G++_Lite/bin/../lib/gcc/arm-none-eabi/4.5.2/../../../../arm-none-eabi/lib/thumb2/libc.a(lib_a-wbuf.o)
                0x0800d5ec                __swbuf_r
                0x0800d6d8                __swbuf
 .text          0x0800d6e8      0x104 /home/reymondo/CodeSourcery/Sourcery_G++_Lite/bin/../lib/gcc/arm-none-eabi/4.5.2/../../../../arm-none-eabi/lib/thumb2/libc.a(lib_a-wsetup.o)
                0x0800d6e8                __swsetup_r
 *fill*         0x0800d7ec        0x4 00
 .text          0x0800d7f0      0xfe8 /home/reymondo/CodeSourcery/Sourcery_G++_Lite/bin/../lib/gcc/arm-none-eabi/4.5.2/../../../../arm-none-eabi/lib/thumb2/libc.a(lib_a-dtoa.o)
                0x0800d91c                _dtoa_r
 .text          0x0800e7d8      0x1ec /home/reymondo/CodeSourcery/Sourcery_G++_Lite/bin/../lib/gcc/arm-none-eabi/4.5.2/../../../../arm-none-eabi/lib/thumb2/libc.a(lib_a-fflush.o)
                0x0800e7d8                _fflush_r
                0x0800e99c                fflush
 .text          0x0800e9c4      0x220 /home/reymondo/CodeSourcery/Sourcery_G++_Lite/bin/../lib/gcc/arm-none-eabi/4.5.2/../../../../arm-none-eabi/lib/thumb2/libc.a(lib_a-findfp.o)
                0x0800e9cc                _cleanup_r
                0x0800e9d8                __sfmoreglue
                0x0800ea08                _cleanup
                0x0800ea14                __sinit
                0x0800eb1c                __sfp
                0x0800eba4                __sfp_lock_acquire
                0x0800eba8                __sfp_lock_release
                0x0800ebac                __sinit_lock_acquire
                0x0800ebb0                __sinit_lock_release
                0x0800ebb4                __fp_lock_all
                0x0800ebcc                __fp_unlock_all
 .text          0x0800ebe4      0x240 /home/reymondo/CodeSourcery/Sourcery_G++_Lite/bin/../lib/gcc/arm-none-eabi/4.5.2/../../../../arm-none-eabi/lib/thumb2/libc.a(lib_a-freer.o)
                0x0800ebe4                _malloc_trim_r
                0x0800ec8c                _free_r
 .text          0x0800ee24       0xac /home/reymondo/CodeSourcery/Sourcery_G++_Lite/bin/../lib/gcc/arm-none-eabi/4.5.2/../../../../arm-none-eabi/lib/thumb2/libc.a(lib_a-fwalk.o)
                0x0800ee24                _fwalk
                0x0800ee78                _fwalk_reent
 .text          0x0800eed0       0xa0 /home/reymondo/CodeSourcery/Sourcery_G++_Lite/bin/../lib/gcc/arm-none-eabi/4.5.2/../../../../arm-none-eabi/lib/thumb2/libc.a(lib_a-locale.o)
                0x0800eed0                _setlocale_r
                0x0800ef2c                __locale_charset
                0x0800ef38                __locale_mb_cur_max
                0x0800ef44                __locale_msgcharset
                0x0800ef4c                __locale_cjk_lang
                0x0800ef50                _localeconv_r
                0x0800ef58                setlocale
                0x0800ef68                localeconv
 .text          0x0800ef70       0xec /home/reymondo/CodeSourcery/Sourcery_G++_Lite/bin/../lib/gcc/arm-none-eabi/4.5.2/../../../../arm-none-eabi/lib/thumb2/libc.a(lib_a-makebuf.o)
                0x0800ef70                __smakebuf_r
 .text          0x0800f05c      0x91c /home/reymondo/CodeSourcery/Sourcery_G++_Lite/bin/../lib/gcc/arm-none-eabi/4.5.2/../../../../arm-none-eabi/lib/thumb2/libc.a(lib_a-mprec.o)
                0x0800f05c                _Balloc
                0x0800f0c4                _Bfree
                0x0800f0fc                __multadd
                0x0800f180                __s2b
                0x0800f218                __hi0bits
                0x0800f258                __lo0bits
                0x0800f2bc                __i2b
                0x0800f2d0                __multiply
                0x0800f3f8                __pow5mult
                0x0800f49c                __lshift
                0x0800f548                __mcmp
                0x0800f584                __mdiff
                0x0800f67c                __ulp
                0x0800f6c4                __b2d
                0x0800f770                __d2b
                0x0800f838                __ratio
                0x0800f8a0                _mprec_log10
                0x0800f8d4                __copybits
                0x0800f91c                __any_on
 .text          0x0800f978       0x90 /home/reymondo/CodeSourcery/Sourcery_G++_Lite/bin/../lib/gcc/arm-none-eabi/4.5.2/../../../../arm-none-eabi/lib/thumb2/libc.a(lib_a-s_fpclassify.o)
                0x0800f978                __fpclassifyd
 .text          0x0800fa08       0x94 /home/reymondo/CodeSourcery/Sourcery_G++_Lite/bin/../lib/gcc/arm-none-eabi/4.5.2/../../../../arm-none-eabi/lib/thumb2/libc.a(lib_a-stdio.o)
                0x0800fa08                __sread
                0x0800fa2c                __seofread
                0x0800fa30                __swrite
                0x0800fa6c                __sseek
                0x0800fa94                __sclose
 .text          0x0800fa9c      0xbe8 /home/reymondo/CodeSourcery/Sourcery_G++_Lite/bin/../lib/gcc/arm-none-eabi/4.5.2/../../../../arm-none-eabi/lib/thumb2/libc.a(lib_a-svfiprintf.o)
                0x0800fa9c                __ssprint_r
                0x0800fba4                _svfiprintf_r
 .text          0x08010684       0x5c /home/reymondo/CodeSourcery/Sourcery_G++_Lite/bin/../lib/gcc/arm-none-eabi/4.5.2/../../../../arm-none-eabi/lib/thumb2/libc.a(lib_a-callocr.o)
                0x08010684                _calloc_r
 .text          0x080106e0       0xc4 /home/reymondo/CodeSourcery/Sourcery_G++_Lite/bin/../lib/gcc/arm-none-eabi/4.5.2/../../../../arm-none-eabi/lib/thumb2/libc.a(lib_a-fclose.o)
                0x080106e0                _fclose_r
                0x08010794                fclose
 *fill*         0x080107a4        0x4 00
 .text          0x080107a8      0x278 /home/reymondo/CodeSourcery/Sourcery_G++_Lite/bin/../lib/gcc/arm-none-eabi/4.5.2/thumb2/libgcc.a(_udivsi3.o)
                0x080107a8                __udivsi3
                0x080107a8                __aeabi_uidiv
                0x08010a04                __aeabi_uidivmod
 .text          0x08010a20        0x4 /home/reymondo/CodeSourcery/Sourcery_G++_Lite/bin/../lib/gcc/arm-none-eabi/4.5.2/thumb2/libgcc.a(_dvmd_tls.o)
                0x08010a20                __aeabi_ldiv0
                0x08010a20                __aeabi_idiv0
 .text          0x08010a24      0x370 /home/reymondo/CodeSourcery/Sourcery_G++_Lite/bin/../lib/gcc/arm-none-eabi/4.5.2/thumb2/libgcc.a(_arm_addsubdf3.o)
                0x08010a24                __aeabi_drsub
                0x08010a2c                __aeabi_dsub
                0x08010a2c                __subdf3
                0x08010a30                __adddf3
                0x08010a30                __aeabi_dadd
                0x08010ca8                __aeabi_ui2d
                0x08010ca8                __floatunsidf
                0x08010cc8                __floatsidf
                0x08010cc8                __aeabi_i2d
                0x08010cec                __extendsfdf2
                0x08010cec                __aeabi_f2d
                0x08010d28                __aeabi_ul2d
                0x08010d28                __floatundidf
                0x08010d38                __floatdidf
                0x08010d38                __aeabi_l2d
 .text          0x08010d94      0x424 /home/reymondo/CodeSourcery/Sourcery_G++_Lite/bin/../lib/gcc/arm-none-eabi/4.5.2/thumb2/libgcc.a(_arm_muldivdf3.o)
                0x08010d94                __aeabi_dmul
                0x08010d94                __muldf3
                0x08010fe8                __aeabi_ddiv
                0x08010fe8                __divdf3
 .text          0x080111b8      0x110 /home/reymondo/CodeSourcery/Sourcery_G++_Lite/bin/../lib/gcc/arm-none-eabi/4.5.2/thumb2/libgcc.a(_arm_cmpdf2.o)
                0x080111b8                __gtdf2
                0x080111b8                __gedf2
                0x080111c0                __ltdf2
                0x080111c0                __ledf2
                0x080111c8                __cmpdf2
                0x080111c8                __eqdf2
                0x080111c8                __nedf2
                0x08011244                __aeabi_cdrcmple
                0x08011254                __aeabi_cdcmple
                0x08011254                __aeabi_cdcmpeq
                0x08011264                __aeabi_dcmpeq
                0x08011278                __aeabi_dcmplt
                0x0801128c                __aeabi_dcmple
                0x080112a0                __aeabi_dcmpge
                0x080112b4                __aeabi_dcmpgt
 .text          0x080112c8       0x50 /home/reymondo/CodeSourcery/Sourcery_G++_Lite/bin/../lib/gcc/arm-none-eabi/4.5.2/thumb2/libgcc.a(_arm_fixdfsi.o)
                0x080112c8                __fixdfsi
                0x080112c8                __aeabi_d2iz
 .text          0x08011318       0x2c /home/reymondo/CodeSourcery/Sourcery_G++_Lite/bin/../lib/gcc/arm-none-eabi/4.5.2/thumb2/libgcc.a(_aeabi_uldivmod.o)
                0x08011318                __aeabi_uldivmod
 .text          0x08011344       0x60 /home/reymondo/CodeSourcery/Sourcery_G++_Lite/bin/../lib/gcc/arm-none-eabi/4.5.2/thumb2/libgcc.a(bpabi.o)
                0x08011344                __gnu_ldivmod_helper
                0x08011374                __gnu_uldivmod_helper
 .text          0x080113a4      0x360 /home/reymondo/CodeSourcery/Sourcery_G++_Lite/bin/../lib/gcc/arm-none-eabi/4.5.2/thumb2/libgcc.a(_divdi3.o)
                0x080113a4                __divdi3
 .text          0x08011704      0x308 /home/reymondo/CodeSourcery/Sourcery_G++_Lite/bin/../lib/gcc/arm-none-eabi/4.5.2/thumb2/libgcc.a(_udivdi3.o)
                0x08011704                __udivdi3
 *(.text.*)
 .text.Reset_Handler
                0x08011a0c       0x44 out/startup_stm32f10x_cl.o
                0x08011a0c                Reset_Handler
 .text.Default_Handler
                0x08011a50        0x2 out/startup_stm32f10x_cl.o
                0x08011a50                EXTI2_IRQHandler
                0x08011a50                TIM1_CC_IRQHandler
                0x08011a50                TIM6_IRQHandler
                0x08011a50                PVD_IRQHandler
                0x08011a50                CAN2_RX1_IRQHandler
                0x08011a50                EXTI3_IRQHandler
                0x08011a50                EXTI0_IRQHandler
                0x08011a50                I2C2_EV_IRQHandler
                0x08011a50                CAN1_RX0_IRQHandler
                0x08011a50                CAN2_SCE_IRQHandler
                0x08011a50                ADC1_2_IRQHandler
                0x08011a50                SPI1_IRQHandler
                0x08011a50                TAMPER_IRQHandler
                0x08011a50                CAN2_RX0_IRQHandler
                0x08011a50                DMA2_Channel2_IRQHandler
                0x08011a50                DMA1_Channel4_IRQHandler
                0x08011a50                USART3_IRQHandler
                0x08011a50                RTC_IRQHandler
                0x08011a50                DMA1_Channel7_IRQHandler
                0x08011a50                CAN1_RX1_IRQHandler
                0x08011a50                UART5_IRQHandler
                0x08011a50                TIM4_IRQHandler
                0x08011a50                DMA2_Channel1_IRQHandler
                0x08011a50                I2C1_EV_IRQHandler
                0x08011a50                DMA1_Channel6_IRQHandler
                0x08011a50                UART4_IRQHandler
                0x08011a50                DMA2_Channel4_IRQHandler
                0x08011a50                TIM3_IRQHandler
                0x08011a50                RCC_IRQHandler
                0x08011a50                TIM1_TRG_COM_IRQHandler
                0x08011a50                DMA1_Channel1_IRQHandler
                0x08011a50                Default_Handler
                0x08011a50                EXTI15_10_IRQHandler
                0x08011a50                TIM7_IRQHandler
                0x08011a50                CAN2_TX_IRQHandler
                0x08011a50                TIM5_IRQHandler
                0x08011a50                EXTI9_5_IRQHandler
                0x08011a50                ETH_WKUP_IRQHandler
                0x08011a50                SPI2_IRQHandler
                0x08011a50                CAN1_TX_IRQHandler
                0x08011a50                DMA2_Channel5_IRQHandler
                0x08011a50                DMA1_Channel5_IRQHandler
                0x08011a50                EXTI4_IRQHandler
                0x08011a50                DMA1_Channel3_IRQHandler
                0x08011a50                ETH_IRQHandler
                0x08011a50                TIM1_UP_IRQHandler
                0x08011a50                WWDG_IRQHandler
                0x08011a50                OTG_FS_WKUP_IRQHandler
                0x08011a50                TIM1_BRK_IRQHandler
                0x08011a50                EXTI1_IRQHandler
                0x08011a50                RTCAlarm_IRQHandler
                0x08011a50                I2C2_ER_IRQHandler
                0x08011a50                DMA1_Channel2_IRQHandler
                0x08011a50                CAN1_SCE_IRQHandler
                0x08011a50                FLASH_IRQHandler
                0x08011a50                USART1_IRQHandler
                0x08011a50                OTG_FS_IRQHandler
                0x08011a50                SPI3_IRQHandler
                0x08011a50                I2C1_ER_IRQHandler
                0x08011a50                DMA2_Channel3_IRQHandler
 *fill*         0x08011a52        0x2 00
 .text.NMI_Handler
                0x08011a54        0xc out/stm32f10x_it.o
                0x08011a54                NMI_Handler
 .text.HardFault_Handler
                0x08011a60        0x8 out/stm32f10x_it.o
                0x08011a60                HardFault_Handler
 .text.MemManage_Handler
                0x08011a68        0x8 out/stm32f10x_it.o
                0x08011a68                MemManage_Handler
 .text.BusFault_Handler
                0x08011a70        0x8 out/stm32f10x_it.o
                0x08011a70                BusFault_Handler
 .text.UsageFault_Handler
                0x08011a78        0x8 out/stm32f10x_it.o
                0x08011a78                UsageFault_Handler
 .text.SVC_Handler
                0x08011a80        0xc out/stm32f10x_it.o
                0x08011a80                SVC_Handler
 .text.DebugMon_Handler
                0x08011a8c        0xc out/stm32f10x_it.o
                0x08011a8c                DebugMon_Handler
 .text.PendSV_Handler
                0x08011a98        0xc out/stm32f10x_it.o
                0x08011a98                PendSV_Handler
 .text.SysTick_Handler
                0x08011aa4        0xc out/stm32f10x_it.o
                0x08011aa4                SysTick_Handler
 .text.TIM2_IRQHandler
                0x08011ab0        0xc out/stm32f10x_it.o
                0x08011ab0                TIM2_IRQHandler
 .text.USART2_IRQHandler
                0x08011abc        0xc out/stm32f10x_it.o
                0x08011abc                USART2_IRQHandler
 .text._close_r
                0x08011ac8       0x1c out/syscalls.o
                0x08011ac8                _close_r
 .text._exit    0x08011ae4        0xc out/syscalls.o
                0x08011ae4                _exit
 .text._fstat_r
                0x08011af0       0x24 out/syscalls.o
                0x08011af0                _fstat_r
 .text._getpid_r
                0x08011b14       0x18 out/syscalls.o
                0x08011b14                _getpid_r
 .text._isatty_r
                0x08011b2c       0x1c out/syscalls.o
                0x08011b2c                _isatty_r
 .text._kill_r  0x08011b48       0x28 out/syscalls.o
                0x08011b48                _kill_r
 .text._lseek_r
                0x08011b70       0x20 out/syscalls.o
                0x08011b70                _lseek_r
 .text._read_r  0x08011b90       0x20 out/syscalls.o
                0x08011b90                _read_r
 .text._sbrk_r  0x08011bb0       0x54 out/syscalls.o
                0x08011bb0                _sbrk_r
 .text._write_r
                0x08011c04       0x20 out/syscalls.o
                0x08011c04                _write_r
 .text.SystemInit
                0x08011c24       0x7c out/system_stm32f10x.o
                0x08011c24                SystemInit
 .text.SetSysClock
                0x08011ca0        0xc out/system_stm32f10x.o
 .text.SetSysClockTo72
                0x08011cac      0x144 out/system_stm32f10x.o
 .text.NVIC_Init
                0x08011df0       0xd8 out/misc.o
                0x08011df0                NVIC_Init
 .text.GPIO_Init
                0x08011ec8      0x1c0 out/stm32f10x_gpio.o
                0x08011ec8                GPIO_Init
 .text.GPIO_PinRemapConfig
                0x08012088      0x104 out/stm32f10x_gpio.o
                0x08012088                GPIO_PinRemapConfig
 .text.RCC_GetClocksFreq
                0x0801218c      0x1f8 out/stm32f10x_rcc.o
                0x0801218c                RCC_GetClocksFreq
 .text.RCC_APB2PeriphClockCmd
                0x08012384       0x44 out/stm32f10x_rcc.o
                0x08012384                RCC_APB2PeriphClockCmd
 .text.RCC_APB1PeriphClockCmd
                0x080123c8       0x44 out/stm32f10x_rcc.o
                0x080123c8                RCC_APB1PeriphClockCmd
 .text.USART_Init
                0x0801240c      0x1b0 out/stm32f10x_usart.o
                0x0801240c                USART_Init
 .text.USART_ClockInit
                0x080125bc       0x60 out/stm32f10x_usart.o
                0x080125bc                USART_ClockInit
 .text.USART_ClockStructInit
                0x0801261c       0x34 out/stm32f10x_usart.o
                0x0801261c                USART_ClockStructInit
 .text.USART_Cmd
                0x08012650       0x40 out/stm32f10x_usart.o
                0x08012650                USART_Cmd
 .text.USART_ITConfig
                0x08012690       0xa8 out/stm32f10x_usart.o
                0x08012690                USART_ITConfig
 .text.USART_SendData
                0x08012738       0x28 out/stm32f10x_usart.o
                0x08012738                USART_SendData
 .text.USART_ReceiveData
                0x08012760       0x24 out/stm32f10x_usart.o
                0x08012760                USART_ReceiveData
 .text.USART_GetFlagStatus
                0x08012784       0x40 out/stm32f10x_usart.o
                0x08012784                USART_GetFlagStatus
 .text.USART_GetITStatus
                0x080127c4       0xcc out/stm32f10x_usart.o
                0x080127c4                USART_GetITStatus
 .text._ZN11IPeripheralD2Ev
                0x08012890       0x34 out/main.o
                0x08012890                _ZN11IPeripheralD2Ev
                0x08012890                _ZN11IPeripheralD1Ev
 .text._ZN11IPeripheralD0Ev
                0x080128c4       0x20 out/main.o
                0x080128c4                _ZN11IPeripheralD0Ev
 .text._ZN11CUsartStateC2Ev
                0x080128e4       0x20 out/main.o
                0x080128e4                _ZN11CUsartStateC1Ev
                0x080128e4                _ZN11CUsartStateC2Ev
 .text._ZN11CUsartStateD2Ev
                0x08012904       0x34 out/main.o
                0x08012904                _ZN11CUsartStateD1Ev
                0x08012904                _ZN11CUsartStateD2Ev
 .text._ZN11CUsartStateD0Ev
                0x08012938       0x20 out/main.o
                0x08012938                _ZN11CUsartStateD0Ev
 .text._ZN19CUsartStateUnusableC2EP12CGpioManagerP11CRccManager
                0x08012958       0x40 out/main.o
                0x08012958                _ZN19CUsartStateUnusableC1EP12CGpioManagerP11CRccManager
                0x08012958                _ZN19CUsartStateUnusableC2EP12CGpioManagerP11CRccManager
 .text._ZN6CUsartI7SUsart1E6setIdsEv
                0x08012998       0x28 out/main.o
                0x08012998                _ZN6CUsartI7SUsart1E6setIdsEv
 .text.main     0x080129c0       0xc8 out/main.o
                0x080129c0                main
 .text._ZN11IPeripheralC2Ev
                0x08012a88       0x20 out/main.o
                0x08012a88                _ZN11IPeripheralC1Ev
                0x08012a88                _ZN11IPeripheralC2Ev
 .text._ZN6CUsartI7SUsart1EC2ER12CGpioManagerR11CRccManager
                0x08012aa8       0x90 out/main.o
                0x08012aa8                _ZN6CUsartI7SUsart1EC2ER12CGpioManagerR11CRccManager
                0x08012aa8                _ZN6CUsartI7SUsart1EC1ER12CGpioManagerR11CRccManager
 .text._ZN6CUsartI7SUsart1ED2Ev
                0x08012b38       0x5c out/main.o
                0x08012b38                _ZN6CUsartI7SUsart1ED2Ev
                0x08012b38                _ZN6CUsartI7SUsart1ED1Ev
 .text._ZN6CUsartI7SUsart1ED0Ev
                0x08012b94       0x20 out/main.o
                0x08012b94                _ZN6CUsartI7SUsart1ED0Ev
 .text._ZN6CUsartI7SUsart1E4initEP16GPIO_InitTypeDefP13SPeriphConfig
                0x08012bb4      0x10c out/main.o
                0x08012bb4                _ZN6CUsartI7SUsart1E4initEP16GPIO_InitTypeDefP13SPeriphConfig
 .text._ZN6CUsartI7SUsart1E13interruptsOffEv
                0x08012cc0       0x44 out/main.o
                0x08012cc0                _ZN6CUsartI7SUsart1E13interruptsOffEv
 .text._ZN6CUsartI7SUsart1E4readEPth
                0x08012d04       0x34 out/main.o
                0x08012d04                _ZN6CUsartI7SUsart1E4readEPth
 .text._ZN6CUsartI7SUsart1E5writeEPth
                0x08012d38       0x34 out/main.o
                0x08012d38                _ZN6CUsartI7SUsart1E5writeEPth
 .text._ZN6CUsartI7SUsart1E19configureInterruptsEt
                0x08012d6c       0x28 out/main.o
                0x08012d6c                _ZN6CUsartI7SUsart1E19configureInterruptsEt
 .text._ZN6CUsartI7SUsart1E21deconfigureInterruptsEt
                0x08012d94       0x28 out/main.o
                0x08012d94                _ZN6CUsartI7SUsart1E21deconfigureInterruptsEt
 .text._ZN6CUsartI7SUsart1E20checkInterruptSourceEt
                0x08012dbc       0x30 out/main.o
                0x08012dbc                _ZN6CUsartI7SUsart1E20checkInterruptSourceEt
 .text._ZN6CUsartI7SUsart1E12interruptsOnEhh
                0x08012dec       0x48 out/main.o
                0x08012dec                _ZN6CUsartI7SUsart1E12interruptsOnEhh
 .text._ZN6CUsartI7SUsart1E6deinitEv
                0x08012e34       0x60 out/main.o
                0x08012e34                _ZN6CUsartI7SUsart1E6deinitEv
 .text._ZN6CUsartI7SUsart1E8getIndexEv
                0x08012e94       0x1c out/main.o
                0x08012e94                _ZN6CUsartI7SUsart1E8getIndexEv
 .text._ZN6CUsartI7SUsart1E8getStateEv
                0x08012eb0       0x28 out/main.o
                0x08012eb0                _ZN6CUsartI7SUsart1E8getStateEv
 .text._ZN12CGpioManagerC2Ev
                0x08012ed8       0xc0 out/CGpioManager.o
                0x08012ed8                _ZN12CGpioManagerC1Ev
                0x08012ed8                _ZN12CGpioManagerC2Ev
 .text._ZN12CGpioManager24checkPortPinAvailabilityEhh
                0x08012f98       0x38 out/CGpioManager.o
                0x08012f98                _ZN12CGpioManager24checkPortPinAvailabilityEhh
 .text._ZN12CGpioManager16setPortPinUnusedEhh
                0x08012fd0       0x3c out/CGpioManager.o
                0x08012fd0                _ZN12CGpioManager16setPortPinUnusedEhh
 .text._ZN12CGpioManager14setPortPinUsedEhh
                0x0801300c       0x3c out/CGpioManager.o
                0x0801300c                _ZN12CGpioManager14setPortPinUsedEhh
 .text._ZN12CGpioManager7getGpioEhh
                0x08013048       0x4c out/CGpioManager.o
                0x08013048                _ZN12CGpioManager7getGpioEhh
 .text._ZN12CGpioManager5remapEm
                0x08013094       0x1c out/CGpioManager.o
                0x08013094                _ZN12CGpioManager5remapEm
 .text._ZN12CGpioManager8initGpioEhP16GPIO_InitTypeDef
                0x080130b0       0x28 out/CGpioManager.o
                0x080130b0                _ZN12CGpioManager8initGpioEhP16GPIO_InitTypeDef
 .text._ZN12CGpioManager11releaseGpioEhh
                0x080130d8       0x28 out/CGpioManager.o
                0x080130d8                _ZN12CGpioManager11releaseGpioEhh
 .text._ZN12CGpioManageraSERKS_
                0x08013100       0x18 out/CGpioManager.o
                0x08013100                _ZN12CGpioManageraSERKS_
 .text._ZN11CRccManagerC2Ev
                0x08013118       0x54 out/CRccManager.o
                0x08013118                _ZN11CRccManagerC2Ev
                0x08013118                _ZN11CRccManagerC1Ev
 .text._ZN11CRccManager10apb1EnableEm
                0x0801316c       0x28 out/CRccManager.o
                0x0801316c                _ZN11CRccManager10apb1EnableEm
 .text._ZN11CRccManager11apb1DisableEm
                0x08013194       0x88 out/CRccManager.o
                0x08013194                _ZN11CRccManager11apb1DisableEm
 .text._ZN11CRccManager10apb2EnableEm
                0x0801321c       0x2c out/CRccManager.o
                0x0801321c                _ZN11CRccManager10apb2EnableEm
 .text._ZN11CRccManager11apb2DisableEm
                0x08013248       0x98 out/CRccManager.o
                0x08013248                _ZN11CRccManager11apb2DisableEm
 .text._ZN11CRccManager16increaseUseCountEPmm
                0x080132e0       0x58 out/CRccManager.o
                0x080132e0                _ZN11CRccManager16increaseUseCountEPmm
 .text._ZN11CRccManageraSERKS_
                0x08013338       0x18 out/CRccManager.o
                0x08013338                _ZN11CRccManageraSERKS_
 .text._ZN18CUsartStateRunning5remapEm
                0x08013350       0x14 out/CUsartStateRunning.o
                0x08013350                _ZN18CUsartStateRunning5remapEm
 .text._ZN18CUsartStateRunning9apbEnableEmm
                0x08013364       0x18 out/CUsartStateRunning.o
                0x08013364                _ZN18CUsartStateRunning9apbEnableEmm
 .text._ZN18CUsartStateRunning8gpioInitEhhR16GPIO_InitTypeDef
                0x0801337c       0x1c out/CUsartStateRunning.o
                0x0801337c                _ZN18CUsartStateRunning8gpioInitEhhR16GPIO_InitTypeDef
 .text._ZN18CUsartStateRunning4initEP13USART_TypeDefR17USART_InitTypeDef
                0x08013398       0x18 out/CUsartStateRunning.o
                0x08013398                _ZN18CUsartStateRunning4initEP13USART_TypeDefR17USART_InitTypeDef
 .text._ZN18CUsartStateRunning9nextStateEP11CUsartStateb
                0x080133b0       0x18 out/CUsartStateRunning.o
                0x080133b0                _ZN18CUsartStateRunning9nextStateEP11CUsartStateb
 .text._ZN18CUsartStateRunningD2Ev
                0x080133c8       0x3c out/CUsartStateRunning.o
                0x080133c8                _ZN18CUsartStateRunningD2Ev
                0x080133c8                _ZN18CUsartStateRunningD1Ev
 .text._ZN18CUsartStateRunningD0Ev
                0x08013404       0x20 out/CUsartStateRunning.o
                0x08013404                _ZN18CUsartStateRunningD0Ev
 .text._ZN17CUsartStateUsableC2EP12CGpioManagerP11CRccManager
                0x08013424       0x40 out/CUsartStateRunning.o
                0x08013424                _ZN17CUsartStateUsableC2EP12CGpioManagerP11CRccManager
                0x08013424                _ZN17CUsartStateUsableC1EP12CGpioManagerP11CRccManager
 .text._ZN18CUsartStateRunning4readEP13USART_TypeDefPth
                0x08013464       0x50 out/CUsartStateRunning.o
                0x08013464                _ZN18CUsartStateRunning4readEP13USART_TypeDefPth
 .text._ZN18CUsartStateRunning5writeEP13USART_TypeDefPth
                0x080134b4       0x6c out/CUsartStateRunning.o
                0x080134b4                _ZN18CUsartStateRunning5writeEP13USART_TypeDefPth
 .text._ZN18CUsartStateRunning16interruptsConfigER16NVIC_InitTypeDef
                0x08013520       0x18 out/CUsartStateRunning.o
                0x08013520                _ZN18CUsartStateRunning16interruptsConfigER16NVIC_InitTypeDef
 .text._ZN18CUsartStateRunning6deinitEP13USART_TypeDefmmP11CUsartState
                0x08013538       0x64 out/CUsartStateRunning.o
                0x08013538                _ZN18CUsartStateRunning6deinitEP13USART_TypeDefmmP11CUsartState
 .text._ZN18CUsartStateRunning8getStateEv
                0x0801359c       0x18 out/CUsartStateRunning.o
                0x0801359c                _ZN18CUsartStateRunning8getStateEv
 .text._ZN19CUsartStateUnusable5remapEm
                0x080135b4       0x14 out/CUsartStateUnusable.o
                0x080135b4                _ZN19CUsartStateUnusable5remapEm
 .text._ZN19CUsartStateUnusable9apbEnableEmm
                0x080135c8       0x18 out/CUsartStateUnusable.o
                0x080135c8                _ZN19CUsartStateUnusable9apbEnableEmm
 .text._ZN19CUsartStateUnusable8gpioInitEhhR16GPIO_InitTypeDef
                0x080135e0       0x1c out/CUsartStateUnusable.o
                0x080135e0                _ZN19CUsartStateUnusable8gpioInitEhhR16GPIO_InitTypeDef
 .text._ZN19CUsartStateUnusable4initEP13USART_TypeDefR17USART_InitTypeDef
                0x080135fc       0x18 out/CUsartStateUnusable.o
                0x080135fc                _ZN19CUsartStateUnusable4initEP13USART_TypeDefR17USART_InitTypeDef
 .text._ZN19CUsartStateUnusable4readEP13USART_TypeDefPth
                0x08013614       0x18 out/CUsartStateUnusable.o
                0x08013614                _ZN19CUsartStateUnusable4readEP13USART_TypeDefPth
 .text._ZN19CUsartStateUnusable5writeEP13USART_TypeDefPth
                0x0801362c       0x18 out/CUsartStateUnusable.o
                0x0801362c                _ZN19CUsartStateUnusable5writeEP13USART_TypeDefPth
 .text._ZN19CUsartStateUnusable16interruptsConfigER16NVIC_InitTypeDef
                0x08013644       0x14 out/CUsartStateUnusable.o
                0x08013644                _ZN19CUsartStateUnusable16interruptsConfigER16NVIC_InitTypeDef
 .text._ZN19CUsartStateUnusable6deinitEP13USART_TypeDefmmP11CUsartState
                0x08013658       0x18 out/CUsartStateUnusable.o
                0x08013658                _ZN19CUsartStateUnusable6deinitEP13USART_TypeDefmmP11CUsartState
 .text._ZN19CUsartStateUnusableD2Ev
                0x08013670       0x3c out/CUsartStateUnusable.o
                0x08013670                _ZN19CUsartStateUnusableD2Ev
                0x08013670                _ZN19CUsartStateUnusableD1Ev
 .text._ZN19CUsartStateUnusableD0Ev
                0x080136ac       0x20 out/CUsartStateUnusable.o
                0x080136ac                _ZN19CUsartStateUnusableD0Ev
 .text._ZN19CUsartStateUnusable9nextStateEP11CUsartStateb
                0x080136cc       0x60 out/CUsartStateUnusable.o
                0x080136cc                _ZN19CUsartStateUnusable9nextStateEP11CUsartStateb
 .text._ZN19CUsartStateUnusable8getStateEv
                0x0801372c       0x18 out/CUsartStateUnusable.o
                0x0801372c                _ZN19CUsartStateUnusable8getStateEv
 .text._ZN18CUsartStateRunningC2EP12CGpioManagerP11CRccManager
                0x08013744       0x40 out/CUsartStateUsable.o
                0x08013744                _ZN18CUsartStateRunningC1EP12CGpioManagerP11CRccManager
                0x08013744                _ZN18CUsartStateRunningC2EP12CGpioManagerP11CRccManager
 .text._ZN17CUsartStateUsable4readEP13USART_TypeDefPth
                0x08013784       0x18 out/CUsartStateUsable.o
                0x08013784                _ZN17CUsartStateUsable4readEP13USART_TypeDefPth
 .text._ZN17CUsartStateUsable5writeEP13USART_TypeDefPth
                0x0801379c       0x18 out/CUsartStateUsable.o
                0x0801379c                _ZN17CUsartStateUsable5writeEP13USART_TypeDefPth
 .text._ZN17CUsartStateUsableD2Ev
                0x080137b4       0x3c out/CUsartStateUsable.o
                0x080137b4                _ZN17CUsartStateUsableD2Ev
                0x080137b4                _ZN17CUsartStateUsableD1Ev
 .text._ZN17CUsartStateUsableD0Ev
                0x080137f0       0x20 out/CUsartStateUsable.o
                0x080137f0                _ZN17CUsartStateUsableD0Ev
 .text._ZN17CUsartStateUsable5remapEm
                0x08013810       0x20 out/CUsartStateUsable.o
                0x08013810                _ZN17CUsartStateUsable5remapEm
 .text._ZN17CUsartStateUsable9apbEnableEmm
                0x08013830       0x2c out/CUsartStateUsable.o
                0x08013830                _ZN17CUsartStateUsable9apbEnableEmm
 .text._ZN17CUsartStateUsable8gpioInitEhhR16GPIO_InitTypeDef
                0x0801385c       0x34 out/CUsartStateUsable.o
                0x0801385c                _ZN17CUsartStateUsable8gpioInitEhhR16GPIO_InitTypeDef
 .text._ZN17CUsartStateUsable4initEP13USART_TypeDefR17USART_InitTypeDef
                0x08013890       0x3c out/CUsartStateUsable.o
                0x08013890                _ZN17CUsartStateUsable4initEP13USART_TypeDefR17USART_InitTypeDef
 .text._ZN17CUsartStateUsable16interruptsConfigER16NVIC_InitTypeDef
                0x080138cc       0x18 out/CUsartStateUsable.o
                0x080138cc                _ZN17CUsartStateUsable16interruptsConfigER16NVIC_InitTypeDef
 .text._ZN17CUsartStateUsable9nextStateEP11CUsartStateb
                0x080138e4       0x60 out/CUsartStateUsable.o
                0x080138e4                _ZN17CUsartStateUsable9nextStateEP11CUsartStateb
 .text._ZN17CUsartStateUsable6deinitEP13USART_TypeDefmmP11CUsartState
                0x08013944       0x70 out/CUsartStateUsable.o
                0x08013944                _ZN17CUsartStateUsable6deinitEP13USART_TypeDefmmP11CUsartState
 .text._ZN17CUsartStateUsable8getStateEv
                0x080139b4       0x18 out/CUsartStateUsable.o
                0x080139b4                _ZN17CUsartStateUsable8getStateEv
 .text._ZdlPv   0x080139cc        0x8 /home/reymondo/CodeSourcery/Sourcery_G++_Lite/bin/../lib/gcc/arm-none-eabi/4.5.2/../../../../arm-none-eabi/lib/thumb2/libstdc++.a(del_op.o)
                0x080139cc                _ZdlPv
 .text._Znwj    0x080139d4       0x60 /home/reymondo/CodeSourcery/Sourcery_G++_Lite/bin/../lib/gcc/arm-none-eabi/4.5.2/../../../../arm-none-eabi/lib/thumb2/libstdc++.a(new_op.o)
                0x080139d4                _Znwj
 .text._ZL12read_sleb128PKhPl
                0x08013a34       0x3c /home/reymondo/CodeSourcery/Sourcery_G++_Lite/bin/../lib/gcc/arm-none-eabi/4.5.2/../../../../arm-none-eabi/lib/thumb2/libstdc++.a(eh_personality.o)
 .text._ZL28read_encoded_value_with_basehjPKhPj
                0x08013a70       0xac /home/reymondo/CodeSourcery/Sourcery_G++_Lite/bin/../lib/gcc/arm-none-eabi/4.5.2/../../../../arm-none-eabi/lib/thumb2/libstdc++.a(eh_personality.o)
 .text._ZL21base_of_encoded_valuehP15_Unwind_Context
                0x08013b1c       0x4c /home/reymondo/CodeSourcery/Sourcery_G++_Lite/bin/../lib/gcc/arm-none-eabi/4.5.2/../../../../arm-none-eabi/lib/thumb2/libstdc++.a(eh_personality.o)
 .text._ZL17parse_lsda_headerP15_Unwind_ContextPKhP16lsda_header_info
                0x08013b68       0x8c /home/reymondo/CodeSourcery/Sourcery_G++_Lite/bin/../lib/gcc/arm-none-eabi/4.5.2/../../../../arm-none-eabi/lib/thumb2/libstdc++.a(eh_personality.o)
 .text.__gxx_personality_v0
                0x08013bf4      0x3ec /home/reymondo/CodeSourcery/Sourcery_G++_Lite/bin/../lib/gcc/arm-none-eabi/4.5.2/../../../../arm-none-eabi/lib/thumb2/libstdc++.a(eh_personality.o)
                0x08013bf4                __gxx_personality_v0
 .text._ZL23__gxx_exception_cleanup19_Unwind_Reason_CodeP21_Unwind_Control_Block
                0x08013fe0       0x4c /home/reymondo/CodeSourcery/Sourcery_G++_Lite/bin/../lib/gcc/arm-none-eabi/4.5.2/../../../../arm-none-eabi/lib/thumb2/libstdc++.a(eh_throw.o)
 .text.__cxa_throw
                0x0801402c       0x80 /home/reymondo/CodeSourcery/Sourcery_G++_Lite/bin/../lib/gcc/arm-none-eabi/4.5.2/../../../../arm-none-eabi/lib/thumb2/libstdc++.a(eh_throw.o)
                0x0801402c                __cxa_throw
 .text.__cxa_rethrow
                0x080140ac       0x78 /home/reymondo/CodeSourcery/Sourcery_G++_Lite/bin/../lib/gcc/arm-none-eabi/4.5.2/../../../../arm-none-eabi/lib/thumb2/libstdc++.a(eh_throw.o)
                0x080140ac                __cxa_rethrow
 .text.__cxa_pure_virtual
                0x08014124       0x18 /home/reymondo/CodeSourcery/Sourcery_G++_Lite/bin/../lib/gcc/arm-none-eabi/4.5.2/../../../../arm-none-eabi/lib/thumb2/libstdc++.a(pure.o)
                0x08014124                __cxa_pure_virtual
 .text.__cxa_get_globals_fast
                0x0801413c        0xc /home/reymondo/CodeSourcery/Sourcery_G++_Lite/bin/../lib/gcc/arm-none-eabi/4.5.2/../../../../arm-none-eabi/lib/thumb2/libstdc++.a(eh_globals.o)
                0x0801413c                __cxa_get_globals_fast
 .text.__cxa_get_globals
                0x08014148        0xc /home/reymondo/CodeSourcery/Sourcery_G++_Lite/bin/../lib/gcc/arm-none-eabi/4.5.2/../../../../arm-none-eabi/lib/thumb2/libstdc++.a(eh_globals.o)
                0x08014148                __cxa_get_globals
 .text.__cxa_begin_catch
                0x08014154       0x9c /home/reymondo/CodeSourcery/Sourcery_G++_Lite/bin/../lib/gcc/arm-none-eabi/4.5.2/../../../../arm-none-eabi/lib/thumb2/libstdc++.a(eh_catch.o)
                0x08014154                __cxa_begin_catch
 .text.__cxa_end_catch
                0x080141f0       0x98 /home/reymondo/CodeSourcery/Sourcery_G++_Lite/bin/../lib/gcc/arm-none-eabi/4.5.2/../../../../arm-none-eabi/lib/thumb2/libstdc++.a(eh_catch.o)
                0x080141f0                __cxa_end_catch
 .text.__cxa_type_match
                0x08014288       0xd0 /home/reymondo/CodeSourcery/Sourcery_G++_Lite/bin/../lib/gcc/arm-none-eabi/4.5.2/../../../../arm-none-eabi/lib/thumb2/libstdc++.a(eh_arm.o)
                0x08014288                __cxa_type_match
 .text.__cxa_begin_cleanup
                0x08014358       0x70 /home/reymondo/CodeSourcery/Sourcery_G++_Lite/bin/../lib/gcc/arm-none-eabi/4.5.2/../../../../arm-none-eabi/lib/thumb2/libstdc++.a(eh_arm.o)
                0x08014358                __cxa_begin_cleanup
 .text.__gnu_end_cleanup
                0x080143c8       0x7c /home/reymondo/CodeSourcery/Sourcery_G++_Lite/bin/../lib/gcc/arm-none-eabi/4.5.2/../../../../arm-none-eabi/lib/thumb2/libstdc++.a(eh_arm.o)
                0x080143c8                __gnu_end_cleanup
 .text._ZN10__cxxabiv111__terminateEPFvvE
                0x08014444       0x28 /home/reymondo/CodeSourcery/Sourcery_G++_Lite/bin/../lib/gcc/arm-none-eabi/4.5.2/../../../../arm-none-eabi/lib/thumb2/libstdc++.a(eh_terminate.o)
                0x08014444                _ZN10__cxxabiv111__terminateEPFvvE
 .text._ZSt9terminatev
                0x0801446c       0x10 /home/reymondo/CodeSourcery/Sourcery_G++_Lite/bin/../lib/gcc/arm-none-eabi/4.5.2/../../../../arm-none-eabi/lib/thumb2/libstdc++.a(eh_terminate.o)
                0x0801446c                _ZSt9terminatev
 .text._ZN10__cxxabiv112__unexpectedEPFvvE
                0x0801447c        0x8 /home/reymondo/CodeSourcery/Sourcery_G++_Lite/bin/../lib/gcc/arm-none-eabi/4.5.2/../../../../arm-none-eabi/lib/thumb2/libstdc++.a(eh_terminate.o)
                0x0801447c                _ZN10__cxxabiv112__unexpectedEPFvvE
 .text._ZSt10unexpectedv
                0x08014484       0x14 /home/reymondo/CodeSourcery/Sourcery_G++_Lite/bin/../lib/gcc/arm-none-eabi/4.5.2/../../../../arm-none-eabi/lib/thumb2/libstdc++.a(eh_terminate.o)
                0x08014484                _ZSt10unexpectedv
 .text.__cxa_allocate_exception
                0x08014498       0x7c /home/reymondo/CodeSourcery/Sourcery_G++_Lite/bin/../lib/gcc/arm-none-eabi/4.5.2/../../../../arm-none-eabi/lib/thumb2/libstdc++.a(eh_alloc.o)
                0x08014498                __cxa_allocate_exception
 .text.__cxa_free_exception
                0x08014514       0x3c /home/reymondo/CodeSourcery/Sourcery_G++_Lite/bin/../lib/gcc/arm-none-eabi/4.5.2/../../../../arm-none-eabi/lib/thumb2/libstdc++.a(eh_alloc.o)
                0x08014514                __cxa_free_exception
 .text.__cxa_call_terminate
                0x08014550       0x50 /home/reymondo/CodeSourcery/Sourcery_G++_Lite/bin/../lib/gcc/arm-none-eabi/4.5.2/../../../../arm-none-eabi/lib/thumb2/libstdc++.a(eh_call.o)
                0x08014550                __cxa_call_terminate
 .text.__cxa_call_unexpected
                0x080145a0      0x130 /home/reymondo/CodeSourcery/Sourcery_G++_Lite/bin/../lib/gcc/arm-none-eabi/4.5.2/../../../../arm-none-eabi/lib/thumb2/libstdc++.a(eh_call.o)
                0x080145a0                __cxa_call_unexpected
 .text._ZNKSt9bad_alloc4whatEv
                0x080146d0        0xc /home/reymondo/CodeSourcery/Sourcery_G++_Lite/bin/../lib/gcc/arm-none-eabi/4.5.2/../../../../arm-none-eabi/lib/thumb2/libstdc++.a(new_handler.o)
                0x080146d0                _ZNKSt9bad_alloc4whatEv
 .text._ZNSt9bad_allocD2Ev
                0x080146dc       0x14 /home/reymondo/CodeSourcery/Sourcery_G++_Lite/bin/../lib/gcc/arm-none-eabi/4.5.2/../../../../arm-none-eabi/lib/thumb2/libstdc++.a(new_handler.o)
                0x080146dc                _ZNSt9bad_allocD2Ev
                0x080146dc                _ZNSt9bad_allocD1Ev
 .text._ZNSt9bad_allocD0Ev
                0x080146f0       0x1c /home/reymondo/CodeSourcery/Sourcery_G++_Lite/bin/../lib/gcc/arm-none-eabi/4.5.2/../../../../arm-none-eabi/lib/thumb2/libstdc++.a(new_handler.o)
                0x080146f0                _ZNSt9bad_allocD0Ev
 .text._ZN9__gnu_cxx27__verbose_terminate_handlerEv
                0x0801470c      0x148 /home/reymondo/CodeSourcery/Sourcery_G++_Lite/bin/../lib/gcc/arm-none-eabi/4.5.2/../../../../arm-none-eabi/lib/thumb2/libstdc++.a(vterminate.o)
                0x0801470c                _ZN9__gnu_cxx27__verbose_terminate_handlerEv
 .text._ZNSt9exceptionD2Ev
                0x08014854        0xc /home/reymondo/CodeSourcery/Sourcery_G++_Lite/bin/../lib/gcc/arm-none-eabi/4.5.2/../../../../arm-none-eabi/lib/thumb2/libstdc++.a(eh_exception.o)
                0x08014854                _ZNSt9exceptionD2Ev
                0x08014854                _ZNSt9exceptionD1Ev
 .text._ZNSt13bad_exceptionD2Ev
                0x08014860        0xc /home/reymondo/CodeSourcery/Sourcery_G++_Lite/bin/../lib/gcc/arm-none-eabi/4.5.2/../../../../arm-none-eabi/lib/thumb2/libstdc++.a(eh_exception.o)
                0x08014860                _ZNSt13bad_exceptionD2Ev
                0x08014860                _ZNSt13bad_exceptionD1Ev
 .text._ZNKSt9exception4whatEv
                0x0801486c        0xc /home/reymondo/CodeSourcery/Sourcery_G++_Lite/bin/../lib/gcc/arm-none-eabi/4.5.2/../../../../arm-none-eabi/lib/thumb2/libstdc++.a(eh_exception.o)
                0x0801486c                _ZNKSt9exception4whatEv
 .text._ZNKSt13bad_exception4whatEv
                0x08014878        0xc /home/reymondo/CodeSourcery/Sourcery_G++_Lite/bin/../lib/gcc/arm-none-eabi/4.5.2/../../../../arm-none-eabi/lib/thumb2/libstdc++.a(eh_exception.o)
                0x08014878                _ZNKSt13bad_exception4whatEv
 .text._ZNSt13bad_exceptionD0Ev
                0x08014884       0x14 /home/reymondo/CodeSourcery/Sourcery_G++_Lite/bin/../lib/gcc/arm-none-eabi/4.5.2/../../../../arm-none-eabi/lib/thumb2/libstdc++.a(eh_exception.o)
                0x08014884                _ZNSt13bad_exceptionD0Ev
 .text._ZNSt9exceptionD0Ev
                0x08014898       0x14 /home/reymondo/CodeSourcery/Sourcery_G++_Lite/bin/../lib/gcc/arm-none-eabi/4.5.2/../../../../arm-none-eabi/lib/thumb2/libstdc++.a(eh_exception.o)
                0x08014898                _ZNSt9exceptionD0Ev
 .text.__cxa_current_exception_type
                0x080148ac       0x1c /home/reymondo/CodeSourcery/Sourcery_G++_Lite/bin/../lib/gcc/arm-none-eabi/4.5.2/../../../../arm-none-eabi/lib/thumb2/libstdc++.a(eh_type.o)
                0x080148ac                __cxa_current_exception_type
 .text._ZNK10__cxxabiv120__si_class_type_info11__do_upcastEPKNS_17__class_type_infoEPKvRNS1_15__upcast_resultE
                0x080148c8       0x28 /home/reymondo/CodeSourcery/Sourcery_G++_Lite/bin/../lib/gcc/arm-none-eabi/4.5.2/../../../../arm-none-eabi/lib/thumb2/libstdc++.a(si_class_type_info.o)
                0x080148c8                _ZNK10__cxxabiv120__si_class_type_info11__do_upcastEPKNS_17__class_type_infoEPKvRNS1_15__upcast_resultE
 .text._ZNK10__cxxabiv120__si_class_type_info12__do_dyncastEiNS_17__class_type_info10__sub_kindEPKS1_PKvS4_S6_RNS1_16__dyncast_resultE
                0x080148f0       0x90 /home/reymondo/CodeSourcery/Sourcery_G++_Lite/bin/../lib/gcc/arm-none-eabi/4.5.2/../../../../arm-none-eabi/lib/thumb2/libstdc++.a(si_class_type_info.o)
                0x080148f0                _ZNK10__cxxabiv120__si_class_type_info12__do_dyncastEiNS_17__class_type_info10__sub_kindEPKS1_PKvS4_S6_RNS1_16__dyncast_resultE
 .text._ZNK10__cxxabiv120__si_class_type_info20__do_find_public_srcEiPKvPKNS_17__class_type_infoES2_
                0x08014980       0x38 /home/reymondo/CodeSourcery/Sourcery_G++_Lite/bin/../lib/gcc/arm-none-eabi/4.5.2/../../../../arm-none-eabi/lib/thumb2/libstdc++.a(si_class_type_info.o)
                0x08014980                _ZNK10__cxxabiv120__si_class_type_info20__do_find_public_srcEiPKvPKNS_17__class_type_infoES2_
 .text._ZN10__cxxabiv120__si_class_type_infoD2Ev
                0x080149b8       0x14 /home/reymondo/CodeSourcery/Sourcery_G++_Lite/bin/../lib/gcc/arm-none-eabi/4.5.2/../../../../arm-none-eabi/lib/thumb2/libstdc++.a(si_class_type_info.o)
                0x080149b8                _ZN10__cxxabiv120__si_class_type_infoD2Ev
                0x080149b8                _ZN10__cxxabiv120__si_class_type_infoD1Ev
 .text._ZN10__cxxabiv120__si_class_type_infoD0Ev
                0x080149cc       0x1c /home/reymondo/CodeSourcery/Sourcery_G++_Lite/bin/../lib/gcc/arm-none-eabi/4.5.2/../../../../arm-none-eabi/lib/thumb2/libstdc++.a(si_class_type_info.o)
                0x080149cc                _ZN10__cxxabiv120__si_class_type_infoD0Ev
 .text._ZNK10__cxxabiv117__class_type_info11__do_upcastEPKS0_PPv
                0x080149e8       0x38 /home/reymondo/CodeSourcery/Sourcery_G++_Lite/bin/../lib/gcc/arm-none-eabi/4.5.2/../../../../arm-none-eabi/lib/thumb2/libstdc++.a(class_type_info.o)
                0x080149e8                _ZNK10__cxxabiv117__class_type_info11__do_upcastEPKS0_PPv
 .text._ZNK10__cxxabiv117__class_type_info20__do_find_public_srcEiPKvPKS0_S2_
                0x08014a20        0xc /home/reymondo/CodeSourcery/Sourcery_G++_Lite/bin/../lib/gcc/arm-none-eabi/4.5.2/../../../../arm-none-eabi/lib/thumb2/libstdc++.a(class_type_info.o)
                0x08014a20                _ZNK10__cxxabiv117__class_type_info20__do_find_public_srcEiPKvPKS0_S2_
 .text._ZNK10__cxxabiv117__class_type_info11__do_upcastEPKS0_PKvRNS0_15__upcast_resultE
                0x08014a2c       0x1c /home/reymondo/CodeSourcery/Sourcery_G++_Lite/bin/../lib/gcc/arm-none-eabi/4.5.2/../../../../arm-none-eabi/lib/thumb2/libstdc++.a(class_type_info.o)
                0x08014a2c                _ZNK10__cxxabiv117__class_type_info11__do_upcastEPKS0_PKvRNS0_15__upcast_resultE
 .text._ZNK10__cxxabiv117__class_type_info12__do_dyncastEiNS0_10__sub_kindEPKS0_PKvS3_S5_RNS0_16__dyncast_resultE
                0x08014a48       0x3c /home/reymondo/CodeSourcery/Sourcery_G++_Lite/bin/../lib/gcc/arm-none-eabi/4.5.2/../../../../arm-none-eabi/lib/thumb2/libstdc++.a(class_type_info.o)
                0x08014a48                _ZNK10__cxxabiv117__class_type_info12__do_dyncastEiNS0_10__sub_kindEPKS0_PKvS3_S5_RNS0_16__dyncast_resultE
 .text._ZNK10__cxxabiv117__class_type_info10__do_catchEPKSt9type_infoPPvj
                0x08014a84       0x28 /home/reymondo/CodeSourcery/Sourcery_G++_Lite/bin/../lib/gcc/arm-none-eabi/4.5.2/../../../../arm-none-eabi/lib/thumb2/libstdc++.a(class_type_info.o)
                0x08014a84                _ZNK10__cxxabiv117__class_type_info10__do_catchEPKSt9type_infoPPvj
 .text._ZN10__cxxabiv117__class_type_infoD2Ev
                0x08014aac       0x14 /home/reymondo/CodeSourcery/Sourcery_G++_Lite/bin/../lib/gcc/arm-none-eabi/4.5.2/../../../../arm-none-eabi/lib/thumb2/libstdc++.a(class_type_info.o)
                0x08014aac                _ZN10__cxxabiv117__class_type_infoD1Ev
                0x08014aac                _ZN10__cxxabiv117__class_type_infoD2Ev
 .text._ZN10__cxxabiv117__class_type_infoD0Ev
                0x08014ac0       0x1c /home/reymondo/CodeSourcery/Sourcery_G++_Lite/bin/../lib/gcc/arm-none-eabi/4.5.2/../../../../arm-none-eabi/lib/thumb2/libstdc++.a(class_type_info.o)
                0x08014ac0                _ZN10__cxxabiv117__class_type_infoD0Ev
 .text._ZNSt9type_infoD2Ev
                0x08014adc        0xc /home/reymondo/CodeSourcery/Sourcery_G++_Lite/bin/../lib/gcc/arm-none-eabi/4.5.2/../../../../arm-none-eabi/lib/thumb2/libstdc++.a(tinfo.o)
                0x08014adc                _ZNSt9type_infoD1Ev
                0x08014adc                _ZNSt9type_infoD2Ev
 .text._ZNKSt9type_info14__is_pointer_pEv
                0x08014ae8        0x4 /home/reymondo/CodeSourcery/Sourcery_G++_Lite/bin/../lib/gcc/arm-none-eabi/4.5.2/../../../../arm-none-eabi/lib/thumb2/libstdc++.a(tinfo.o)
                0x08014ae8                _ZNKSt9type_info14__is_pointer_pEv
 .text._ZNKSt9type_info15__is_function_pEv
                0x08014aec        0x4 /home/reymondo/CodeSourcery/Sourcery_G++_Lite/bin/../lib/gcc/arm-none-eabi/4.5.2/../../../../arm-none-eabi/lib/thumb2/libstdc++.a(tinfo.o)
                0x08014aec                _ZNKSt9type_info15__is_function_pEv
 .text._ZNKSt9type_info11__do_upcastEPKN10__cxxabiv117__class_type_infoEPPv
                0x08014af0        0x4 /home/reymondo/CodeSourcery/Sourcery_G++_Lite/bin/../lib/gcc/arm-none-eabi/4.5.2/../../../../arm-none-eabi/lib/thumb2/libstdc++.a(tinfo.o)
                0x08014af0                _ZNKSt9type_info11__do_upcastEPKN10__cxxabiv117__class_type_infoEPPv
 .text._ZNSt9type_infoD0Ev
                0x08014af4       0x14 /home/reymondo/CodeSourcery/Sourcery_G++_Lite/bin/../lib/gcc/arm-none-eabi/4.5.2/../../../../arm-none-eabi/lib/thumb2/libstdc++.a(tinfo.o)
                0x08014af4                _ZNSt9type_infoD0Ev
 .text._ZNKSt9type_infoeqERKS_
                0x08014b08       0x3c /home/reymondo/CodeSourcery/Sourcery_G++_Lite/bin/../lib/gcc/arm-none-eabi/4.5.2/../../../../arm-none-eabi/lib/thumb2/libstdc++.a(tinfo.o)
                0x08014b08                _ZNKSt9type_infoeqERKS_
 .text._ZNKSt9type_info10__do_catchEPKS_PPvj
                0x08014b44        0x4 /home/reymondo/CodeSourcery/Sourcery_G++_Lite/bin/../lib/gcc/arm-none-eabi/4.5.2/../../../../arm-none-eabi/lib/thumb2/libstdc++.a(tinfo.o)
                0x08014b44                _ZNKSt9type_info10__do_catchEPKS_PPvj
 *(.rodata)
 .rodata        0x08014b48      0x694 /home/reymondo/CodeSourcery/Sourcery_G++_Lite/bin/../lib/gcc/arm-none-eabi/4.5.2/../../../../arm-none-eabi/lib/thumb2/libstdc++.a(cp-demangle.o)
 .rodata        0x080151dc        0x4 /home/reymondo/CodeSourcery/Sourcery_G++_Lite/bin/../lib/gcc/arm-none-eabi/4.5.2/../../../../arm-none-eabi/lib/thumb2/libc.a(lib_a-impure.o)
                0x080151dc                _global_impure_ptr
 .rodata        0x080151e0       0x20 /home/reymondo/CodeSourcery/Sourcery_G++_Lite/bin/../lib/gcc/arm-none-eabi/4.5.2/../../../../arm-none-eabi/lib/thumb2/libc.a(lib_a-svfprintf.o)
 .rodata        0x08015200       0x60 /home/reymondo/CodeSourcery/Sourcery_G++_Lite/bin/../lib/gcc/arm-none-eabi/4.5.2/../../../../arm-none-eabi/lib/thumb2/libc.a(lib_a-findfp.o)
                0x08015200                __sf_fake_stdin
                0x08015220                __sf_fake_stdout
                0x08015240                __sf_fake_stderr
 .rodata        0x08015260      0x128 /home/reymondo/CodeSourcery/Sourcery_G++_Lite/bin/../lib/gcc/arm-none-eabi/4.5.2/../../../../arm-none-eabi/lib/thumb2/libc.a(lib_a-mprec.o)
                0x08015270                __mprec_tens
                0x08015338                __mprec_bigtens
                0x08015360                __mprec_tinytens
 .rodata        0x08015388       0x20 /home/reymondo/CodeSourcery/Sourcery_G++_Lite/bin/../lib/gcc/arm-none-eabi/4.5.2/../../../../arm-none-eabi/lib/thumb2/libc.a(lib_a-svfiprintf.o)
 *(.rodata*)
 .rodata._ZTV6CUsartI7SUsart1E
                0x080153a8       0x40 out/main.o
                0x080153a8                _ZTV6CUsartI7SUsart1E
 .rodata._ZTV11CUsartState
                0x080153e8       0x38 out/main.o
                0x080153e8                _ZTV11CUsartState
 .rodata._ZTV11IPeripheral
                0x08015420       0x40 out/main.o
                0x08015420                _ZTV11IPeripheral
 .rodata._ZZN12CGpioManagerC2EvE3C.0
                0x08015460       0x1c out/CGpioManager.o
 *fill*         0x0801547c        0x4 00
 .rodata._ZTV18CUsartStateRunning
                0x08015480       0x38 out/CUsartStateRunning.o
                0x08015480                _ZTV18CUsartStateRunning
 .rodata._ZTV19CUsartStateUnusable
                0x080154b8       0x38 out/CUsartStateUnusable.o
                0x080154b8                _ZTV19CUsartStateUnusable
 .rodata._ZTV17CUsartStateUsable
                0x080154f0       0x38 out/CUsartStateUsable.o
                0x080154f0                _ZTV17CUsartStateUsable
 .rodata.str1.4
                0x08015528       0x1c /home/reymondo/CodeSourcery/Sourcery_G++_Lite/bin/../lib/gcc/arm-none-eabi/4.5.2/../../../../arm-none-eabi/lib/thumb2/libstdc++.a(pure.o)
 *fill*         0x08015544        0x4 00
 .rodata._ZTVSt9bad_alloc
                0x08015548       0x18 /home/reymondo/CodeSourcery/Sourcery_G++_Lite/bin/../lib/gcc/arm-none-eabi/4.5.2/../../../../arm-none-eabi/lib/thumb2/libstdc++.a(new_handler.o)
                0x08015548                _ZTVSt9bad_alloc
 .rodata._ZTSSt9bad_alloc
                0x08015560       0x10 /home/reymondo/CodeSourcery/Sourcery_G++_Lite/bin/../lib/gcc/arm-none-eabi/4.5.2/../../../../arm-none-eabi/lib/thumb2/libstdc++.a(new_handler.o)
                0x08015560                _ZTSSt9bad_alloc
 .rodata._ZTISt9bad_alloc
                0x08015570        0xc /home/reymondo/CodeSourcery/Sourcery_G++_Lite/bin/../lib/gcc/arm-none-eabi/4.5.2/../../../../arm-none-eabi/lib/thumb2/libstdc++.a(new_handler.o)
                0x08015570                _ZTISt9bad_alloc
 .rodata.str1.4
                0x0801557c        0xf /home/reymondo/CodeSourcery/Sourcery_G++_Lite/bin/../lib/gcc/arm-none-eabi/4.5.2/../../../../arm-none-eabi/lib/thumb2/libstdc++.a(new_handler.o)
                                 0x10 (size before relaxing)
 *fill*         0x0801558b        0x1 00
 .rodata.str1.4
                0x0801558c       0x94 /home/reymondo/CodeSourcery/Sourcery_G++_Lite/bin/../lib/gcc/arm-none-eabi/4.5.2/../../../../arm-none-eabi/lib/thumb2/libstdc++.a(vterminate.o)
 .rodata._ZTISt9exception
                0x08015620        0x8 /home/reymondo/CodeSourcery/Sourcery_G++_Lite/bin/../lib/gcc/arm-none-eabi/4.5.2/../../../../arm-none-eabi/lib/thumb2/libstdc++.a(eh_exception.o)
                0x08015620                _ZTISt9exception
 .rodata._ZTVSt9exception
                0x08015628       0x18 /home/reymondo/CodeSourcery/Sourcery_G++_Lite/bin/../lib/gcc/arm-none-eabi/4.5.2/../../../../arm-none-eabi/lib/thumb2/libstdc++.a(eh_exception.o)
                0x08015628                _ZTVSt9exception
 .rodata._ZTIN10__cxxabiv115__forced_unwindE
                0x08015640        0x8 /home/reymondo/CodeSourcery/Sourcery_G++_Lite/bin/../lib/gcc/arm-none-eabi/4.5.2/../../../../arm-none-eabi/lib/thumb2/libstdc++.a(eh_exception.o)
                0x08015640                _ZTIN10__cxxabiv115__forced_unwindE
 .rodata._ZTSSt13bad_exception
                0x08015648       0x14 /home/reymondo/CodeSourcery/Sourcery_G++_Lite/bin/../lib/gcc/arm-none-eabi/4.5.2/../../../../arm-none-eabi/lib/thumb2/libstdc++.a(eh_exception.o)
                0x08015648                _ZTSSt13bad_exception
 .rodata._ZTSN10__cxxabiv119__foreign_exceptionE
                0x0801565c       0x24 /home/reymondo/CodeSourcery/Sourcery_G++_Lite/bin/../lib/gcc/arm-none-eabi/4.5.2/../../../../arm-none-eabi/lib/thumb2/libstdc++.a(eh_exception.o)
                0x0801565c                _ZTSN10__cxxabiv119__foreign_exceptionE
 .rodata.str1.4
                0x08015680       0x23 /home/reymondo/CodeSourcery/Sourcery_G++_Lite/bin/../lib/gcc/arm-none-eabi/4.5.2/../../../../arm-none-eabi/lib/thumb2/libstdc++.a(eh_exception.o)
                                 0x24 (size before relaxing)
 *fill*         0x080156a3        0x1 00
 .rodata._ZTIN10__cxxabiv119__foreign_exceptionE
                0x080156a4        0x8 /home/reymondo/CodeSourcery/Sourcery_G++_Lite/bin/../lib/gcc/arm-none-eabi/4.5.2/../../../../arm-none-eabi/lib/thumb2/libstdc++.a(eh_exception.o)
                0x080156a4                _ZTIN10__cxxabiv119__foreign_exceptionE
 *fill*         0x080156ac        0x4 00
 .rodata._ZTVSt13bad_exception
                0x080156b0       0x18 /home/reymondo/CodeSourcery/Sourcery_G++_Lite/bin/../lib/gcc/arm-none-eabi/4.5.2/../../../../arm-none-eabi/lib/thumb2/libstdc++.a(eh_exception.o)
                0x080156b0                _ZTVSt13bad_exception
 .rodata._ZTSSt9exception
                0x080156c8       0x10 /home/reymondo/CodeSourcery/Sourcery_G++_Lite/bin/../lib/gcc/arm-none-eabi/4.5.2/../../../../arm-none-eabi/lib/thumb2/libstdc++.a(eh_exception.o)
                0x080156c8                _ZTSSt9exception
 .rodata._ZTSN10__cxxabiv115__forced_unwindE
                0x080156d8       0x20 /home/reymondo/CodeSourcery/Sourcery_G++_Lite/bin/../lib/gcc/arm-none-eabi/4.5.2/../../../../arm-none-eabi/lib/thumb2/libstdc++.a(eh_exception.o)
                0x080156d8                _ZTSN10__cxxabiv115__forced_unwindE
 .rodata._ZTISt13bad_exception
                0x080156f8        0xc /home/reymondo/CodeSourcery/Sourcery_G++_Lite/bin/../lib/gcc/arm-none-eabi/4.5.2/../../../../arm-none-eabi/lib/thumb2/libstdc++.a(eh_exception.o)
                0x080156f8                _ZTISt13bad_exception
 *fill*         0x08015704        0x4 00
 .rodata._ZTVN10__cxxabiv120__si_class_type_infoE
                0x08015708       0x30 /home/reymondo/CodeSourcery/Sourcery_G++_Lite/bin/../lib/gcc/arm-none-eabi/4.5.2/../../../../arm-none-eabi/lib/thumb2/libstdc++.a(si_class_type_info.o)
                0x08015708                _ZTVN10__cxxabiv120__si_class_type_infoE
 .rodata._ZTIN10__cxxabiv120__si_class_type_infoE
                0x08015738        0xc /home/reymondo/CodeSourcery/Sourcery_G++_Lite/bin/../lib/gcc/arm-none-eabi/4.5.2/../../../../arm-none-eabi/lib/thumb2/libstdc++.a(si_class_type_info.o)
                0x08015738                _ZTIN10__cxxabiv120__si_class_type_infoE
 .rodata._ZTSN10__cxxabiv120__si_class_type_infoE
                0x08015744       0x28 /home/reymondo/CodeSourcery/Sourcery_G++_Lite/bin/../lib/gcc/arm-none-eabi/4.5.2/../../../../arm-none-eabi/lib/thumb2/libstdc++.a(si_class_type_info.o)
                0x08015744                _ZTSN10__cxxabiv120__si_class_type_infoE
 *fill*         0x0801576c        0x4 00
 .rodata._ZTVN10__cxxabiv117__class_type_infoE
                0x08015770       0x30 /home/reymondo/CodeSourcery/Sourcery_G++_Lite/bin/../lib/gcc/arm-none-eabi/4.5.2/../../../../arm-none-eabi/lib/thumb2/libstdc++.a(class_type_info.o)
                0x08015770                _ZTVN10__cxxabiv117__class_type_infoE
 .rodata._ZTIN10__cxxabiv117__class_type_infoE
                0x080157a0        0xc /home/reymondo/CodeSourcery/Sourcery_G++_Lite/bin/../lib/gcc/arm-none-eabi/4.5.2/../../../../arm-none-eabi/lib/thumb2/libstdc++.a(class_type_info.o)
                0x080157a0                _ZTIN10__cxxabiv117__class_type_infoE
 .rodata._ZTSN10__cxxabiv117__class_type_infoE
                0x080157ac       0x24 /home/reymondo/CodeSourcery/Sourcery_G++_Lite/bin/../lib/gcc/arm-none-eabi/4.5.2/../../../../arm-none-eabi/lib/thumb2/libstdc++.a(class_type_info.o)
                0x080157ac                _ZTSN10__cxxabiv117__class_type_infoE
 .rodata.str1.4
                0x080157d0      0x5a7 /home/reymondo/CodeSourcery/Sourcery_G++_Lite/bin/../lib/gcc/arm-none-eabi/4.5.2/../../../../arm-none-eabi/lib/thumb2/libstdc++.a(cp-demangle.o)
                                0x5b8 (size before relaxing)
 *fill*         0x08015d77        0x1 00
 .rodata._ZTISt9type_info
                0x08015d78        0x8 /home/reymondo/CodeSourcery/Sourcery_G++_Lite/bin/../lib/gcc/arm-none-eabi/4.5.2/../../../../arm-none-eabi/lib/thumb2/libstdc++.a(tinfo.o)
                0x08015d78                _ZTISt9type_info
 .rodata._ZTSSt9type_info
                0x08015d80       0x10 /home/reymondo/CodeSourcery/Sourcery_G++_Lite/bin/../lib/gcc/arm-none-eabi/4.5.2/../../../../arm-none-eabi/lib/thumb2/libstdc++.a(tinfo.o)
                0x08015d80                _ZTSSt9type_info
 .rodata._ZTVSt9type_info
                0x08015d90       0x20 /home/reymondo/CodeSourcery/Sourcery_G++_Lite/bin/../lib/gcc/arm-none-eabi/4.5.2/../../../../arm-none-eabi/lib/thumb2/libstdc++.a(tinfo.o)
                0x08015d90                _ZTVSt9type_info
 .rodata.str1.4
                0x08015db0        0x2 /home/reymondo/CodeSourcery/Sourcery_G++_Lite/bin/../lib/gcc/arm-none-eabi/4.5.2/../../../../arm-none-eabi/lib/thumb2/libc.a(lib_a-impure.o)
                                  0x4 (size before relaxing)
 *fill*         0x08015db2        0x2 00
 .rodata.str1.4
                0x08015db4       0x42 /home/reymondo/CodeSourcery/Sourcery_G++_Lite/bin/../lib/gcc/arm-none-eabi/4.5.2/../../../../arm-none-eabi/lib/thumb2/libc.a(lib_a-svfprintf.o)
                                 0x44 (size before relaxing)
 *fill*         0x08015df6        0x2 00
 .rodata.str1.4
                0x08015df8       0x10 /home/reymondo/CodeSourcery/Sourcery_G++_Lite/bin/../lib/gcc/arm-none-eabi/4.5.2/../../../../arm-none-eabi/lib/thumb2/libc.a(lib_a-dtoa.o)
                                 0x14 (size before relaxing)
 .rodata.str1.4
                0x08015e08        0x8 /home/reymondo/CodeSourcery/Sourcery_G++_Lite/bin/../lib/gcc/arm-none-eabi/4.5.2/../../../../arm-none-eabi/lib/thumb2/libc.a(lib_a-locale.o)
                                 0x14 (size before relaxing)
 .rodata.str1.4
                0x00000000       0x30 /home/reymondo/CodeSourcery/Sourcery_G++_Lite/bin/../lib/gcc/arm-none-eabi/4.5.2/../../../../arm-none-eabi/lib/thumb2/libc.a(lib_a-svfiprintf.o)
 *(.glue_7)
 .glue_7        0x00000000        0x0 linker stubs
 *(.glue_7t)
 .glue_7t       0x00000000        0x0 linker stubs
                0x08015e10                //. = ALIGN (0x4)
 //*(.ARM.extab* .gnu.linkonce.armextab.*)
                0x08015e10                . = ALIGN (0x4)
                0x08015e10                _etext = .
                0x08015e10                _sidata = _etext

.vfp11_veneer   0x08015e10        0x0
 .vfp11_veneer  0x00000000        0x0 linker stubs

.v4_bx          0x08015e10        0x0
 .v4_bx         0x00000000        0x0 linker stubs
                0x08015e10                . = ALIGN (0x4)
                0x08015e10                __exidx_start = .
                [0x08015e10]                PROVIDE (__exidx_start, __exidx_start)

.ARM.exidx      0x08015e10      0x1d8
 *(.ARM.exidx* .gnu.linkonce.armexidx.*)
 .ARM.exidx.text._ZdlPv
                0x08015ed0        0x0 /home/reymondo/CodeSourcery/Sourcery_G++_Lite/bin/../lib/gcc/arm-none-eabi/4.5.2/../../../../arm-none-eabi/lib/thumb2/libstdc++.a(del_op.o)
                                  0x8 (size before relaxing)
 .ARM.exidx.text._Znwj
                0x08015ed0        0x8 /home/reymondo/CodeSourcery/Sourcery_G++_Lite/bin/../lib/gcc/arm-none-eabi/4.5.2/../../../../arm-none-eabi/lib/thumb2/libstdc++.a(new_op.o)
 .ARM.exidx.text._ZL12read_sleb128PKhPl
                0x08015ed8        0x8 /home/reymondo/CodeSourcery/Sourcery_G++_Lite/bin/../lib/gcc/arm-none-eabi/4.5.2/../../../../arm-none-eabi/lib/thumb2/libstdc++.a(eh_personality.o)
 .ARM.exidx.text._ZL28read_encoded_value_with_basehjPKhPj
                0x08015ee0        0x8 /home/reymondo/CodeSourcery/Sourcery_G++_Lite/bin/../lib/gcc/arm-none-eabi/4.5.2/../../../../arm-none-eabi/lib/thumb2/libstdc++.a(eh_personality.o)
 .ARM.exidx.text._ZL21base_of_encoded_valuehP15_Unwind_Context
                0x08015ee8        0x8 /home/reymondo/CodeSourcery/Sourcery_G++_Lite/bin/../lib/gcc/arm-none-eabi/4.5.2/../../../../arm-none-eabi/lib/thumb2/libstdc++.a(eh_personality.o)
 .ARM.exidx.text._ZL17parse_lsda_headerP15_Unwind_ContextPKhP16lsda_header_info
                0x08015ef0        0x8 /home/reymondo/CodeSourcery/Sourcery_G++_Lite/bin/../lib/gcc/arm-none-eabi/4.5.2/../../../../arm-none-eabi/lib/thumb2/libstdc++.a(eh_personality.o)
 .ARM.exidx.text.__gxx_personality_v0
                0x08015ef8        0x8 /home/reymondo/CodeSourcery/Sourcery_G++_Lite/bin/../lib/gcc/arm-none-eabi/4.5.2/../../../../arm-none-eabi/lib/thumb2/libstdc++.a(eh_personality.o)
 .ARM.exidx.text._ZL23__gxx_exception_cleanup19_Unwind_Reason_CodeP21_Unwind_Control_Block
                0x08015f00        0x8 /home/reymondo/CodeSourcery/Sourcery_G++_Lite/bin/../lib/gcc/arm-none-eabi/4.5.2/../../../../arm-none-eabi/lib/thumb2/libstdc++.a(eh_throw.o)
 .ARM.exidx.text.__cxa_throw
                0x08015f08        0x8 /home/reymondo/CodeSourcery/Sourcery_G++_Lite/bin/../lib/gcc/arm-none-eabi/4.5.2/../../../../arm-none-eabi/lib/thumb2/libstdc++.a(eh_throw.o)
 .ARM.exidx.text.__cxa_rethrow
                0x08015f10        0x8 /home/reymondo/CodeSourcery/Sourcery_G++_Lite/bin/../lib/gcc/arm-none-eabi/4.5.2/../../../../arm-none-eabi/lib/thumb2/libstdc++.a(eh_throw.o)
 .ARM.exidx.text.__cxa_pure_virtual
                0x08015f18        0x8 /home/reymondo/CodeSourcery/Sourcery_G++_Lite/bin/../lib/gcc/arm-none-eabi/4.5.2/../../../../arm-none-eabi/lib/thumb2/libstdc++.a(pure.o)
 .ARM.exidx.text.__cxa_get_globals_fast
                0x08015f20        0x8 /home/reymondo/CodeSourcery/Sourcery_G++_Lite/bin/../lib/gcc/arm-none-eabi/4.5.2/../../../../arm-none-eabi/lib/thumb2/libstdc++.a(eh_globals.o)
 .ARM.exidx.text.__cxa_get_globals
                0x08015f28        0x0 /home/reymondo/CodeSourcery/Sourcery_G++_Lite/bin/../lib/gcc/arm-none-eabi/4.5.2/../../../../arm-none-eabi/lib/thumb2/libstdc++.a(eh_globals.o)
                                  0x8 (size before relaxing)
 .ARM.exidx.text.__cxa_begin_catch
                0x08015f28        0x8 /home/reymondo/CodeSourcery/Sourcery_G++_Lite/bin/../lib/gcc/arm-none-eabi/4.5.2/../../../../arm-none-eabi/lib/thumb2/libstdc++.a(eh_catch.o)
 .ARM.exidx.text.__cxa_end_catch
                0x08015f30        0x8 /home/reymondo/CodeSourcery/Sourcery_G++_Lite/bin/../lib/gcc/arm-none-eabi/4.5.2/../../../../arm-none-eabi/lib/thumb2/libstdc++.a(eh_catch.o)
 .ARM.exidx.text.__cxa_type_match
                0x08015f38        0x8 /home/reymondo/CodeSourcery/Sourcery_G++_Lite/bin/../lib/gcc/arm-none-eabi/4.5.2/../../../../arm-none-eabi/lib/thumb2/libstdc++.a(eh_arm.o)
 .ARM.exidx.text.__cxa_begin_cleanup
                0x08015f40        0x8 /home/reymondo/CodeSourcery/Sourcery_G++_Lite/bin/../lib/gcc/arm-none-eabi/4.5.2/../../../../arm-none-eabi/lib/thumb2/libstdc++.a(eh_arm.o)
 .ARM.exidx.text.__gnu_end_cleanup
                0x08015f48        0x0 /home/reymondo/CodeSourcery/Sourcery_G++_Lite/bin/../lib/gcc/arm-none-eabi/4.5.2/../../../../arm-none-eabi/lib/thumb2/libstdc++.a(eh_arm.o)
                                  0x8 (size before relaxing)
 .ARM.exidx.text._ZN10__cxxabiv111__terminateEPFvvE
                0x08015f48        0x8 /home/reymondo/CodeSourcery/Sourcery_G++_Lite/bin/../lib/gcc/arm-none-eabi/4.5.2/../../../../arm-none-eabi/lib/thumb2/libstdc++.a(eh_terminate.o)
 .ARM.exidx.text._ZSt9terminatev
                0x08015f50        0x8 /home/reymondo/CodeSourcery/Sourcery_G++_Lite/bin/../lib/gcc/arm-none-eabi/4.5.2/../../../../arm-none-eabi/lib/thumb2/libstdc++.a(eh_terminate.o)
 .ARM.exidx.text._ZN10__cxxabiv112__unexpectedEPFvvE
                0x08015f58        0x8 /home/reymondo/CodeSourcery/Sourcery_G++_Lite/bin/../lib/gcc/arm-none-eabi/4.5.2/../../../../arm-none-eabi/lib/thumb2/libstdc++.a(eh_terminate.o)
 .ARM.exidx.text._ZSt10unexpectedv
                0x08015f60        0x8 /home/reymondo/CodeSourcery/Sourcery_G++_Lite/bin/../lib/gcc/arm-none-eabi/4.5.2/../../../../arm-none-eabi/lib/thumb2/libstdc++.a(eh_terminate.o)
 .ARM.exidx.text.__cxa_allocate_exception
                0x08015f68        0x8 /home/reymondo/CodeSourcery/Sourcery_G++_Lite/bin/../lib/gcc/arm-none-eabi/4.5.2/../../../../arm-none-eabi/lib/thumb2/libstdc++.a(eh_alloc.o)
 .ARM.exidx.text.__cxa_free_exception
                0x08015f70        0x0 /home/reymondo/CodeSourcery/Sourcery_G++_Lite/bin/../lib/gcc/arm-none-eabi/4.5.2/../../../../arm-none-eabi/lib/thumb2/libstdc++.a(eh_alloc.o)
                                  0x8 (size before relaxing)
 .ARM.exidx.text.__cxa_call_terminate
                0x08015f70        0x0 /home/reymondo/CodeSourcery/Sourcery_G++_Lite/bin/../lib/gcc/arm-none-eabi/4.5.2/../../../../arm-none-eabi/lib/thumb2/libstdc++.a(eh_call.o)
                                  0x8 (size before relaxing)
 .ARM.exidx.text.__cxa_call_unexpected
                0x08015f70        0x8 /home/reymondo/CodeSourcery/Sourcery_G++_Lite/bin/../lib/gcc/arm-none-eabi/4.5.2/../../../../arm-none-eabi/lib/thumb2/libstdc++.a(eh_call.o)
 .ARM.exidx.text._ZNKSt9bad_alloc4whatEv
                0x08015f78        0x8 /home/reymondo/CodeSourcery/Sourcery_G++_Lite/bin/../lib/gcc/arm-none-eabi/4.5.2/../../../../arm-none-eabi/lib/thumb2/libstdc++.a(new_handler.o)
 .ARM.exidx.text._ZNSt9bad_allocD2Ev
                0x08015f80        0x0 /home/reymondo/CodeSourcery/Sourcery_G++_Lite/bin/../lib/gcc/arm-none-eabi/4.5.2/../../../../arm-none-eabi/lib/thumb2/libstdc++.a(new_handler.o)
                                  0x8 (size before relaxing)
 .ARM.exidx.text._ZNSt9bad_allocD0Ev
                0x08015f80        0x0 /home/reymondo/CodeSourcery/Sourcery_G++_Lite/bin/../lib/gcc/arm-none-eabi/4.5.2/../../../../arm-none-eabi/lib/thumb2/libstdc++.a(new_handler.o)
                                  0x8 (size before relaxing)
 .ARM.exidx.text._ZN9__gnu_cxx27__verbose_terminate_handlerEv
                0x08015f80        0x8 /home/reymondo/CodeSourcery/Sourcery_G++_Lite/bin/../lib/gcc/arm-none-eabi/4.5.2/../../../../arm-none-eabi/lib/thumb2/libstdc++.a(vterminate.o)
 .ARM.exidx.text._ZNSt9exceptionD2Ev
                0x08015f88        0x8 /home/reymondo/CodeSourcery/Sourcery_G++_Lite/bin/../lib/gcc/arm-none-eabi/4.5.2/../../../../arm-none-eabi/lib/thumb2/libstdc++.a(eh_exception.o)
 .ARM.exidx.text._ZNSt13bad_exceptionD2Ev
                0x08015f90        0x0 /home/reymondo/CodeSourcery/Sourcery_G++_Lite/bin/../lib/gcc/arm-none-eabi/4.5.2/../../../../arm-none-eabi/lib/thumb2/libstdc++.a(eh_exception.o)
                                  0x8 (size before relaxing)
 .ARM.exidx.text._ZNKSt9exception4whatEv
                0x08015f90        0x0 /home/reymondo/CodeSourcery/Sourcery_G++_Lite/bin/../lib/gcc/arm-none-eabi/4.5.2/../../../../arm-none-eabi/lib/thumb2/libstdc++.a(eh_exception.o)
                                  0x8 (size before relaxing)
 .ARM.exidx.text._ZNKSt13bad_exception4whatEv
                0x08015f90        0x0 /home/reymondo/CodeSourcery/Sourcery_G++_Lite/bin/../lib/gcc/arm-none-eabi/4.5.2/../../../../arm-none-eabi/lib/thumb2/libstdc++.a(eh_exception.o)
                                  0x8 (size before relaxing)
 .ARM.exidx.text._ZNSt13bad_exceptionD0Ev
                0x08015f90        0x0 /home/reymondo/CodeSourcery/Sourcery_G++_Lite/bin/../lib/gcc/arm-none-eabi/4.5.2/../../../../arm-none-eabi/lib/thumb2/libstdc++.a(eh_exception.o)
                                  0x8 (size before relaxing)
 .ARM.exidx.text._ZNSt9exceptionD0Ev
                0x08015f90        0x0 /home/reymondo/CodeSourcery/Sourcery_G++_Lite/bin/../lib/gcc/arm-none-eabi/4.5.2/../../../../arm-none-eabi/lib/thumb2/libstdc++.a(eh_exception.o)
                                  0x8 (size before relaxing)
 .ARM.exidx.text.__cxa_current_exception_type
                0x08015f90        0x0 /home/reymondo/CodeSourcery/Sourcery_G++_Lite/bin/../lib/gcc/arm-none-eabi/4.5.2/../../../../arm-none-eabi/lib/thumb2/libstdc++.a(eh_type.o)
                                  0x8 (size before relaxing)
 .ARM.exidx.text._ZNK10__cxxabiv120__si_class_type_info11__do_upcastEPKNS_17__class_type_infoEPKvRNS1_15__upcast_resultE
                0x08015f90        0x8 /home/reymondo/CodeSourcery/Sourcery_G++_Lite/bin/../lib/gcc/arm-none-eabi/4.5.2/../../../../arm-none-eabi/lib/thumb2/libstdc++.a(si_class_type_info.o)
 .ARM.exidx.text._ZNK10__cxxabiv120__si_class_type_info12__do_dyncastEiNS_17__class_type_info10__sub_kindEPKS1_PKvS4_S6_RNS1_16__dyncast_resultE
                0x08015f98        0x8 /home/reymondo/CodeSourcery/Sourcery_G++_Lite/bin/../lib/gcc/arm-none-eabi/4.5.2/../../../../arm-none-eabi/lib/thumb2/libstdc++.a(si_class_type_info.o)
 .ARM.exidx.text._ZNK10__cxxabiv120__si_class_type_info20__do_find_public_srcEiPKvPKNS_17__class_type_infoES2_
                0x08015fa0        0x8 /home/reymondo/CodeSourcery/Sourcery_G++_Lite/bin/../lib/gcc/arm-none-eabi/4.5.2/../../../../arm-none-eabi/lib/thumb2/libstdc++.a(si_class_type_info.o)
 .ARM.exidx.text._ZN10__cxxabiv120__si_class_type_infoD2Ev
                0x08015fa8        0x8 /home/reymondo/CodeSourcery/Sourcery_G++_Lite/bin/../lib/gcc/arm-none-eabi/4.5.2/../../../../arm-none-eabi/lib/thumb2/libstdc++.a(si_class_type_info.o)
 .ARM.exidx.text._ZN10__cxxabiv120__si_class_type_infoD0Ev
                0x08015fb0        0x0 /home/reymondo/CodeSourcery/Sourcery_G++_Lite/bin/../lib/gcc/arm-none-eabi/4.5.2/../../../../arm-none-eabi/lib/thumb2/libstdc++.a(si_class_type_info.o)
                                  0x8 (size before relaxing)
 .ARM.exidx.text._ZNK10__cxxabiv117__class_type_info11__do_upcastEPKS0_PPv
                0x08015fb0        0x8 /home/reymondo/CodeSourcery/Sourcery_G++_Lite/bin/../lib/gcc/arm-none-eabi/4.5.2/../../../../arm-none-eabi/lib/thumb2/libstdc++.a(class_type_info.o)
 .ARM.exidx.text._ZNK10__cxxabiv117__class_type_info20__do_find_public_srcEiPKvPKS0_S2_
                0x08015fb8        0x8 /home/reymondo/CodeSourcery/Sourcery_G++_Lite/bin/../lib/gcc/arm-none-eabi/4.5.2/../../../../arm-none-eabi/lib/thumb2/libstdc++.a(class_type_info.o)
 .ARM.exidx.text._ZNK10__cxxabiv117__class_type_info11__do_upcastEPKS0_PKvRNS0_15__upcast_resultE
                0x08015fc0        0x8 /home/reymondo/CodeSourcery/Sourcery_G++_Lite/bin/../lib/gcc/arm-none-eabi/4.5.2/../../../../arm-none-eabi/lib/thumb2/libstdc++.a(class_type_info.o)
 .ARM.exidx.text._ZNK10__cxxabiv117__class_type_info12__do_dyncastEiNS0_10__sub_kindEPKS0_PKvS3_S5_RNS0_16__dyncast_resultE
                0x08015fc8        0x8 /home/reymondo/CodeSourcery/Sourcery_G++_Lite/bin/../lib/gcc/arm-none-eabi/4.5.2/../../../../arm-none-eabi/lib/thumb2/libstdc++.a(class_type_info.o)
 .ARM.exidx.text._ZNK10__cxxabiv117__class_type_info10__do_catchEPKSt9type_infoPPvj
                0x08015fd0        0x8 /home/reymondo/CodeSourcery/Sourcery_G++_Lite/bin/../lib/gcc/arm-none-eabi/4.5.2/../../../../arm-none-eabi/lib/thumb2/libstdc++.a(class_type_info.o)
 .ARM.exidx.text._ZN10__cxxabiv117__class_type_infoD2Ev
                0x08015fd8        0x8 /home/reymondo/CodeSourcery/Sourcery_G++_Lite/bin/../lib/gcc/arm-none-eabi/4.5.2/../../../../arm-none-eabi/lib/thumb2/libstdc++.a(class_type_info.o)
 .ARM.exidx.text._ZN10__cxxabiv117__class_type_infoD0Ev
                0x08015fe0        0x0 /home/reymondo/CodeSourcery/Sourcery_G++_Lite/bin/../lib/gcc/arm-none-eabi/4.5.2/../../../../arm-none-eabi/lib/thumb2/libstdc++.a(class_type_info.o)
                                  0x8 (size before relaxing)
 .ARM.exidx.text._ZNSt9type_infoD2Ev
                0x08015fe0        0x8 /home/reymondo/CodeSourcery/Sourcery_G++_Lite/bin/../lib/gcc/arm-none-eabi/4.5.2/../../../../arm-none-eabi/lib/thumb2/libstdc++.a(tinfo.o)
 .ARM.exidx.text._ZNKSt9type_info14__is_pointer_pEv
                0x08015fe8        0x0 /home/reymondo/CodeSourcery/Sourcery_G++_Lite/bin/../lib/gcc/arm-none-eabi/4.5.2/../../../../arm-none-eabi/lib/thumb2/libstdc++.a(tinfo.o)
                                  0x8 (size before relaxing)
 .ARM.exidx.text._ZNKSt9type_info15__is_function_pEv
                0x08015fe8        0x0 /home/reymondo/CodeSourcery/Sourcery_G++_Lite/bin/../lib/gcc/arm-none-eabi/4.5.2/../../../../arm-none-eabi/lib/thumb2/libstdc++.a(tinfo.o)
                                  0x8 (size before relaxing)
 .ARM.exidx.text._ZNKSt9type_info11__do_upcastEPKN10__cxxabiv117__class_type_infoEPPv
                0x08015fe8        0x0 /home/reymondo/CodeSourcery/Sourcery_G++_Lite/bin/../lib/gcc/arm-none-eabi/4.5.2/../../../../arm-none-eabi/lib/thumb2/libstdc++.a(tinfo.o)
                                  0x8 (size before relaxing)
 .ARM.exidx.text._ZNSt9type_infoD0Ev
                0x08015fe8        0x0 /home/reymondo/CodeSourcery/Sourcery_G++_Lite/bin/../lib/gcc/arm-none-eabi/4.5.2/../../../../arm-none-eabi/lib/thumb2/libstdc++.a(tinfo.o)
                                  0x8 (size before relaxing)
 .ARM.exidx.text._ZNKSt9type_infoeqERKS_
                0x08015fe8        0x0 /home/reymondo/CodeSourcery/Sourcery_G++_Lite/bin/../lib/gcc/arm-none-eabi/4.5.2/../../../../arm-none-eabi/lib/thumb2/libstdc++.a(tinfo.o)
                                  0x8 (size before relaxing)
 .ARM.exidx.text._ZNKSt9type_info10__do_catchEPKS_PPvj
                0x08015fe8        0x0 /home/reymondo/CodeSourcery/Sourcery_G++_Lite/bin/../lib/gcc/arm-none-eabi/4.5.2/../../../../arm-none-eabi/lib/thumb2/libstdc++.a(tinfo.o)
                                  0x8 (size before relaxing)
 .ARM.exidx     0x08015e10       0x88 /home/reymondo/CodeSourcery/Sourcery_G++_Lite/bin/../lib/gcc/arm-none-eabi/4.5.2/thumb2/libgcc.a(unwind-arm.o)
                                 0xc0 (size before relaxing)
 .ARM.exidx     0x08015e98       0x38 /home/reymondo/CodeSourcery/Sourcery_G++_Lite/bin/../lib/gcc/arm-none-eabi/4.5.2/thumb2/libgcc.a(pr-support.o)
                                 0x48 (size before relaxing)